<html>
<body>
<pre>
<h1>�Vision Build Log</h1>
<h2>Tool Versions:</h2>
IDE-Version: ��Vision V5.24.2.0
Copyright (C) 2017 ARM Ltd and ARM Germany GmbH. All rights reserved.
License Information: 6 kkkang, 6, LIC=MPPLD-8YM5Q-NN2AF-61W2M-IAFN1-5VDP5
 
Tool Versions:
Toolchain:       MDK-ARM Plus  Version: 5.24.1
Toolchain Path:  C:\Keil_v5\ARM\ARMCC\Bin
C Compiler:      Armcc.exe V5.06 update 5 (build 528)
Assembler:       Armasm.exe V5.06 update 5 (build 528)
Linker/Locator:  ArmLink.exe V5.06 update 5 (build 528)
Library Manager: ArmAr.exe V5.06 update 5 (build 528)
Hex Converter:   FromElf.exe V5.06 update 5 (build 528)
CPU DLL:         SARMCM3.DLL V5.24.1
Dialog DLL:      DCM.DLL V1.16.0.0
Target DLL:      STLink\ST-LINKIII-KEIL_SWO.dll V3.0.1.0
Dialog DLL:      TCM.DLL V1.32.0.0
 
<h2>Project:</h2>
C:\car_demo\cube\MDK-ARM\smartcat-stm32f4.uvprojx
Project File Date:  10/02/2025

<h2>Output:</h2>
*** Using Compiler 'V5.06 update 5 (build 528)', folder: 'C:\Keil_v5\ARM\ARMCC\Bin'
Rebuild target 'smartcat-stm32f4'
assembling startup_stm32f407xx.s...
compiling spcp.c...
..\..\Core\Src\spcp.c(326): warning:  #188-D: enumerated type mixed with another type
      (*param)->type = response_buffer[response_offset++];
..\..\Core\Src\spcp.c: 1 warning, 0 errors
compiling pid.c...
compiling tern.c...
System\tern.c(42): warning:  #1035-D: single-precision operand implicitly converted to double-precision
  	float radian_angle = ((180 - side_angle * 2) * 
I) / 180.0;
System\tern.c(50): warning:  #1035-D: single-precision operand implicitly converted to double-precision
  		cos_goal_angle = (right_side * right_side + _side * _side - left_side * left_side) * 1.0/ (2 * right_side * _side);
System\tern.c: 2 warnings, 0 errors
compiling linearRegression.c...
compiling motor.c...
..\..\Core\Src\motor.c(20): warning:  #1035-D: single-precision operand implicitly converted to double-precision
          motor1.speed = -(float)(motor1.totalCount - motor1.lastCount) / (4 * 
OTOR_SPEED_RERATIO * 
ULSE_PRE_ROUND) * 10 * 
INE_SPEED_C;//算得车轮线速度每秒多少毫米
..\..\Core\Src\motor.c: 1 warning, 0 errors
compiling sg90.c...
compiling stm32f4xx_hal_msp.c...
compiling gpio.c...
compiling oled.c...
..\..\Core\Src\oled.c(143): warning:  #223-D: function "sprintf" declared implicitly
  	sprintf((char*)buffer,"%.2f",num);
..\..\Core\Src\oled.c(144): warning:  #223-D: function "printf" declared implicitly
  	printf("%.2f\n",buffer);
..\..\Core\Src\oled.c: 2 warnings, 0 errors
compiling usart.c...
compiling ms200.c...
..\..\Core\Src\ms200.c(89): warning:  #1035-D: single-precision operand implicitly converted to double-precision
  						if(current_angle > 36000.0) current_angle -= 36000.0;
..\..\Core\Src\ms200.c(89): warning:  #1035-D: single-precision operand implicitly converted to double-precision
  						if(current_angle > 36000.0) current_angle -= 36000.0;
..\..\Core\Src\ms200.c(98): warning:  #1035-D: single-precision operand implicitly converted to double-precision
  						if(current_angle > 36000.0) current_angle -= 36000.0;
..\..\Core\Src\ms200.c(98): warning:  #1035-D: single-precision operand implicitly converted to double-precision
  						if(current_angle > 36000.0) current_angle -= 36000.0;
..\..\Core\Src\ms200.c: 4 warnings, 0 errors
compiling stm32f4xx_it.c...
compiling tim.c...
compiling main.c...
../../Core/Src/main.c(308): warning:  #940-D: missing return statement at end of non-void function "leidaqv9zhi" 
  }
../../Core/Src/main.c(335): warning:  #1035-D: single-precision operand implicitly converted to double-precision
      if (a*b*c < 1e-6) return 0.0f;
../../Core/Src/main.c(318): warning:  #550-D: variable "angle_pid"  was set but never used
  static pid_handle angle_pid;
../../Core/Src/main.c: 3 warnings, 0 errors
compiling stm32f4xx_hal_pwr.c...
compiling stm32f4xx_hal_dma.c...
compiling stm32f4xx_hal_flash.c...
compiling stm32f4xx_hal_gpio.c...
compiling stm32f4xx_hal_flash_ramfunc.c...
compiling stm32f4xx_hal_flash_ex.c...
compiling stm32f4xx_hal_dma_ex.c...
compiling stm32f4xx_hal_rcc.c...
compiling stm32f4xx_hal_rcc_ex.c...
compiling stm32f4xx_hal_tim_ex.c...
compiling stm32f4xx_hal_tim.c...
compiling stm32f4xx_hal_pwr_ex.c...
compiling stm32f4xx_hal_cortex.c...
compiling stm32f4xx_hal.c...
compiling stm32f4xx_hal_exti.c...
compiling system_stm32f4xx.c...
compiling stm32f4xx_hal_uart.c...
linking...
Program Size: Code=25182 RO-data=3882 RW-data=280 ZI-data=9088  
FromELF: creating hex file...
"smartcat-stm32f4\smartcat-stm32f4.axf" - 0 Error(s), 13 Warning(s).

<h2>Software Packages used:</h2>

Package Vendor: ARM
                http://www.keil.com/pack/ARM.CMSIS.5.0.1.pack
                ARM.CMSIS.5.0.1
                CMSIS (Cortex Microcontroller Software Interface Standard)
   * Component: CORE Version: 5.0.1

Package Vendor: Keil
                http://www.keil.com/pack/Keil.STM32F4xx_DFP.2.14.0.pack
                Keil.STM32F4xx_DFP.2.14.0
                STMicroelectronics STM32F4 Series Device Support, Drivers and Examples

<h2>Collection of Component include folders:</h2>
  .\RTE\_smartcat-stm32f4
  C:\Keil_v5\ARM\PACK\ARM\CMSIS\5.0.1\CMSIS\Include
  C:\Keil_v5\ARM\PACK\Keil\STM32F4xx_DFP\2.14.0\Drivers\CMSIS\Device\ST\STM32F4xx\Include

<h2>Collection of Component Files used:</h2>

   * Component: ARM::CMSIS:CORE:5.0.1
Build Time Elapsed:  00:00:11
</pre>
</body>
</html>
