Component: ARM Compiler 5.06 update 7 (build 960) Tool: armlink [4d3601]

==============================================================================

Section Cross References

    startup_stm32f407xx.o(RESET) refers to startup_stm32f407xx.o(STACK) for __initial_sp
    startup_stm32f407xx.o(RESET) refers to startup_stm32f407xx.o(.text) for Reset_Handler
    startup_stm32f407xx.o(RESET) refers to stm32f4xx_it.o(i.NMI_Handler) for NMI_Handler
    startup_stm32f407xx.o(RESET) refers to stm32f4xx_it.o(i.HardFault_Handler) for HardFault_Handler
    startup_stm32f407xx.o(RESET) refers to stm32f4xx_it.o(i.MemManage_Handler) for MemManage_Handler
    startup_stm32f407xx.o(RESET) refers to stm32f4xx_it.o(i.BusFault_Handler) for BusFault_Handler
    startup_stm32f407xx.o(RESET) refers to stm32f4xx_it.o(i.UsageFault_Handler) for UsageFault_Handler
    startup_stm32f407xx.o(RESET) refers to stm32f4xx_it.o(i.SVC_Handler) for SVC_Handler
    startup_stm32f407xx.o(RESET) refers to stm32f4xx_it.o(i.DebugMon_Handler) for DebugMon_Handler
    startup_stm32f407xx.o(RESET) refers to stm32f4xx_it.o(i.PendSV_Handler) for PendSV_Handler
    startup_stm32f407xx.o(RESET) refers to stm32f4xx_it.o(i.SysTick_Handler) for SysTick_Handler
    startup_stm32f407xx.o(RESET) refers to stm32f4xx_it.o(i.TIM3_IRQHandler) for TIM3_IRQHandler
    startup_stm32f407xx.o(RESET) refers to stm32f4xx_it.o(i.USART1_IRQHandler) for USART1_IRQHandler
    startup_stm32f407xx.o(RESET) refers to stm32f4xx_it.o(i.USART2_IRQHandler) for USART2_IRQHandler
    startup_stm32f407xx.o(RESET) refers to stm32f4xx_it.o(i.TIM5_IRQHandler) for TIM5_IRQHandler
    startup_stm32f407xx.o(RESET) refers to stm32f4xx_it.o(i.UART5_IRQHandler) for UART5_IRQHandler
    startup_stm32f407xx.o(.text) refers to system_stm32f4xx.o(i.SystemInit) for SystemInit
    startup_stm32f407xx.o(.text) refers to entry.o(.ARM.Collect$$$$00000000) for __main
    sg90.o(i.SG90_Init) refers to stm32f4xx_hal_tim_ex.o(i.HAL_TIMEx_PWMN_Start) for HAL_TIMEx_PWMN_Start
    sg90.o(i.SG90_Init) refers to tim.o(.bss) for htim8
    sg90.o(i.SG90_SetAngle) refers to tim.o(.bss) for htim8
    ms200.o(i.ComputeCRC8) refers to ms200.o(.constdata) for .constdata
    ms200.o(i.MS200_GetPointsData) refers to ms200.o(.bss) for .bss
    ms200.o(i.MS200_Init) refers to stm32f4xx_hal_uart.o(i.HAL_UART_Receive_IT) for HAL_UART_Receive_IT
    ms200.o(i.MS200_Init) refers to ms200.o(.data) for .data
    ms200.o(i.MS200_Init) refers to usart.o(.bss) for huart5
    ms200.o(i.MS200_ReceiveProcess) refers to memseta.o(.text) for __aeabi_memclr4
    ms200.o(i.MS200_ReceiveProcess) refers to memcmp.o(.text) for memcmp
    ms200.o(i.MS200_ReceiveProcess) refers to ms200.o(i.ComputeCRC8) for ComputeCRC8
    ms200.o(i.MS200_ReceiveProcess) refers to stm32f4xx_hal_uart.o(i.HAL_UART_Receive_IT) for HAL_UART_Receive_IT
    ms200.o(i.MS200_ReceiveProcess) refers to ms200.o(.data) for .data
    ms200.o(i.MS200_ReceiveProcess) refers to ms200.o(.bss) for .bss
    ms200.o(i.MS200_ReceiveProcess) refers to ms200.o(.constdata) for .constdata
    ms200.o(i.MS200_ReceiveProcess) refers to usart.o(.bss) for huart5
    oled.o(i.OLED_Clear) refers to oled.o(i.OLED_Refresh_Gram) for OLED_Refresh_Gram
    oled.o(i.OLED_Clear) refers to oled.o(.bss) for .bss
    oled.o(i.OLED_Display) refers to oled.o(i.OLED_Display_On) for OLED_Display_On
    oled.o(i.OLED_Display) refers to oled.o(i.OLED_Refresh_Gram) for OLED_Refresh_Gram
    oled.o(i.OLED_Display_Off) refers to oled.o(i.OLED_WR_Byte) for OLED_WR_Byte
    oled.o(i.OLED_Display_On) refers to oled.o(i.OLED_WR_Byte) for OLED_WR_Byte
    oled.o(i.OLED_DrawPoint) refers to oled.o(.bss) for .bss
    oled.o(i.OLED_Init) refers to stm32f4xx_hal_gpio.o(i.HAL_GPIO_WritePin) for HAL_GPIO_WritePin
    oled.o(i.OLED_Init) refers to oled.o(i.OLED_WR_Byte) for OLED_WR_Byte
    oled.o(i.OLED_Init) refers to oled.o(i.OLED_Clear) for OLED_Clear
    oled.o(i.OLED_Refresh_Gram) refers to oled.o(i.OLED_WR_Byte) for OLED_WR_Byte
    oled.o(i.OLED_Refresh_Gram) refers to oled.o(.bss) for .bss
    oled.o(i.OLED_ShowChar) refers to oled.o(i.OLED_DrawPoint) for OLED_DrawPoint
    oled.o(i.OLED_ShowChar) refers to oled.o(.constdata) for .constdata
    oled.o(i.OLED_ShowFloat) refers to f2d.o(.text) for __aeabi_f2d
    oled.o(i.OLED_ShowFloat) refers to printfa.o(i.__0sprintf) for __2sprintf
    oled.o(i.OLED_ShowFloat) refers to printfa.o(i.__0printf) for __2printf
    oled.o(i.OLED_ShowFloat) refers to oled.o(i.OLED_ShowString) for OLED_ShowString
    oled.o(i.OLED_ShowNumber) refers to oled.o(i.oled_pow) for oled_pow
    oled.o(i.OLED_ShowNumber) refers to oled.o(i.OLED_ShowChar) for OLED_ShowChar
    oled.o(i.OLED_ShowString) refers to oled.o(i.OLED_Clear) for OLED_Clear
    oled.o(i.OLED_ShowString) refers to oled.o(i.OLED_ShowChar) for OLED_ShowChar
    oled.o(i.OLED_WR_Byte) refers to stm32f4xx_hal_gpio.o(i.HAL_GPIO_WritePin) for HAL_GPIO_WritePin
[...]
    ..\..\Drivers\STM32F4xx_HAL_Driver\Src\stm32f4xx_hal_tim_ex.c 0x00000000   Number         0  stm32f4xx_hal_tim_ex.o ABSOLUTE
    ..\..\Drivers\STM32F4xx_HAL_Driver\Src\stm32f4xx_hal_uart.c 0x00000000   Number         0  stm32f4xx_hal_uart.o ABSOLUTE
    ..\\..\\Core\\Src\\motor.c               0x00000000   Number         0  motor.o ABSOLUTE
    ..\\..\\Core\\Src\\ms200.c               0x00000000   Number         0  ms200.o ABSOLUTE
    ..\\..\\Core\\Src\\oled.c                0x00000000   Number         0  oled.o ABSOLUTE
    ..\\..\\Core\\Src\\sg90.c                0x00000000   Number         0  sg90.o ABSOLUTE
    System\\linearRegression.c               0x00000000   Number         0  linearregression.o ABSOLUTE
    System\linearRegression.c                0x00000000   Number         0  linearregression.o ABSOLUTE
    System\tern.c                            0x00000000   Number         0  tern.o ABSOLUTE
    cdcmple.s                                0x00000000   Number         0  cdcmple.o ABSOLUTE
    cdrcmple.s                               0x00000000   Number         0  cdrcmple.o ABSOLUTE
    dc.s                                     0x00000000   Number         0  dc.o ABSOLUTE
    handlers.s                               0x00000000   Number         0  handlers.o ABSOLUTE
    init.s                                   0x00000000   Number         0  init.o ABSOLUTE
    startup_stm32f407xx.s                    0x00000000   Number         0  startup_stm32f407xx.o ABSOLUTE
    RESET                                    0x08000000   Section      392  startup_stm32f407xx.o(RESET)
    .ARM.Collect$$$$00000000                 0x08000188   Section        0  entry.o(.ARM.Collect$$$$00000000)
    .ARM.Collect$$$$00000001                 0x08000188   Section        4  entry2.o(.ARM.Collect$$$$00000001)
    .ARM.Collect$$$$00000004                 0x0800018c   Section        4  entry5.o(.ARM.Collect$$$$00000004)
    .ARM.Collect$$$$00000008                 0x08000190   Section        0  entry7b.o(.ARM.Collect$$$$00000008)
    .ARM.Collect$$$$0000000A                 0x08000190   Section        0  entry8b.o(.ARM.Collect$$$$0000000A)
    .ARM.Collect$$$$0000000B                 0x08000190   Section        8  entry9a.o(.ARM.Collect$$$$0000000B)
    .ARM.Collect$$$$0000000E                 0x08000198   Section        4  entry12b.o(.ARM.Collect$$$$0000000E)
    .ARM.Collect$$$$0000000F                 0x0800019c   Section        0  entry10a.o(.ARM.Collect$$$$0000000F)
    .ARM.Collect$$$$00000011                 0x0800019c   Section        0  entry11a.o(.ARM.Collect$$$$00000011)
    .ARM.Collect$$$$00002712                 0x0800019c   Section        4  entry2.o(.ARM.Collect$$$$00002712)
    __lit__00000000                          0x0800019c   Data           4  entry2.o(.ARM.Collect$$$$00002712)
    .text                                    0x080001a0   Section       36  startup_stm32f407xx.o(.text)
    $v0                                      0x080001a0   Number         0  startup_stm32f407xx.o(.text)
    .text                                    0x080001c4   Section        0  uldiv.o(.text)
    .text                                    0x08000226   Section        0  memcpya.o(.text)
    .text                                    0x0800024a   Section        0  memseta.o(.text)
    .text                                    0x0800026e   Section        0  memcmp.o(.text)
    .text                                    0x08000288   Section        0  dadd.o(.text)
    .text                                    0x080003d6   Section        0  dmul.o(.text)
    .text                                    0x080004ba   Section        0  ddiv.o(.text)
    .text                                    0x08000598   Section        0  dflti.o(.text)
    .text                                    0x080005ba   Section        0  f2d.o(.text)
    .text                                    0x080005e0   Section       48  cdrcmple.o(.text)
    .text                                    0x08000610   Section        0  d2f.o(.text)
    .text                                    0x08000648   Section        0  uidiv.o(.text)
    .text                                    0x08000674   Section        0  llshl.o(.text)
    .text                                    0x08000692   Section        0  llushr.o(.text)
    .text                                    0x080006b2   Section        0  llsshr.o(.text)
    .text                                    0x080006d6   Section        0  fepilogue.o(.text)
    .text                                    0x080006d6   Section        0  iusefp.o(.text)
    .text                                    0x08000744   Section        0  depilogue.o(.text)
    .text                                    0x080007fe   Section        0  dscalb.o(.text)
    .text                                    0x0800082c   Section        0  dsqrt.o(.text)
    .text                                    0x080008ce   Section        0  dfixul.o(.text)
    .text                                    0x08000900   Section       36  init.o(.text)
    .text                                    0x08000924   Section        0  dfltui.o(.text)
    .text                                    0x0800093e   Section        0  dfixi.o(.text)
    i.BusFault_Handler                       0x0800097c   Section        0  stm32f4xx_it.o(i.BusFault_Handler)
    i.ComputeCRC8                            0x08000980   Section        0  ms200.o(i.ComputeCRC8)
    i.DebugMon_Handler                       0x080009a0   Section        0  stm32f4xx_it.o(i.DebugMon_Handler)
    i.Error_Handler                          0x080009a2   Section        0  main.o(i.Error_Handler)
    i.HAL_DMA_Abort                          0x080009a6   Section        0  stm32f4xx_hal_dma.o(i.HAL_DMA_Abort)
    i.HAL_DMA_Abort_IT                       0x08000a38   Section        0  stm32f4xx_hal_dma.o(i.HAL_DMA_Abort_IT)
    i.HAL_GPIO_Init                          0x08000a5c   Section        0  stm32f4xx_hal_gpio.o(i.HAL_GPIO_Init)
    i.HAL_GPIO_WritePin                      0x08000c4c   Section        0  stm32f4xx_hal_gpio.o(i.HAL_GPIO_WritePin)
    i.HAL_GetTick                            0x08000c58   Section        0  stm32f4xx_hal.o(i.HAL_GetTick)
    i.HAL_IncTick                            0x08000c64   Section        0  stm32f4xx_hal.o(i.HAL_IncTick)
    i.HAL_Init                               0x08000c74   Section        0  stm32f4xx_hal.o(i.HAL_Init)
    i.HAL_InitTick                           0x08000ca8   Section        0  stm32f4xx_hal.o(i.HAL_InitTick)
    i.HAL_MspInit                            0x08000ce8   Section        0  stm32f4xx_hal_msp.o(i.HAL_MspInit)
    i.HAL_NVIC_EnableIRQ                     0x08000d18   Section        0  stm32f4xx_hal_cortex.o(i.HAL_NVIC_EnableIRQ)
    i.HAL_NVIC_SetPriority                   0x08000d34   Section        0  stm32f4xx_hal_cortex.o(i.HAL_NVIC_SetPriority)
    i.HAL_NVIC_SetPriorityGrouping           0x08000d74   Section        0  stm32f4xx_hal_cortex.o(i.HAL_NVIC_SetPriorityGrouping)
    i.HAL_RCC_ClockConfig                    0x08000d98   Section        0  stm32f4xx_hal_rcc.o(i.HAL_RCC_ClockConfig)
    i.HAL_RCC_GetPCLK1Freq                   0x08000ecc   Section        0  stm32f4xx_hal_rcc.o(i.HAL_RCC_GetPCLK1Freq)
    i.HAL_RCC_GetPCLK2Freq                   0x08000eec   Section        0  stm32f4xx_hal_rcc.o(i.HAL_RCC_GetPCLK2Freq)
    i.HAL_RCC_GetSysClockFreq                0x08000f0c   Section        0  stm32f4xx_hal_rcc.o(i.HAL_RCC_GetSysClockFreq)
    i.HAL_RCC_OscConfig                      0x08000f6c   Section        0  stm32f4xx_hal_rcc.o(i.HAL_RCC_OscConfig)
    i.HAL_SYSTICK_Config                     0x080012d8   Section        0  stm32f4xx_hal_cortex.o(i.HAL_SYSTICK_Config)
    i.HAL_TIMEx_BreakCallback                0x08001300   Section        0  stm32f4xx_hal_tim_ex.o(i.HAL_TIMEx_BreakCallback)
    i.HAL_TIMEx_CommutCallback               0x08001302   Section        0  stm32f4xx_hal_tim_ex.o(i.HAL_TIMEx_CommutCallback)
    i.HAL_TIMEx_ConfigBreakDeadTime          0x08001304   Section        0  stm32f4xx_hal_tim_ex.o(i.HAL_TIMEx_ConfigBreakDeadTime)
    i.HAL_TIMEx_MasterConfigSynchronization  0x08001358   Section        0  stm32f4xx_hal_tim_ex.o(i.HAL_TIMEx_MasterConfigSynchronization)
    i.HAL_TIMEx_PWMN_Start                   0x080013e8   Section        0  stm32f4xx_hal_tim_ex.o(i.HAL_TIMEx_PWMN_Start)
    i.HAL_TIM_Base_Init                      0x080014a8   Section        0  stm32f4xx_hal_tim.o(i.HAL_TIM_Base_Init)
    i.HAL_TIM_Base_MspInit                   0x08001504   Section        0  tim.o(i.HAL_TIM_Base_MspInit)
    i.HAL_TIM_Base_Start_IT                  0x080015b8   Section        0  stm32f4xx_hal_tim.o(i.HAL_TIM_Base_Start_IT)
    i.HAL_TIM_ConfigClockSource              0x08001638   Section        0  stm32f4xx_hal_tim.o(i.HAL_TIM_ConfigClockSource)
    i.HAL_TIM_Encoder_Init                   0x08001714   Section        0  stm32f4xx_hal_tim.o(i.HAL_TIM_Encoder_Init)
    i.HAL_TIM_Encoder_MspInit                0x080017b8   Section        0  tim.o(i.HAL_TIM_Encoder_MspInit)
    i.HAL_TIM_Encoder_Start                  0x0800182c   Section        0  stm32f4xx_hal_tim.o(i.HAL_TIM_Encoder_Start)
    i.HAL_TIM_IC_CaptureCallback             0x080018ba   Section        0  stm32f4xx_hal_tim.o(i.HAL_TIM_IC_CaptureCallback)
    i.HAL_TIM_IRQHandler                     0x080018bc   Section        0  stm32f4xx_hal_tim.o(i.HAL_TIM_IRQHandler)
    i.HAL_TIM_MspPostInit                    0x080019ec   Section        0  tim.o(i.HAL_TIM_MspPostInit)
    i.HAL_TIM_OC_DelayElapsedCallback        0x08001a94   Section        0  stm32f4xx_hal_tim.o(i.HAL_TIM_OC_DelayElapsedCallback)
    i.HAL_TIM_PWM_ConfigChannel              0x08001a96   Section        0  stm32f4xx_hal_tim.o(i.HAL_TIM_PWM_ConfigChannel)
    i.HAL_TIM_PWM_Init                       0x08001b62   Section        0  stm32f4xx_hal_tim.o(i.HAL_TIM_PWM_Init)
    i.HAL_TIM_PWM_MspInit                    0x08001bbc   Section        0  stm32f4xx_hal_tim.o(i.HAL_TIM_PWM_MspInit)
    i.HAL_TIM_PWM_PulseFinishedCallback      0x08001bbe   Section        0  stm32f4xx_hal_tim.o(i.HAL_TIM_PWM_PulseFinishedCallback)
    i.HAL_TIM_PWM_Start                      0x08001bc0   Section        0  stm32f4xx_hal_tim.o(i.HAL_TIM_PWM_Start)
    i.HAL_TIM_PeriodElapsedCallback          0x08001c88   Section        0  motor.o(i.HAL_TIM_PeriodElapsedCallback)
    i.HAL_TIM_TriggerCallback                0x08001d3c   Section        0  stm32f4xx_hal_tim.o(i.HAL_TIM_TriggerCallback)
    i.HAL_UARTEx_RxEventCallback             0x08001d3e   Section        0  stm32f4xx_hal_uart.o(i.HAL_UARTEx_RxEventCallback)
    i.HAL_UART_ErrorCallback                 0x08001d40   Section        0  stm32f4xx_hal_uart.o(i.HAL_UART_ErrorCallback)
    i.HAL_UART_IRQHandler                    0x08001d44   Section        0  stm32f4xx_hal_uart.o(i.HAL_UART_IRQHandler)
    i.HAL_UART_Init                          0x08001fb4   Section        0  stm32f4xx_hal_uart.o(i.HAL_UART_Init)
    i.HAL_UART_MspInit                       0x08002018   Section        0  usart.o(i.HAL_UART_MspInit)
    i.HAL_UART_Receive_IT                    0x08002164   Section        0  stm32f4xx_hal_uart.o(i.HAL_UART_Receive_IT)
    i.HAL_UART_RxCpltCallback                0x08002180   Section        0  main.o(i.HAL_UART_RxCpltCallback)
    i.HAL_UART_Transmit                      0x08002194   Section        0  stm32f4xx_hal_uart.o(i.HAL_UART_Transmit)
    i.HAL_UART_TxCpltCallback                0x08002234   Section        0  stm32f4xx_hal_uart.o(i.HAL_UART_TxCpltCallback)
    i.HardFault_Handler                      0x08002236   Section        0  stm32f4xx_it.o(i.HardFault_Handler)
    i.MOTOR_Init                             0x08002238   Section        0  motor.o(i.MOTOR_Init)
    i.MOTOR_SetSpeed                         0x080022a0   Section        0  motor.o(i.MOTOR_SetSpeed)
    i.MS200_GetPointsData                    0x080022dc   Section        0  ms200.o(i.MS200_GetPointsData)
    i.MS200_Init                             0x080022e4   Section        0  ms200.o(i.MS200_Init)
    i.MS200_ReceiveProcess                   0x080022f8   Section        0  ms200.o(i.MS200_ReceiveProcess)
    i.MX_GPIO_Init                           0x080024ac   Section        0  gpio.o(i.MX_GPIO_Init)
    i.MX_TIM1_Init                           0x08002590   Section        0  tim.o(i.MX_TIM1_Init)
    i.MX_TIM3_Init                           0x08002670   Section        0  tim.o(i.MX_TIM3_Init)
    i.MX_TIM5_Init                           0x080026dc   Section        0  tim.o(i.MX_TIM5_Init)
    i.MX_TIM8_Init                           0x0800274c   Section        0  tim.o(i.MX_TIM8_Init)
    i.MX_UART5_Init                          0x08002818   Section        0  usart.o(i.MX_UART5_Init)
    i.MX_USART1_UART_Init                    0x08002850   Section        0  usart.o(i.MX_USART1_UART_Init)
    i.MX_USART2_UART_Init                    0x08002888   Section        0  usart.o(i.MX_USART2_UART_Init)
    i.MemManage_Handler                      0x080028c0   Section        0  stm32f4xx_it.o(i.MemManage_Handler)
    i.NMI_Handler                            0x080028c2   Section        0  stm32f4xx_it.o(i.NMI_Handler)
    i.OLED_Clear                             0x080028c4   Section        0  oled.o(i.OLED_Clear)
    i.OLED_Display                           0x080028f0   Section        0  oled.o(i.OLED_Display)
    i.OLED_Display_On                        0x080028fe   Section        0  oled.o(i.OLED_Display_On)
    i.OLED_DrawPoint                         0x0800291c   Section        0  oled.o(i.OLED_DrawPoint)
    i.OLED_Init                              0x08002958   Section        0  oled.o(i.OLED_Init)
    i.OLED_Refresh_Gram                      0x08002a48   Section        0  oled.o(i.OLED_Refresh_Gram)
    i.OLED_ShowChar                          0x08002a94   Section        0  oled.o(i.OLED_ShowChar)
    i.OLED_ShowFloat                         0x08002b24   Section        0  oled.o(i.OLED_ShowFloat)
    i.OLED_ShowString                        0x08002b68   Section        0  oled.o(i.OLED_ShowString)
    i.OLED_WR_Byte                           0x08002ba8   Section        0  oled.o(i.OLED_WR_Byte)
    i.PendSV_Handler                         0x08002c14   Section        0  stm32f4xx_it.o(i.PendSV_Handler)
    i.SG90_Init                              0x08002c18   Section        0  sg90.o(i.SG90_Init)
    i.SG90_SetAngle                          0x08002c24   Section        0  sg90.o(i.SG90_SetAngle)
    i.SVC_Handler                            0x08002c58   Section        0  stm32f4xx_it.o(i.SVC_Handler)
    i.Servo_Control                          0x08002c5c   Section        0  main.o(i.Servo_Control)
    i.Speed_Control                          0x08002c88   Section        0  main.o(i.Speed_Control)
    i.SysTick_Handler                        0x08002c94   Section        0  stm32f4xx_it.o(i.SysTick_Handler)
    i.SystemClock_Config                     0x08002c98   Section        0  main.o(i.SystemClock_Config)
    i.SystemInit                             0x08002d2c   Section        0  system_stm32f4xx.o(i.SystemInit)
    i.TIM3_IRQHandler                        0x08002d3c   Section        0  stm32f4xx_it.o(i.TIM3_IRQHandler)
    i.TIM5_IRQHandler                        0x08002d48   Section        0  stm32f4xx_it.o(i.TIM5_IRQHandler)
    i.TIM_Base_SetConfig                     0x08002d54   Section        0  stm32f4xx_hal_tim.o(i.TIM_Base_SetConfig)
    i.TIM_CCxChannelCmd                      0x08002e2c   Section        0  stm32f4xx_hal_tim.o(i.TIM_CCxChannelCmd)
    i.TIM_CCxNChannelCmd                     0x08002e46   Section        0  stm32f4xx_hal_tim_ex.o(i.TIM_CCxNChannelCmd)
    TIM_CCxNChannelCmd                       0x08002e47   Thumb Code    26  stm32f4xx_hal_tim_ex.o(i.TIM_CCxNChannelCmd)
    i.TIM_ETR_SetConfig                      0x08002e60   Section        0  stm32f4xx_hal_tim.o(i.TIM_ETR_SetConfig)
    i.TIM_ITRx_SetConfig                     0x08002e74   Section        0  stm32f4xx_hal_tim.o(i.TIM_ITRx_SetConfig)
    TIM_ITRx_SetConfig                       0x08002e75   Thumb Code    16  stm32f4xx_hal_tim.o(i.TIM_ITRx_SetConfig)
    i.TIM_OC1_SetConfig                      0x08002e84   Section        0  stm32f4xx_hal_tim.o(i.TIM_OC1_SetConfig)
    TIM_OC1_SetConfig                        0x08002e85   Thumb Code    88  stm32f4xx_hal_tim.o(i.TIM_OC1_SetConfig)
    i.TIM_OC2_SetConfig                      0x08002ee4   Section        0  stm32f4xx_hal_tim.o(i.TIM_OC2_SetConfig)
    i.TIM_OC3_SetConfig                      0x08002f50   Section        0  stm32f4xx_hal_tim.o(i.TIM_OC3_SetConfig)
    TIM_OC3_SetConfig                        0x08002f51   Thumb Code    96  stm32f4xx_hal_tim.o(i.TIM_OC3_SetConfig)
    i.TIM_OC4_SetConfig                      0x08002fb8   Section        0  stm32f4xx_hal_tim.o(i.TIM_OC4_SetConfig)
    TIM_OC4_SetConfig                        0x08002fb9   Thumb Code    70  stm32f4xx_hal_tim.o(i.TIM_OC4_SetConfig)
    i.TIM_TI1_ConfigInputStage               0x08003008   Section        0  stm32f4xx_hal_tim.o(i.TIM_TI1_ConfigInputStage)
    TIM_TI1_ConfigInputStage                 0x08003009   Thumb Code    34  stm32f4xx_hal_tim.o(i.TIM_TI1_ConfigInputStage)
    i.TIM_TI2_ConfigInputStage               0x0800302a   Section        0  stm32f4xx_hal_tim.o(i.TIM_TI2_ConfigInputStage)
    TIM_TI2_ConfigInputStage                 0x0800302b   Thumb Code    36  stm32f4xx_hal_tim.o(i.TIM_TI2_ConfigInputStage)
    i.UART5_IRQHandler                       0x08003050   Section        0  stm32f4xx_it.o(i.UART5_IRQHandler)
    i.UART_DMAAbortOnError                   0x0800305c   Section        0  stm32f4xx_hal_uart.o(i.UART_DMAAbortOnError)
    UART_DMAAbortOnError                     0x0800305d   Thumb Code    16  stm32f4xx_hal_uart.o(i.UART_DMAAbortOnError)
    i.UART_EndRxTransfer                     0x0800306c   Section        0  stm32f4xx_hal_uart.o(i.UART_EndRxTransfer)
    UART_EndRxTransfer                       0x0800306d   Thumb Code    78  stm32f4xx_hal_uart.o(i.UART_EndRxTransfer)
    i.UART_Receive_IT                        0x080030ba   Section        0  stm32f4xx_hal_uart.o(i.UART_Receive_IT)
    UART_Receive_IT                          0x080030bb   Thumb Code   194  stm32f4xx_hal_uart.o(i.UART_Receive_IT)
    i.UART_SetConfig                         0x0800317c   Section        0  stm32f4xx_hal_uart.o(i.UART_SetConfig)
    UART_SetConfig                           0x0800317d   Thumb Code   258  stm32f4xx_hal_uart.o(i.UART_SetConfig)
    i.UART_Start_Receive_IT                  0x08003288   Section        0  stm32f4xx_hal_uart.o(i.UART_Start_Receive_IT)
    i.UART_WaitOnFlagUntilTimeout            0x080032be   Section        0  stm32f4xx_hal_uart.o(i.UART_WaitOnFlagUntilTimeout)
    UART_WaitOnFlagUntilTimeout              0x080032bf   Thumb Code   114  stm32f4xx_hal_uart.o(i.UART_WaitOnFlagUntilTimeout)
    i.USART1_IRQHandler                      0x08003330   Section        0  stm32f4xx_it.o(i.USART1_IRQHandler)
    i.USART2_IRQHandler                      0x0800333c   Section        0  stm32f4xx_it.o(i.USART2_IRQHandler)
    i.UsageFault_Handler                     0x08003348   Section        0  stm32f4xx_it.o(i.UsageFault_Handler)
    i.__0printf                              0x0800334c   Section        0  printfa.o(i.__0printf)
    i.__0sprintf                             0x0800336c   Section        0  printfa.o(i.__0sprintf)
    i.__ARM_fpclassify                       0x08003394   Section        0  fpclassify.o(i.__ARM_fpclassify)
    i.__NVIC_SetPriority                     0x080033c4   Section        0  stm32f4xx_hal_cortex.o(i.__NVIC_SetPriority)
    __NVIC_SetPriority                       0x080033c5   Thumb Code    32  stm32f4xx_hal_cortex.o(i.__NVIC_SetPriority)
    i.__hardfp_acos                          0x080033e8   Section        0  acos.o(i.__hardfp_acos)
    i.__hardfp_cos                           0x08003740   Section        0  cos.o(i.__hardfp_cos)
    i.__hardfp_pow                           0x08003808   Section        0  pow.o(i.__hardfp_pow)
    i.__hardfp_sqrt                          0x08004458   Section        0  sqrt.o(i.__hardfp_sqrt)
    i.__ieee754_rem_pio2                     0x080044d8   Section        0  rred.o(i.__ieee754_rem_pio2)
    i.__kernel_cos                           0x08004910   Section        0  cos_i.o(i.__kernel_cos)
    i.__kernel_poly                          0x08004a80   Section        0  poly.o(i.__kernel_poly)
    i.__kernel_sin                           0x08004b78   Section        0  sin_i.o(i.__kernel_sin)
    i.__mathlib_dbl_divzero                  0x08004ca8   Section        0  dunder.o(i.__mathlib_dbl_divzero)
    i.__mathlib_dbl_infnan                   0x08004cd8   Section        0  dunder.o(i.__mathlib_dbl_infnan)
    i.__mathlib_dbl_infnan2                  0x08004cec   Section        0  dunder.o(i.__mathlib_dbl_infnan2)
    i.__mathlib_dbl_invalid                  0x08004d00   Section        0  dunder.o(i.__mathlib_dbl_invalid)
    i.__mathlib_dbl_overflow                 0x08004d20   Section        0  dunder.o(i.__mathlib_dbl_overflow)
    i.__mathlib_dbl_underflow                0x08004d40   Section        0  dunder.o(i.__mathlib_dbl_underflow)
    i.__scatterload_copy                     0x08004d60   Section       14  handlers.o(i.__scatterload_copy)
    i.__scatterload_null                     0x08004d6e   Section        2  handlers.o(i.__scatterload_null)
    i.__scatterload_zeroinit                 0x08004d70   Section       14  handlers.o(i.__scatterload_zeroinit)
    i.__set_errno                            0x08004d80   Section        0  errno.o(i.__set_errno)
    i._fp_digits                             0x08004d8c   Section        0  printfa.o(i._fp_digits)
    _fp_digits                               0x08004d8d   Thumb Code   366  printfa.o(i._fp_digits)
    i._printf_core                           0x08004f10   Section        0  printfa.o(i._printf_core)
    _printf_core                             0x08004f11   Thumb Code  1704  printfa.o(i._printf_core)
    i._printf_post_padding                   0x080055c4   Section        0  printfa.o(i._printf_post_padding)
    _printf_post_padding                     0x080055c5   Thumb Code    36  printfa.o(i._printf_post_padding)
    i._printf_pre_padding                    0x080055e8   Section        0  printfa.o(i._printf_pre_padding)
    _printf_pre_padding                      0x080055e9   Thumb Code    46  printfa.o(i._printf_pre_padding)
    i._sputc                                 0x08005616   Section        0  printfa.o(i._sputc)
    _sputc                                   0x08005617   Thumb Code    10  printfa.o(i._sputc)
    i.avg_dis                                0x08005620   Section        0  main.o(i.avg_dis)
    i.avoid_obstacle                         0x08005650   Section        0  main.o(i.avoid_obstacle)
    i.fabs                                   0x080056b4   Section        0  fabs.o(i.fabs)
    i.fputc                                  0x080056cc   Section        0  usart.o(i.fputc)
    i.main                                   0x080056e4   Section        0  main.o(i.main)
    i.run                                    0x08005818   Section        0  main.o(i.run)
    i.sqrt                                   0x08005ba0   Section        0  sqrt.o(i.sqrt)
    .constdata                               0x08005c0e   Section      258  ms200.o(.constdata)
    .constdata                               0x08005d10   Section     2660  oled.o(.constdata)
    .constdata                               0x08006774   Section       16  system_stm32f4xx.o(.constdata)
    .constdata                               0x08006784   Section        8  system_stm32f4xx.o(.constdata)
    .constdata                               0x08006790   Section       80  acos.o(.constdata)
    pS                                       0x08006790   Data          48  acos.o(.constdata)
    qS                                       0x080067c0   Data          32  acos.o(.constdata)
    .constdata                               0x080067e0   Section      136  pow.o(.constdata)
    bp                                       0x080067e0   Data          16  pow.o(.constdata)
    dp_h                                     0x080067f0   Data          16  pow.o(.constdata)
    dp_l                                     0x08006800   Data          16  pow.o(.constdata)
    L                                        0x08006810   Data          48  pow.o(.constdata)
    P                                        0x08006840   Data          40  pow.o(.constdata)
    .constdata                               0x08006868   Section       48  cos_i.o(.constdata)
    C                                        0x08006868   Data          48  cos_i.o(.constdata)
    .constdata                               0x08006898   Section        8  qnan.o(.constdata)
    .constdata                               0x080068a0   Section      200  rred.o(.constdata)
    pio2s                                    0x080068a0   Data          48  rred.o(.constdata)
    twooverpi                                0x080068d0   Data         152  rred.o(.constdata)
    .constdata                               0x08006968   Section       40  sin_i.o(.constdata)
    S                                        0x08006968   Data          40  sin_i.o(.constdata)
    .data                                    0x20000000   Section        8  ms200.o(.data)
    .data                                    0x20000008   Section       16  main.o(.data)
    .data                                    0x20000018   Section       12  stm32f4xx_hal.o(.data)
    .data                                    0x20000024   Section        4  system_stm32f4xx.o(.data)
    .data                                    0x20000028   Section        4  stdout.o(.data)
    .data                                    0x2000002c   Section        4  errno.o(.data)
    _errno                                   0x2000002c   Data           4  errno.o(.data)
    .bss                                     0x20000030   Section     2976  ms200.o(.bss)
    points                                   0x20000090   Data        2880  ms200.o(.bss)
    .bss                                     0x20000bd0   Section     1024  oled.o(.bss)
    .bss                                     0x20000fd0   Section       20  motor.o(.bss)
    .bss                                     0x20000fe4   Section     2880  main.o(.bss)
    remapped_diss                            0x20000fe4   Data        1440  main.o(.bss)
    .bss                                     0x20001b24   Section      288  tim.o(.bss)
    .bss                                     0x20001c44   Section      216  usart.o(.bss)
    STACK                                    0x20001d20   Section     1024  startup_stm32f407xx.o(STACK)

    Global Symbols

    Symbol Name                              Value     Ov Type        Size  Object(Section)

    BuildAttributes$$THM_ISAv4$E$P$D$K$B$S$7EM$VFPi3$EXTD16$VFPS$VFMA$PE$A:L22UL41UL21$X:L11$S22US41US21$IEEE1$IW$USESV6$~STKCKD$USESV7$~SHL$OTIME$ROPI$IEEEX$EBA8$MICROLIB$REQ8$PRES8$EABIv2 0x00000000   Number         0  anon$$obj.o ABSOLUTE
    __ARM_use_no_argv                        0x00000000   Number         0  main.o ABSOLUTE
    _printf_a                                0x00000000   Number         0  stubs.o ABSOLUTE
    _printf_c                                0x00000000   Number         0  stubs.o ABSOLUTE
    _printf_charcount                        0x00000000   Number         0  stubs.o ABSOLUTE
    _printf_d                                0x00000000   Number         0  stubs.o ABSOLUTE
    _printf_e                                0x00000000   Number         0  stubs.o ABSOLUTE
    _printf_f                                0x00000000   Number         0  stubs.o ABSOLUTE
    _printf_flags                            0x00000000   Number         0  stubs.o ABSOLUTE
    _printf_fp_dec                           0x00000000   Number         0  stubs.o ABSOLUTE
    _printf_fp_hex                           0x00000000   Number         0  stubs.o ABSOLUTE
    _printf_g                                0x00000000   Number         0  stubs.o ABSOLUTE
    _printf_i                                0x00000000   Number         0  stubs.o ABSOLUTE
    _printf_int_dec                          0x00000000   Number         0  stubs.o ABSOLUTE
    _printf_l                                0x00000000   Number         0  stubs.o ABSOLUTE
    _printf_lc                               0x00000000   Number         0  stubs.o ABSOLUTE
    _printf_ll                               0x00000000   Number         0  stubs.o ABSOLUTE
    _printf_lld                              0x00000000   Number         0  stubs.o ABSOLUTE
    _printf_lli                              0x00000000   Number         0  stubs.o ABSOLUTE
    _printf_llo                              0x00000000   Number         0  stubs.o ABSOLUTE
    _printf_llu                              0x00000000   Number         0  stubs.o ABSOLUTE
    _printf_llx                              0x00000000   Number         0  stubs.o ABSOLUTE
    _printf_longlong_dec                     0x00000000   Number         0  stubs.o ABSOLUTE
    _printf_longlong_hex                     0x00000000   Number         0  stubs.o ABSOLUTE
    _printf_longlong_oct                     0x00000000   Number         0  stubs.o ABSOLUTE
    _printf_ls                               0x00000000   Number         0  stubs.o ABSOLUTE
    _printf_mbtowc                           0x00000000   Number         0  stubs.o ABSOLUTE
    _printf_n                                0x00000000   Number         0  stubs.o ABSOLUTE
    _printf_o                                0x00000000   Number         0  stubs.o ABSOLUTE
    _printf_p                                0x00000000   Number         0  stubs.o ABSOLUTE
    _printf_percent                          0x00000000   Number         0  stubs.o ABSOLUTE
    _printf_pre_padding                      0x00000000   Number         0  stubs.o ABSOLUTE
    _printf_return_value                     0x00000000   Number         0  stubs.o ABSOLUTE
    _printf_s                                0x00000000   Number         0  stubs.o ABSOLUTE
    _printf_sizespec                         0x00000000   Number         0  stubs.o ABSOLUTE
    _printf_str                              0x00000000   Number         0  stubs.o ABSOLUTE
    _printf_truncate_signed                  0x00000000   Number         0  stubs.o ABSOLUTE
    _printf_truncate_unsigned                0x00000000   Number         0  stubs.o ABSOLUTE
    _printf_u                                0x00000000   Number         0  stubs.o ABSOLUTE
    _printf_wc                               0x00000000   Number         0  stubs.o ABSOLUTE
    _printf_wctomb                           0x00000000   Number         0  stubs.o ABSOLUTE
    _printf_widthprec                        0x00000000   Number         0  stubs.o ABSOLUTE
    _printf_x                                0x00000000   Number         0  stubs.o ABSOLUTE
    __arm_fini_                               - Undefined Weak Reference
    __cpp_initialize__aeabi_                  - Undefined Weak Reference
    __cxa_finalize                            - Undefined Weak Reference
    __decompress                              - Undefined Weak Reference
    _clock_init                               - Undefined Weak Reference
    _microlib_exit                            - Undefined Weak Reference
    __Vectors_Size                           0x00000188   Number         0  startup_stm32f407xx.o ABSOLUTE
    __Vectors                                0x08000000   Data           4  startup_stm32f407xx.o(RESET)
    __Vectors_End                            0x08000188   Data           0  startup_stm32f407xx.o(RESET)
    __main                                   0x08000189   Thumb Code     0  entry.o(.ARM.Collect$$$$00000000)
    _main_stk                                0x08000189   Thumb Code     0  entry2.o(.ARM.Collect$$$$00000001)
    _main_scatterload                        0x0800018d   Thumb Code     0  entry5.o(.ARM.Collect$$$$00000004)
    __main_after_scatterload                 0x08000191   Thumb Code     0  entry5.o(.ARM.Collect$$$$00000004)
    _main_clock                              0x08000191   Thumb Code     0  entry7b.o(.ARM.Collect$$$$00000008)
    _main_cpp_init                           0x08000191   Thumb Code     0  entry8b.o(.ARM.Collect$$$$0000000A)
    _main_init                               0x08000191   Thumb Code     0  entry9a.o(.ARM.Collect$$$$0000000B)
    __rt_lib_shutdown_fini                   0x08000199   Thumb Code     0  entry12b.o(.ARM.Collect$$$$0000000E)
    __rt_final_cpp                           0x0800019d   Thumb Code     0  entry10a.o(.ARM.Collect$$$$0000000F)
    __rt_final_exit                          0x0800019d   Thumb Code     0  entry11a.o(.ARM.Collect$$$$00000011)
    Reset_Handler                            0x080001a1   Thumb Code     8  startup_stm32f407xx.o(.text)
    ADC_IRQHandler                           0x080001bb   Thumb Code     0  startup_stm32f407xx.o(.text)
    CAN1_RX0_IRQHandler                      0x080001bb   Thumb Code     0  startup_stm32f407xx.o(.text)
    CAN1_RX1_IRQHandler                      0x080001bb   Thumb Code     0  startup_stm32f407xx.o(.text)
    CAN1_SCE_IRQHandler                      0x080001bb   Thumb Code     0  startup_stm32f407xx.o(.text)
    CAN1_TX_IRQHandler                       0x080001bb   Thumb Code     0  startup_stm32f407xx.o(.text)
    CAN2_RX0_IRQHandler                      0x080001bb   Thumb Code     0  startup_stm32f407xx.o(.text)
    CAN2_RX1_IRQHandler                      0x080001bb   Thumb Code     0  startup_stm32f407xx.o(.text)
    CAN2_SCE_IRQHandler                      0x080001bb   Thumb Code     0  startup_stm32f407xx.o(.text)
    CAN2_TX_IRQHandler                       0x080001bb   Thumb Code     0  startup_stm32f407xx.o(.text)
    DCMI_IRQHandler                          0x080001bb   Thumb Code     0  startup_stm32f407xx.o(.text)
    DMA1_Stream0_IRQHandler                  0x080001bb   Thumb Code     0  startup_stm32f407xx.o(.text)
    DMA1_Stream1_IRQHandler                  0x080001bb   Thumb Code     0  startup_stm32f407xx.o(.text)
    DMA1_Stream2_IRQHandler                  0x080001bb   Thumb Code     0  startup_stm32f407xx.o(.text)
    DMA1_Stream3_IRQHandler                  0x080001bb   Thumb Code     0  startup_stm32f407xx.o(.text)
    DMA1_Stream4_IRQHandler                  0x080001bb   Thumb Code     0  startup_stm32f407xx.o(.text)
    DMA1_Stream5_IRQHandler                  0x080001bb   Thumb Code     0  startup_stm32f407xx.o(.text)
    DMA1_Stream6_IRQHandler                  0x080001bb   Thumb Code     0  startup_stm32f407xx.o(.text)
    DMA1_Stream7_IRQHandler                  0x080001bb   Thumb Code     0  startup_stm32f407xx.o(.text)
    DMA2_Stream0_IRQHandler                  0x080001bb   Thumb Code     0  startup_stm32f407xx.o(.text)
    DMA2_Stream1_IRQHandler                  0x080001bb   Thumb Code     0  startup_stm32f407xx.o(.text)
    DMA2_Stream2_IRQHandler                  0x080001bb   Thumb Code     0  startup_stm32f407xx.o(.text)
    DMA2_Stream3_IRQHandler                  0x080001bb   Thumb Code     0  startup_stm32f407xx.o(.text)
    DMA2_Stream4_IRQHandler                  0x080001bb   Thumb Code     0  startup_stm32f407xx.o(.text)
    DMA2_Stream5_IRQHandler                  0x080001bb   Thumb Code     0  startup_stm32f407xx.o(.text)
    DMA2_Stream6_IRQHandler                  0x080001bb   Thumb Code     0  startup_stm32f407xx.o(.text)
    DMA2_Stream7_IRQHandler                  0x080001bb   Thumb Code     0  startup_stm32f407xx.o(.text)
    ETH_IRQHandler                           0x080001bb   Thumb Code     0  startup_stm32f407xx.o(.text)
    ETH_WKUP_IRQHandler                      0x080001bb   Thumb Code     0  startup_stm32f407xx.o(.text)
    EXTI0_IRQHandler                         0x080001bb   Thumb Code     0  startup_stm32f407xx.o(.text)
    EXTI15_10_IRQHandler                     0x080001bb   Thumb Code     0  startup_stm32f407xx.o(.text)
    EXTI1_IRQHandler                         0x080001bb   Thumb Code     0  startup_stm32f407xx.o(.text)
    EXTI2_IRQHandler                         0x080001bb   Thumb Code     0  startup_stm32f407xx.o(.text)
    EXTI3_IRQHandler                         0x080001bb   Thumb Code     0  startup_stm32f407xx.o(.text)
    EXTI4_IRQHandler                         0x080001bb   Thumb Code     0  startup_stm32f407xx.o(.text)
    EXTI9_5_IRQHandler                       0x080001bb   Thumb Code     0  startup_stm32f407xx.o(.text)
    FLASH_IRQHandler                         0x080001bb   Thumb Code     0  startup_stm32f407xx.o(.text)
    FMC_IRQHandler                           0x080001bb   Thumb Code     0  startup_stm32f407xx.o(.text)
    FPU_IRQHandler                           0x080001bb   Thumb Code     0  startup_stm32f407xx.o(.text)
    HASH_RNG_IRQHandler                      0x080001bb   Thumb Code     0  startup_stm32f407xx.o(.text)
    I2C1_ER_IRQHandler                       0x080001bb   Thumb Code     0  startup_stm32f407xx.o(.text)
    I2C1_EV_IRQHandler                       0x080001bb   Thumb Code     0  startup_stm32f407xx.o(.text)
    I2C2_ER_IRQHandler                       0x080001bb   Thumb Code     0  startup_stm32f407xx.o(.text)
    I2C2_EV_IRQHandler                       0x080001bb   Thumb Code     0  startup_stm32f407xx.o(.text)
    I2C3_ER_IRQHandler                       0x080001bb   Thumb Code     0  startup_stm32f407xx.o(.text)
    I2C3_EV_IRQHandler                       0x080001bb   Thumb Code     0  startup_stm32f407xx.o(.text)
    OTG_FS_IRQHandler                        0x080001bb   Thumb Code     0  startup_stm32f407xx.o(.text)
    OTG_FS_WKUP_IRQHandler                   0x080001bb   Thumb Code     0  startup_stm32f407xx.o(.text)
    OTG_HS_EP1_IN_IRQHandler                 0x080001bb   Thumb Code     0  startup_stm32f407xx.o(.text)
    OTG_HS_EP1_OUT_IRQHandler                0x080001bb   Thumb Code     0  startup_stm32f407xx.o(.text)
    OTG_HS_IRQHandler                        0x080001bb   Thumb Code     0  startup_stm32f407xx.o(.text)
    OTG_HS_WKUP_IRQHandler                   0x080001bb   Thumb Code     0  startup_stm32f407xx.o(.text)
    PVD_IRQHandler                           0x080001bb   Thumb Code     0  startup_stm32f407xx.o(.text)
    RCC_IRQHandler                           0x080001bb   Thumb Code     0  startup_stm32f407xx.o(.text)
    RTC_Alarm_IRQHandler                     0x080001bb   Thumb Code     0  startup_stm32f407xx.o(.text)
    RTC_WKUP_IRQHandler                      0x080001bb   Thumb Code     0  startup_stm32f407xx.o(.text)
    SDIO_IRQHandler                          0x080001bb   Thumb Code     0  startup_stm32f407xx.o(.text)
    SPI1_IRQHandler                          0x080001bb   Thumb Code     0  startup_stm32f407xx.o(.text)
    SPI2_IRQHandler                          0x080001bb   Thumb Code     0  startup_stm32f407xx.o(.text)
    SPI3_IRQHandler                          0x080001bb   Thumb Code     0  startup_stm32f407xx.o(.text)
    TAMP_STAMP_IRQHandler                    0x080001bb   Thumb Code     0  startup_stm32f407xx.o(.text)
    TIM1_BRK_TIM9_IRQHandler                 0x080001bb   Thumb Code     0  startup_stm32f407xx.o(.text)
    TIM1_CC_IRQHandler                       0x080001bb   Thumb Code     0  startup_stm32f407xx.o(.text)
    TIM1_TRG_COM_TIM11_IRQHandler            0x080001bb   Thumb Code     0  startup_stm32f407xx.o(.text)
    TIM1_UP_TIM10_IRQHandler                 0x080001bb   Thumb Code     0  startup_stm32f407xx.o(.text)
    TIM2_IRQHandler                          0x080001bb   Thumb Code     0  startup_stm32f407xx.o(.text)
    TIM4_IRQHandler                          0x080001bb   Thumb Code     0  startup_stm32f407xx.o(.text)
    TIM6_DAC_IRQHandler                      0x080001bb   Thumb Code     0  startup_stm32f407xx.o(.text)
    TIM7_IRQHandler                          0x080001bb   Thumb Code     0  startup_stm32f407xx.o(.text)
    TIM8_BRK_TIM12_IRQHandler                0x080001bb   Thumb Code     0  startup_stm32f407xx.o(.text)
    TIM8_CC_IRQHandler                       0x080001bb   Thumb Code     0  startup_stm32f407xx.o(.text)
    TIM8_TRG_COM_TIM14_IRQHandler            0x080001bb   Thumb Code     0  startup_stm32f407xx.o(.text)
    TIM8_UP_TIM13_IRQHandler                 0x080001bb   Thumb Code     0  startup_stm32f407xx.o(.text)
    UART4_IRQHandler                         0x080001bb   Thumb Code     0  startup_stm32f407xx.o(.text)
    USART3_IRQHandler                        0x080001bb   Thumb Code     0  startup_stm32f407xx.o(.text)
    USART6_IRQHandler                        0x080001bb   Thumb Code     0  startup_stm32f407xx.o(.text)
    WWDG_IRQHandler                          0x080001bb   Thumb Code     0  startup_stm32f407xx.o(.text)
    __aeabi_uldivmod                         0x080001c5   Thumb Code    98  uldiv.o(.text)
    __aeabi_memcpy                           0x08000227   Thumb Code    36  memcpya.o(.text)
    __aeabi_memcpy4                          0x08000227   Thumb Code     0  memcpya.o(.text)
    __aeabi_memcpy8                          0x08000227   Thumb Code     0  memcpya.o(.text)
    __aeabi_memset                           0x0800024b   Thumb Code    14  memseta.o(.text)
    __aeabi_memset4                          0x0800024b   Thumb Code     0  memseta.o(.text)
    __aeabi_memset8                          0x0800024b   Thumb Code     0  memseta.o(.text)
    __aeabi_memclr                           0x08000259   Thumb Code     4  memseta.o(.text)
    __aeabi_memclr4                          0x08000259   Thumb Code     0  memseta.o(.text)
    __aeabi_memclr8                          0x08000259   Thumb Code     0  memseta.o(.text)
    _memset$wrapper                          0x0800025d   Thumb Code    18  memseta.o(.text)
    memcmp                                   0x0800026f   Thumb Code    26  memcmp.o(.text)
    __aeabi_dadd                             0x08000289   Thumb Code   322  dadd.o(.text)
    __aeabi_dsub                             0x080003cb   Thumb Code     6  dadd.o(.text)
    __aeabi_drsub                            0x080003d1   Thumb Code     6  dadd.o(.text)
    __aeabi_dmul                             0x080003d7   Thumb Code   228  dmul.o(.text)
    __aeabi_ddiv                             0x080004bb   Thumb Code   222  ddiv.o(.text)
    __aeabi_i2d                              0x08000599   Thumb Code    34  dflti.o(.text)
    __aeabi_f2d                              0x080005bb   Thumb Code    38  f2d.o(.text)
    __aeabi_cdrcmple                         0x080005e1   Thumb Code    48  cdrcmple.o(.text)
    __aeabi_d2f                              0x08000611   Thumb Code    56  d2f.o(.text)
    __aeabi_uidiv                            0x08000649   Thumb Code     0  uidiv.o(.text)
    __aeabi_uidivmod                         0x08000649   Thumb Code    44  uidiv.o(.text)
    __aeabi_llsl                             0x08000675   Thumb Code    30  llshl.o(.text)
    _ll_shift_l                              0x08000675   Thumb Code     0  llshl.o(.text)
    __aeabi_llsr                             0x08000693   Thumb Code    32  llushr.o(.text)
    _ll_ushift_r                             0x08000693   Thumb Code     0  llushr.o(.text)
    __aeabi_lasr                             0x080006b3   Thumb Code    36  llsshr.o(.text)
    _ll_sshift_r                             0x080006b3   Thumb Code     0  llsshr.o(.text)
    __I$use$fp                               0x080006d7   Thumb Code     0  iusefp.o(.text)
    _float_round                             0x080006d7   Thumb Code    18  fepilogue.o(.text)
    _float_epilogue                          0x080006e9   Thumb Code    92  fepilogue.o(.text)
    _double_round                            0x08000745   Thumb Code    30  depilogue.o(.text)
    _double_epilogue                         0x08000763   Thumb Code   156  depilogue.o(.text)
    __ARM_scalbn                             0x080007ff   Thumb Code    46  dscalb.o(.text)
    scalbn                                   0x080007ff   Thumb Code     0  dscalb.o(.text)
    _dsqrt                                   0x0800082d   Thumb Code   162  dsqrt.o(.text)
    __aeabi_d2ulz                            0x080008cf   Thumb Code    48  dfixul.o(.text)
    __scatterload                            0x08000901   Thumb Code    28  init.o(.text)
    __scatterload_rt2                        0x08000901   Thumb Code     0  init.o(.text)
    __aeabi_ui2d                             0x08000925   Thumb Code    26  dfltui.o(.text)
    __aeabi_d2iz                             0x0800093f   Thumb Code    62  dfixi.o(.text)
    BusFault_Handler                         0x0800097d   Thumb Code     2  stm32f4xx_it.o(i.BusFault_Handler)
    ComputeCRC8                              0x08000981   Thumb Code    28  ms200.o(i.ComputeCRC8)
    DebugMon_Handler                         0x080009a1   Thumb Code     2  stm32f4xx_it.o(i.DebugMon_Handler)
    Error_Handler                            0x080009a3   Thumb Code     4  main.o(i.Error_Handler)
    HAL_DMA_Abort                            0x080009a7   Thumb Code   146  stm32f4xx_hal_dma.o(i.HAL_DMA_Abort)
    HAL_DMA_Abort_IT                         0x08000a39   Thumb Code    36  stm32f4xx_hal_dma.o(i.HAL_DMA_Abort_IT)
    HAL_GPIO_Init                            0x08000a5d   Thumb Code   450  stm32f4xx_hal_gpio.o(i.HAL_GPIO_Init)
    HAL_GPIO_WritePin                        0x08000c4d   Thumb Code    10  stm32f4xx_hal_gpio.o(i.HAL_GPIO_WritePin)
    HAL_GetTick                              0x08000c59   Thumb Code     6  stm32f4xx_hal.o(i.HAL_GetTick)
    HAL_IncTick                              0x08000c65   Thumb Code    12  stm32f4xx_hal.o(i.HAL_IncTick)
    HAL_Init                                 0x08000c75   Thumb Code    48  stm32f4xx_hal.o(i.HAL_Init)
    HAL_InitTick                             0x08000ca9   Thumb Code    54  stm32f4xx_hal.o(i.HAL_InitTick)
    HAL_MspInit                              0x08000ce9   Thumb Code    42  stm32f4xx_hal_msp.o(i.HAL_MspInit)
    HAL_NVIC_EnableIRQ                       0x08000d19   Thumb Code    26  stm32f4xx_hal_cortex.o(i.HAL_NVIC_EnableIRQ)
    HAL_NVIC_SetPriority                     0x08000d35   Thumb Code    60  stm32f4xx_hal_cortex.o(i.HAL_NVIC_SetPriority)
    HAL_NVIC_SetPriorityGrouping             0x08000d75   Thumb Code    26  stm32f4xx_hal_cortex.o(i.HAL_NVIC_SetPriorityGrouping)
    HAL_RCC_ClockConfig                      0x08000d99   Thumb Code   288  stm32f4xx_hal_rcc.o(i.HAL_RCC_ClockConfig)
    HAL_RCC_GetPCLK1Freq                     0x08000ecd   Thumb Code    20  stm32f4xx_hal_rcc.o(i.HAL_RCC_GetPCLK1Freq)
    HAL_RCC_GetPCLK2Freq                     0x08000eed   Thumb Code    20  stm32f4xx_hal_rcc.o(i.HAL_RCC_GetPCLK2Freq)
    HAL_RCC_GetSysClockFreq                  0x08000f0d   Thumb Code    88  stm32f4xx_hal_rcc.o(i.HAL_RCC_GetSysClockFreq)
    HAL_RCC_OscConfig                        0x08000f6d   Thumb Code   856  stm32f4xx_hal_rcc.o(i.HAL_RCC_OscConfig)
    HAL_SYSTICK_Config                       0x080012d9   Thumb Code    40  stm32f4xx_hal_cortex.o(i.HAL_SYSTICK_Config)
    HAL_TIMEx_BreakCallback                  0x08001301   Thumb Code     2  stm32f4xx_hal_tim_ex.o(i.HAL_TIMEx_BreakCallback)
    HAL_TIMEx_CommutCallback                 0x08001303   Thumb Code     2  stm32f4xx_hal_tim_ex.o(i.HAL_TIMEx_CommutCallback)
    HAL_TIMEx_ConfigBreakDeadTime            0x08001305   Thumb Code    84  stm32f4xx_hal_tim_ex.o(i.HAL_TIMEx_ConfigBreakDeadTime)
    HAL_TIMEx_MasterConfigSynchronization    0x08001359   Thumb Code   116  stm32f4xx_hal_tim_ex.o(i.HAL_TIMEx_MasterConfigSynchronization)
    HAL_TIMEx_PWMN_Start                     0x080013e9   Thumb Code   164  stm32f4xx_hal_tim_ex.o(i.HAL_TIMEx_PWMN_Start)
    HAL_TIM_Base_Init                        0x080014a9   Thumb Code    90  stm32f4xx_hal_tim.o(i.HAL_TIM_Base_Init)
    HAL_TIM_Base_MspInit                     0x08001505   Thumb Code   158  tim.o(i.HAL_TIM_Base_MspInit)
    HAL_TIM_Base_Start_IT                    0x080015b9   Thumb Code   100  stm32f4xx_hal_tim.o(i.HAL_TIM_Base_Start_IT)
    HAL_TIM_ConfigClockSource                0x08001639   Thumb Code   220  stm32f4xx_hal_tim.o(i.HAL_TIM_ConfigClockSource)
    HAL_TIM_Encoder_Init                     0x08001715   Thumb Code   164  stm32f4xx_hal_tim.o(i.HAL_TIM_Encoder_Init)
    HAL_TIM_Encoder_MspInit                  0x080017b9   Thumb Code   104  tim.o(i.HAL_TIM_Encoder_MspInit)
    HAL_TIM_Encoder_Start                    0x0800182d   Thumb Code   142  stm32f4xx_hal_tim.o(i.HAL_TIM_Encoder_Start)
    HAL_TIM_IC_CaptureCallback               0x080018bb   Thumb Code     2  stm32f4xx_hal_tim.o(i.HAL_TIM_IC_CaptureCallback)
    HAL_TIM_IRQHandler                       0x080018bd   Thumb Code   304  stm32f4xx_hal_tim.o(i.HAL_TIM_IRQHandler)
    HAL_TIM_MspPostInit                      0x080019ed   Thumb Code   146  tim.o(i.HAL_TIM_MspPostInit)
    HAL_TIM_OC_DelayElapsedCallback          0x08001a95   Thumb Code     2  stm32f4xx_hal_tim.o(i.HAL_TIM_OC_DelayElapsedCallback)
    HAL_TIM_PWM_ConfigChannel                0x08001a97   Thumb Code   204  stm32f4xx_hal_tim.o(i.HAL_TIM_PWM_ConfigChannel)
    HAL_TIM_PWM_Init                         0x08001b63   Thumb Code    90  stm32f4xx_hal_tim.o(i.HAL_TIM_PWM_Init)
    HAL_TIM_PWM_MspInit                      0x08001bbd   Thumb Code     2  stm32f4xx_hal_tim.o(i.HAL_TIM_PWM_MspInit)
    HAL_TIM_PWM_PulseFinishedCallback        0x08001bbf   Thumb Code     2  stm32f4xx_hal_tim.o(i.HAL_TIM_PWM_PulseFinishedCallback)
    HAL_TIM_PWM_Start                        0x08001bc1   Thumb Code   172  stm32f4xx_hal_tim.o(i.HAL_TIM_PWM_Start)
    HAL_TIM_PeriodElapsedCallback            0x08001c89   Thumb Code   146  motor.o(i.HAL_TIM_PeriodElapsedCallback)
    HAL_TIM_TriggerCallback                  0x08001d3d   Thumb Code     2  stm32f4xx_hal_tim.o(i.HAL_TIM_TriggerCallback)
    HAL_UARTEx_RxEventCallback               0x08001d3f   Thumb Code     2  stm32f4xx_hal_uart.o(i.HAL_UARTEx_RxEventCallback)
    HAL_UART_ErrorCallback                   0x08001d41   Thumb Code     2  stm32f4xx_hal_uart.o(i.HAL_UART_ErrorCallback)
    HAL_UART_IRQHandler                      0x08001d45   Thumb Code   618  stm32f4xx_hal_uart.o(i.HAL_UART_IRQHandler)
    HAL_UART_Init                            0x08001fb5   Thumb Code   100  stm32f4xx_hal_uart.o(i.HAL_UART_Init)
    HAL_UART_MspInit                         0x08002019   Thumb Code   304  usart.o(i.HAL_UART_MspInit)
    HAL_UART_Receive_IT                      0x08002165   Thumb Code    28  stm32f4xx_hal_uart.o(i.HAL_UART_Receive_IT)
    HAL_UART_RxCpltCallback                  0x08002181   Thumb Code    14  main.o(i.HAL_UART_RxCpltCallback)
    HAL_UART_Transmit                        0x08002195   Thumb Code   160  stm32f4xx_hal_uart.o(i.HAL_UART_Transmit)
    HAL_UART_TxCpltCallback                  0x08002235   Thumb Code     2  stm32f4xx_hal_uart.o(i.HAL_UART_TxCpltCallback)
    HardFault_Handler                        0x08002237   Thumb Code     2  stm32f4xx_it.o(i.HardFault_Handler)
    MOTOR_Init                               0x08002239   Thumb Code    82  motor.o(i.MOTOR_Init)
    MOTOR_SetSpeed                           0x080022a1   Thumb Code    56  motor.o(i.MOTOR_SetSpeed)
    MS200_GetPointsData                      0x080022dd   Thumb Code     4  ms200.o(i.MS200_GetPointsData)
    MS200_Init                               0x080022e5   Thumb Code    10  ms200.o(i.MS200_Init)
    MS200_ReceiveProcess                     0x080022f9   Thumb Code   404  ms200.o(i.MS200_ReceiveProcess)
    MX_GPIO_Init                             0x080024ad   Thumb Code   212  gpio.o(i.MX_GPIO_Init)
    MX_TIM1_Init                             0x08002591   Thumb Code   216  tim.o(i.MX_TIM1_Init)
    MX_TIM3_Init                             0x08002671   Thumb Code    98  tim.o(i.MX_TIM3_Init)
    MX_TIM5_Init                             0x080026dd   Thumb Code   102  tim.o(i.MX_TIM5_Init)
    MX_TIM8_Init                             0x0800274d   Thumb Code   194  tim.o(i.MX_TIM8_Init)
    MX_UART5_Init                            0x08002819   Thumb Code    48  usart.o(i.MX_UART5_Init)
    MX_USART1_UART_Init                      0x08002851   Thumb Code    48  usart.o(i.MX_USART1_UART_Init)
    MX_USART2_UART_Init                      0x08002889   Thumb Code    48  usart.o(i.MX_USART2_UART_Init)
    MemManage_Handler                        0x080028c1   Thumb Code     2  stm32f4xx_it.o(i.MemManage_Handler)
    NMI_Handler                              0x080028c3   Thumb Code     2  stm32f4xx_it.o(i.NMI_Handler)
    OLED_Clear                               0x080028c5   Thumb Code    40  oled.o(i.OLED_Clear)
    OLED_Display                             0x080028f1   Thumb Code    14  oled.o(i.OLED_Display)
    OLED_Display_On                          0x080028ff   Thumb Code    30  oled.o(i.OLED_Display_On)
    OLED_DrawPoint                           0x0800291d   Thumb Code    54  oled.o(i.OLED_DrawPoint)
    OLED_Init                                0x08002959   Thumb Code   236  oled.o(i.OLED_Init)
    OLED_Refresh_Gram                        0x08002a49   Thumb Code    70  oled.o(i.OLED_Refresh_Gram)
    OLED_ShowChar                            0x08002a95   Thumb Code   134  oled.o(i.OLED_ShowChar)
    OLED_ShowFloat                           0x08002b25   Thumb Code    50  oled.o(i.OLED_ShowFloat)
    OLED_ShowString                          0x08002b69   Thumb Code    62  oled.o(i.OLED_ShowString)
    OLED_WR_Byte                             0x08002ba9   Thumb Code   102  oled.o(i.OLED_WR_Byte)
    PendSV_Handler                           0x08002c15   Thumb Code     2  stm32f4xx_it.o(i.PendSV_Handler)
    SG90_Init                                0x08002c19   Thumb Code     8  sg90.o(i.SG90_Init)
    SG90_SetAngle                            0x08002c25   Thumb Code    46  sg90.o(i.SG90_SetAngle)
    SVC_Handler                              0x08002c59   Thumb Code     2  stm32f4xx_it.o(i.SVC_Handler)
    Servo_Control                            0x08002c5d   Thumb Code    38  main.o(i.Servo_Control)
    Speed_Control                            0x08002c89   Thumb Code    12  main.o(i.Speed_Control)
    SysTick_Handler                          0x08002c95   Thumb Code     4  stm32f4xx_it.o(i.SysTick_Handler)
    SystemClock_Config                       0x08002c99   Thumb Code   140  main.o(i.SystemClock_Config)
    SystemInit                               0x08002d2d   Thumb Code    12  system_stm32f4xx.o(i.SystemInit)
    TIM3_IRQHandler                          0x08002d3d   Thumb Code     6  stm32f4xx_it.o(i.TIM3_IRQHandler)
    TIM5_IRQHandler                          0x08002d49   Thumb Code     6  stm32f4xx_it.o(i.TIM5_IRQHandler)
    TIM_Base_SetConfig                       0x08002d55   Thumb Code   170  stm32f4xx_hal_tim.o(i.TIM_Base_SetConfig)
    TIM_CCxChannelCmd                        0x08002e2d   Thumb Code    26  stm32f4xx_hal_tim.o(i.TIM_CCxChannelCmd)
    TIM_ETR_SetConfig                        0x08002e61   Thumb Code    20  stm32f4xx_hal_tim.o(i.TIM_ETR_SetConfig)
    TIM_OC2_SetConfig                        0x08002ee5   Thumb Code    98  stm32f4xx_hal_tim.o(i.TIM_OC2_SetConfig)
    UART5_IRQHandler                         0x08003051   Thumb Code     6  stm32f4xx_it.o(i.UART5_IRQHandler)
    UART_Start_Receive_IT                    0x08003289   Thumb Code    54  stm32f4xx_hal_uart.o(i.UART_Start_Receive_IT)
    USART1_IRQHandler                        0x08003331   Thumb Code     6  stm32f4xx_it.o(i.USART1_IRQHandler)
    USART2_IRQHandler                        0x0800333d   Thumb Code     6  stm32f4xx_it.o(i.USART2_IRQHandler)
    UsageFault_Handler                       0x08003349   Thumb Code     2  stm32f4xx_it.o(i.UsageFault_Handler)
    __0printf                                0x0800334d   Thumb Code    22  printfa.o(i.__0printf)
    __1printf                                0x0800334d   Thumb Code     0  printfa.o(i.__0printf)
    __2printf                                0x0800334d   Thumb Code     0  printfa.o(i.__0printf)
    __c89printf                              0x0800334d   Thumb Code     0  printfa.o(i.__0printf)
    printf                                   0x0800334d   Thumb Code     0  printfa.o(i.__0printf)
    __0sprintf                               0x0800336d   Thumb Code    34  printfa.o(i.__0sprintf)
    __1sprintf                               0x0800336d   Thumb Code     0  printfa.o(i.__0sprintf)
    __2sprintf                               0x0800336d   Thumb Code     0  printfa.o(i.__0sprintf)
    __c89sprintf                             0x0800336d   Thumb Code     0  printfa.o(i.__0sprintf)
    sprintf                                  0x0800336d   Thumb Code     0  printfa.o(i.__0sprintf)
    __ARM_fpclassify                         0x08003395   Thumb Code    48  fpclassify.o(i.__ARM_fpclassify)
    __hardfp_acos                            0x080033e9   Thumb Code   738  acos.o(i.__hardfp_acos)
    __hardfp_cos                             0x08003741   Thumb Code   180  cos.o(i.__hardfp_cos)
    __hardfp_pow                             0x08003809   Thumb Code  3072  pow.o(i.__hardfp_pow)
    __hardfp_sqrt                            0x08004459   Thumb Code   122  sqrt.o(i.__hardfp_sqrt)
    __ieee754_rem_pio2                       0x080044d9   Thumb Code   938  rred.o(i.__ieee754_rem_pio2)
    __kernel_cos                             0x08004911   Thumb Code   322  cos_i.o(i.__kernel_cos)
    __kernel_poly                            0x08004a81   Thumb Code   248  poly.o(i.__kernel_poly)
    __kernel_sin                             0x08004b79   Thumb Code   280  sin_i.o(i.__kernel_sin)
    __mathlib_dbl_divzero                    0x08004ca9   Thumb Code    28  dunder.o(i.__mathlib_dbl_divzero)
    __mathlib_dbl_infnan                     0x08004cd9   Thumb Code    20  dunder.o(i.__mathlib_dbl_infnan)
    __mathlib_dbl_infnan2                    0x08004ced   Thumb Code    20  dunder.o(i.__mathlib_dbl_infnan2)
    __mathlib_dbl_invalid                    0x08004d01   Thumb Code    24  dunder.o(i.__mathlib_dbl_invalid)
    __mathlib_dbl_overflow                   0x08004d21   Thumb Code    24  dunder.o(i.__mathlib_dbl_overflow)
    __mathlib_dbl_underflow                  0x08004d41   Thumb Code    24  dunder.o(i.__mathlib_dbl_underflow)
    __scatterload_copy                       0x08004d61   Thumb Code    14  handlers.o(i.__scatterload_copy)
    __scatterload_null                       0x08004d6f   Thumb Code     2  handlers.o(i.__scatterload_null)
    __scatterload_zeroinit                   0x08004d71   Thumb Code    14  handlers.o(i.__scatterload_zeroinit)
    __set_errno                              0x08004d81   Thumb Code     6  errno.o(i.__set_errno)
    avg_dis                                  0x08005621   Thumb Code    48  main.o(i.avg_dis)
    avoid_obstacle                           0x08005651   Thumb Code    82  main.o(i.avoid_obstacle)
    fabs                                     0x080056b5   Thumb Code    24  fabs.o(i.fabs)
    fputc                                    0x080056cd   Thumb Code    20  usart.o(i.fputc)
    main                                     0x080056e5   Thumb Code   280  main.o(i.main)
    run                                      0x08005819   Thumb Code   832  main.o(i.run)
    sqrt                                     0x08005ba1   Thumb Code   110  sqrt.o(i.sqrt)
    _tof_data_header                         0x08005c0e   Data           2  ms200.o(.constdata)
    crc8_table                               0x08005c10   Data         256  ms200.o(.constdata)
    oled_asc2_1206                           0x08005d10   Data        1140  oled.o(.constdata)
    oled_asc2_1608                           0x08006184   Data        1520  oled.o(.constdata)
    AHBPrescTable                            0x08006774   Data          16  system_stm32f4xx.o(.constdata)
    APBPrescTable                            0x08006784   Data           8  system_stm32f4xx.o(.constdata)
    __mathlib_zero                           0x08006898   Data           8  qnan.o(.constdata)
    Region$$Table$$Base                      0x08006990   Number         0  anon$$obj.o(Region$$Table)
    Region$$Table$$Limit                     0x080069b0   Number         0  anon$$obj.o(Region$$Table)
    tof_recv_byte                            0x20000000   Data           1  ms200.o(.data)
    tof_uart_recv_buffer_end                 0x20000004   Data           4  ms200.o(.data)
    angle_0                                  0x20000008   Data           4  main.o(.data)
    error_last                               0x20000010   Data           8  main.o(.data)
    uwTickFreq                               0x20000018   Data           1  stm32f4xx_hal.o(.data)
    uwTickPrio                               0x2000001c   Data           4  stm32f4xx_hal.o(.data)
    uwTick                                   0x20000020   Data           4  stm32f4xx_hal.o(.data)
    SystemCoreClock                          0x20000024   Data           4  system_stm32f4xx.o(.data)
    __stdout                                 0x20000028   Data           4  stdout.o(.data)
    tof_uart_recv_buffer                     0x20000030   Data          94  ms200.o(.bss)
    OLED_GRAM                                0x20000bd0   Data        1024  oled.o(.bss)
    motor1                                   0x20000fd0   Data          20  motor.o(.bss)
    diss                                     0x20001584   Data        1440  main.o(.bss)
    htim1                                    0x20001b24   Data          72  tim.o(.bss)
    htim3                                    0x20001b6c   Data          72  tim.o(.bss)
    htim5                                    0x20001bb4   Data          72  tim.o(.bss)
    htim8                                    0x20001bfc   Data          72  tim.o(.bss)
    huart5                                   0x20001c44   Data          72  usart.o(.bss)
    huart1                                   0x20001c8c   Data          72  usart.o(.bss)
    huart2                                   0x20001cd4   Data          72  usart.o(.bss)
    __initial_sp                             0x20002120   Data           0  startup_stm32f407xx.o(STACK)



==============================================================================

Memory Map of the image

  Image Entry point : 0x08000189

  Load Region LR_IROM1 (Base: 0x08000000, Size: 0x000069e0, Max: 0x00080000, ABSOLUTE)

    Execution Region ER_IROM1 (Exec base: 0x08000000, Load base: 0x08000000, Size: 0x000069b0, Max: 0x00080000, ABSOLUTE)

    Exec Addr    Load Addr    Size         Type   Attr      Idx    E Section Name        Object

    0x08000000   0x08000000   0x00000188   Data   RO            3    RESET               startup_stm32f407xx.o
    0x08000188   0x08000188   0x00000000   Code   RO         3498  * .ARM.Collect$$$$00000000  mc_w.l(entry.o)
    0x08000188   0x08000188   0x00000004   Code   RO         3855    .ARM.Collect$$$$00000001  mc_w.l(entry2.o)
    0x0800018c   0x0800018c   0x00000004   Code   RO         3858    .ARM.Collect$$$$00000004  mc_w.l(entry5.o)
    0x08000190   0x08000190   0x00000000   Code   RO         3860    .ARM.Collect$$$$00000008  mc_w.l(entry7b.o)
    0x08000190   0x08000190   0x00000000   Code   RO         3862    .ARM.Collect$$$$0000000A  mc_w.l(entry8b.o)
    0x08000190   0x08000190   0x00000008   Code   RO         3863    .ARM.Collect$$$$0000000B  mc_w.l(entry9a.o)
    0x08000198   0x08000198   0x00000004   Code   RO         3870    .ARM.Collect$$$$0000000E  mc_w.l(entry12b.o)
    0x0800019c   0x0800019c   0x00000000   Code   RO         3865    .ARM.Collect$$$$0000000F  mc_w.l(entry10a.o)
    0x0800019c   0x0800019c   0x00000000   Code   RO         3867    .ARM.Collect$$$$00000011  mc_w.l(entry11a.o)
    0x0800019c   0x0800019c   0x00000004   Code   RO         3856    .ARM.Collect$$$$00002712  mc_w.l(entry2.o)
    0x080001a0   0x080001a0   0x00000024   Code   RO            4    .text               startup_stm32f407xx.o
    0x080001c4   0x080001c4   0x00000062   Code   RO         3501    .text               mc_w.l(uldiv.o)
    0x08000226   0x08000226   0x00000024   Code   RO         3503    .text               mc_w.l(memcpya.o)
    0x0800024a   0x0800024a   0x00000024   Code   RO         3505    .text               mc_w.l(memseta.o)
    0x0800026e   0x0800026e   0x0000001a   Code   RO         3509    .text               mc_w.l(memcmp.o)
    0x08000288   0x08000288   0x0000014e   Code   RO         3802    .text               mf_w.l(dadd.o)
    0x080003d6   0x080003d6   0x000000e4   Code   RO         3804    .text               mf_w.l(dmul.o)
    0x080004ba   0x080004ba   0x000000de   Code   RO         3806    .text               mf_w.l(ddiv.o)
    0x08000598   0x08000598   0x00000022   Code   RO         3808    .text               mf_w.l(dflti.o)
    0x080005ba   0x080005ba   0x00000026   Code   RO         3810    .text               mf_w.l(f2d.o)
    0x080005e0   0x080005e0   0x00000030   Code   RO         3812    .text               mf_w.l(cdrcmple.o)
    0x08000610   0x08000610   0x00000038   Code   RO         3814    .text               mf_w.l(d2f.o)
    0x08000648   0x08000648   0x0000002c   Code   RO         3872    .text               mc_w.l(uidiv.o)
    0x08000674   0x08000674   0x0000001e   Code   RO         3874    .text               mc_w.l(llshl.o)
    0x08000692   0x08000692   0x00000020   Code   RO         3876    .text               mc_w.l(llushr.o)
    0x080006b2   0x080006b2   0x00000024   Code   RO         3878    .text               mc_w.l(llsshr.o)
    0x080006d6   0x080006d6   0x00000000   Code   RO         3889    .text               mc_w.l(iusefp.o)
    0x080006d6   0x080006d6   0x0000006e   Code   RO         3890    .text               mf_w.l(fepilogue.o)
    0x08000744   0x08000744   0x000000ba   Code   RO         3892    .text               mf_w.l(depilogue.o)
    0x080007fe   0x080007fe   0x0000002e   Code   RO         3896    .text               mf_w.l(dscalb.o)
    0x0800082c   0x0800082c   0x000000a2   Code   RO         3898    .text               mf_w.l(dsqrt.o)
    0x080008ce   0x080008ce   0x00000030   Code   RO         3900    .text               mf_w.l(dfixul.o)
    0x080008fe   0x080008fe   0x00000002   PAD
    0x08000900   0x08000900   0x00000024   Code   RO         3904    .text               mc_w.l(init.o)
    0x08000924   0x08000924   0x0000001a   Code   RO         3906    .text               mf_w.l(dfltui.o)
    0x0800093e   0x0800093e   0x0000003e   Code   RO         3908    .text               mf_w.l(dfixi.o)
    0x0800097c   0x0800097c   0x00000002   Code   RO          636    i.BusFault_Handler  stm32f4xx_it.o
    0x0800097e   0x0800097e   0x00000002   PAD
    0x08000980   0x08000980   0x00000020   Code   RO          154    i.ComputeCRC8       ms200.o
    0x080009a0   0x080009a0   0x00000002   Code   RO          637    i.DebugMon_Handler  stm32f4xx_it.o
    0x080009a2   0x080009a2   0x00000004   Code   RO          372    i.Error_Handler     main.o
    0x080009a6   0x080009a6   0x00000092   Code   RO         2372    i.HAL_DMA_Abort     stm32f4xx_hal_dma.o
    0x08000a38   0x08000a38   0x00000024   Code   RO         2373    i.HAL_DMA_Abort_IT  stm32f4xx_hal_dma.o
    0x08000a5c   0x08000a5c   0x000001f0   Code   RO         2265    i.HAL_GPIO_Init     stm32f4xx_hal_gpio.o
    0x08000c4c   0x08000c4c   0x0000000a   Code   RO         2269    i.HAL_GPIO_WritePin  stm32f4xx_hal_gpio.o
    0x08000c56   0x08000c56   0x00000002   PAD
    0x08000c58   0x08000c58   0x0000000c   Code   RO         2803    i.HAL_GetTick       stm32f4xx_hal.o
    0x08000c64   0x08000c64   0x00000010   Code   RO         2809    i.HAL_IncTick       stm32f4xx_hal.o
    0x08000c74   0x08000c74   0x00000034   Code   RO         2810    i.HAL_Init          stm32f4xx_hal.o
    0x08000ca8   0x08000ca8   0x00000040   Code   RO         2811    i.HAL_InitTick      stm32f4xx_hal.o
    0x08000ce8   0x08000ce8   0x00000030   Code   RO          742    i.HAL_MspInit       stm32f4xx_hal_msp.o
    0x08000d18   0x08000d18   0x0000001a   Code   RO         2655    i.HAL_NVIC_EnableIRQ  stm32f4xx_hal_cortex.o
    0x08000d32   0x08000d32   0x00000002   PAD
    0x08000d34   0x08000d34   0x00000040   Code   RO         2661    i.HAL_NVIC_SetPriority  stm32f4xx_hal_cortex.o
    0x08000d74   0x08000d74   0x00000024   Code   RO         2662    i.HAL_NVIC_SetPriorityGrouping  stm32f4xx_hal_cortex.o
    0x08000d98   0x08000d98   0x00000134   Code   RO         1911    i.HAL_RCC_ClockConfig  stm32f4xx_hal_rcc.o
    0x08000ecc   0x08000ecc   0x00000020   Code   RO         1918    i.HAL_RCC_GetPCLK1Freq  stm32f4xx_hal_rcc.o
    0x08000eec   0x08000eec   0x00000020   Code   RO         1919    i.HAL_RCC_GetPCLK2Freq  stm32f4xx_hal_rcc.o
    0x08000f0c   0x08000f0c   0x00000060   Code   RO         1920    i.HAL_RCC_GetSysClockFreq  stm32f4xx_hal_rcc.o
    0x08000f6c   0x08000f6c   0x0000036c   Code   RO         1923    i.HAL_RCC_OscConfig  stm32f4xx_hal_rcc.o
    0x080012d8   0x080012d8   0x00000028   Code   RO         2666    i.HAL_SYSTICK_Config  stm32f4xx_hal_cortex.o
    0x08001300   0x08001300   0x00000002   Code   RO         1643    i.HAL_TIMEx_BreakCallback  stm32f4xx_hal_tim_ex.o
    0x08001302   0x08001302   0x00000002   Code   RO         1644    i.HAL_TIMEx_CommutCallback  stm32f4xx_hal_tim_ex.o
    0x08001304   0x08001304   0x00000054   Code   RO         1646    i.HAL_TIMEx_ConfigBreakDeadTime  stm32f4xx_hal_tim_ex.o
    0x08001358   0x08001358   0x00000090   Code   RO         1662    i.HAL_TIMEx_MasterConfigSynchronization  stm32f4xx_hal_tim_ex.o
    0x080013e8   0x080013e8   0x000000c0   Code   RO         1673    i.HAL_TIMEx_PWMN_Start  stm32f4xx_hal_tim_ex.o
    0x080014a8   0x080014a8   0x0000005a   Code   RO          939    i.HAL_TIM_Base_Init  stm32f4xx_hal_tim.o
    0x08001502   0x08001502   0x00000002   PAD
    0x08001504   0x08001504   0x000000b4   Code   RO          499    i.HAL_TIM_Base_MspInit  tim.o
    0x080015b8   0x080015b8   0x00000080   Code   RO          944    i.HAL_TIM_Base_Start_IT  stm32f4xx_hal_tim.o
    0x08001638   0x08001638   0x000000dc   Code   RO          948    i.HAL_TIM_ConfigClockSource  stm32f4xx_hal_tim.o
    0x08001714   0x08001714   0x000000a4   Code   RO          960    i.HAL_TIM_Encoder_Init  stm32f4xx_hal_tim.o
    0x080017b8   0x080017b8   0x00000074   Code   RO          501    i.HAL_TIM_Encoder_MspInit  tim.o
    0x0800182c   0x0800182c   0x0000008e   Code   RO          963    i.HAL_TIM_Encoder_Start  stm32f4xx_hal_tim.o
    0x080018ba   0x080018ba   0x00000002   Code   RO          973    i.HAL_TIM_IC_CaptureCallback  stm32f4xx_hal_tim.o
    0x080018bc   0x080018bc   0x00000130   Code   RO          987    i.HAL_TIM_IRQHandler  stm32f4xx_hal_tim.o
    0x080019ec   0x080019ec   0x000000a8   Code   RO          502    i.HAL_TIM_MspPostInit  tim.o
    0x08001a94   0x08001a94   0x00000002   Code   RO          990    i.HAL_TIM_OC_DelayElapsedCallback  stm32f4xx_hal_tim.o
    0x08001a96   0x08001a96   0x000000cc   Code   RO         1011    i.HAL_TIM_PWM_ConfigChannel  stm32f4xx_hal_tim.o
    0x08001b62   0x08001b62   0x0000005a   Code   RO         1014    i.HAL_TIM_PWM_Init  stm32f4xx_hal_tim.o
    0x08001bbc   0x08001bbc   0x00000002   Code   RO         1016    i.HAL_TIM_PWM_MspInit  stm32f4xx_hal_tim.o
    0x08001bbe   0x08001bbe   0x00000002   Code   RO         1017    i.HAL_TIM_PWM_PulseFinishedCallback  stm32f4xx_hal_tim.o
    0x08001bc0   0x08001bc0   0x000000c8   Code   RO         1019    i.HAL_TIM_PWM_Start  stm32f4xx_hal_tim.o
    0x08001c88   0x08001c88   0x000000b4   Code   RO          324    i.HAL_TIM_PeriodElapsedCallback  motor.o
    0x08001d3c   0x08001d3c   0x00000002   Code   RO         1030    i.HAL_TIM_TriggerCallback  stm32f4xx_hal_tim.o
    0x08001d3e   0x08001d3e   0x00000002   Code   RO         3060    i.HAL_UARTEx_RxEventCallback  stm32f4xx_hal_uart.o
    0x08001d40   0x08001d40   0x00000002   Code   RO         3074    i.HAL_UART_ErrorCallback  stm32f4xx_hal_uart.o
    0x08001d42   0x08001d42   0x00000002   PAD
    0x08001d44   0x08001d44   0x00000270   Code   RO         3077    i.HAL_UART_IRQHandler  stm32f4xx_hal_uart.o
    0x08001fb4   0x08001fb4   0x00000064   Code   RO         3078    i.HAL_UART_Init     stm32f4xx_hal_uart.o
    0x08002018   0x08002018   0x0000014c   Code   RO          577    i.HAL_UART_MspInit  usart.o
    0x08002164   0x08002164   0x0000001c   Code   RO         3083    i.HAL_UART_Receive_IT  stm32f4xx_hal_uart.o
    0x08002180   0x08002180   0x00000014   Code   RO          373    i.HAL_UART_RxCpltCallback  main.o
    0x08002194   0x08002194   0x000000a0   Code   RO         3086    i.HAL_UART_Transmit  stm32f4xx_hal_uart.o
    0x08002234   0x08002234   0x00000002   Code   RO         3089    i.HAL_UART_TxCpltCallback  stm32f4xx_hal_uart.o
    0x08002236   0x08002236   0x00000002   Code   RO          638    i.HardFault_Handler  stm32f4xx_it.o
    0x08002238   0x08002238   0x00000068   Code   RO          326    i.MOTOR_Init        motor.o
    0x080022a0   0x080022a0   0x0000003c   Code   RO          327    i.MOTOR_SetSpeed    motor.o
    0x080022dc   0x080022dc   0x00000008   Code   RO          155    i.MS200_GetPointsData  ms200.o
    0x080022e4   0x080022e4   0x00000014   Code   RO          156    i.MS200_Init        ms200.o
    0x080022f8   0x080022f8   0x000001b4   Code   RO          157    i.MS200_ReceiveProcess  ms200.o
    0x080024ac   0x080024ac   0x000000e4   Code   RO          474    i.MX_GPIO_Init      gpio.o
    0x08002590   0x08002590   0x000000e0   Code   RO          503    i.MX_TIM1_Init      tim.o
    0x08002670   0x08002670   0x0000006c   Code   RO          504    i.MX_TIM3_Init      tim.o
    0x080026dc   0x080026dc   0x00000070   Code   RO          505    i.MX_TIM5_Init      tim.o
    0x0800274c   0x0800274c   0x000000cc   Code   RO          506    i.MX_TIM8_Init      tim.o
    0x08002818   0x08002818   0x00000038   Code   RO          578    i.MX_UART5_Init     usart.o
    0x08002850   0x08002850   0x00000038   Code   RO          579    i.MX_USART1_UART_Init  usart.o
    0x08002888   0x08002888   0x00000038   Code   RO          580    i.MX_USART2_UART_Init  usart.o
    0x080028c0   0x080028c0   0x00000002   Code   RO          639    i.MemManage_Handler  stm32f4xx_it.o
    0x080028c2   0x080028c2   0x00000002   Code   RO          640    i.NMI_Handler       stm32f4xx_it.o
    0x080028c4   0x080028c4   0x0000002c   Code   RO          217    i.OLED_Clear        oled.o
    0x080028f0   0x080028f0   0x0000000e   Code   RO          218    i.OLED_Display      oled.o
    0x080028fe   0x080028fe   0x0000001e   Code   RO          220    i.OLED_Display_On   oled.o
    0x0800291c   0x0800291c   0x0000003c   Code   RO          221    i.OLED_DrawPoint    oled.o
    0x08002958   0x08002958   0x000000f0   Code   RO          222    i.OLED_Init         oled.o
    0x08002a48   0x08002a48   0x0000004c   Code   RO          223    i.OLED_Refresh_Gram  oled.o
    0x08002a94   0x08002a94   0x00000090   Code   RO          224    i.OLED_ShowChar     oled.o
    0x08002b24   0x08002b24   0x00000044   Code   RO          225    i.OLED_ShowFloat    oled.o
    0x08002b68   0x08002b68   0x0000003e   Code   RO          227    i.OLED_ShowString   oled.o
    0x08002ba6   0x08002ba6   0x00000002   PAD
    0x08002ba8   0x08002ba8   0x0000006c   Code   RO          228    i.OLED_WR_Byte      oled.o
    0x08002c14   0x08002c14   0x00000002   Code   RO          641    i.PendSV_Handler    stm32f4xx_it.o
    0x08002c16   0x08002c16   0x00000002   PAD
    0x08002c18   0x08002c18   0x0000000c   Code   RO           13    i.SG90_Init         sg90.o
    0x08002c24   0x08002c24   0x00000034   Code   RO           14    i.SG90_SetAngle     sg90.o
    0x08002c58   0x08002c58   0x00000002   Code   RO          642    i.SVC_Handler       stm32f4xx_it.o
    0x08002c5a   0x08002c5a   0x00000002   PAD
    0x08002c5c   0x08002c5c   0x0000002c   Code   RO          374    i.Servo_Control     main.o
    0x08002c88   0x08002c88   0x0000000c   Code   RO          375    i.Speed_Control     main.o
    0x08002c94   0x08002c94   0x00000004   Code   RO          643    i.SysTick_Handler   stm32f4xx_it.o
    0x08002c98   0x08002c98   0x00000094   Code   RO          376    i.SystemClock_Config  main.o
    0x08002d2c   0x08002d2c   0x00000010   Code   RO         3412    i.SystemInit        system_stm32f4xx.o
    0x08002d3c   0x08002d3c   0x0000000c   Code   RO          644    i.TIM3_IRQHandler   stm32f4xx_it.o
    0x08002d48   0x08002d48   0x0000000c   Code   RO          645    i.TIM5_IRQHandler   stm32f4xx_it.o
    0x08002d54   0x08002d54   0x000000d8   Code   RO         1032    i.TIM_Base_SetConfig  stm32f4xx_hal_tim.o
    0x08002e2c   0x08002e2c   0x0000001a   Code   RO         1033    i.TIM_CCxChannelCmd  stm32f4xx_hal_tim.o
    0x08002e46   0x08002e46   0x0000001a   Code   RO         1682    i.TIM_CCxNChannelCmd  stm32f4xx_hal_tim_ex.o
    0x08002e60   0x08002e60   0x00000014   Code   RO         1043    i.TIM_ETR_SetConfig  stm32f4xx_hal_tim.o
    0x08002e74   0x08002e74   0x00000010   Code   RO         1044    i.TIM_ITRx_SetConfig  stm32f4xx_hal_tim.o
    0x08002e84   0x08002e84   0x00000060   Code   RO         1045    i.TIM_OC1_SetConfig  stm32f4xx_hal_tim.o
    0x08002ee4   0x08002ee4   0x0000006c   Code   RO         1046    i.TIM_OC2_SetConfig  stm32f4xx_hal_tim.o
    0x08002f50   0x08002f50   0x00000068   Code   RO         1047    i.TIM_OC3_SetConfig  stm32f4xx_hal_tim.o
    0x08002fb8   0x08002fb8   0x00000050   Code   RO         1048    i.TIM_OC4_SetConfig  stm32f4xx_hal_tim.o
    0x08003008   0x08003008   0x00000022   Code   RO         1050    i.TIM_TI1_ConfigInputStage  stm32f4xx_hal_tim.o
    0x0800302a   0x0800302a   0x00000024   Code   RO         1052    i.TIM_TI2_ConfigInputStage  stm32f4xx_hal_tim.o
    0x0800304e   0x0800304e   0x00000002   PAD
    0x08003050   0x08003050   0x0000000c   Code   RO          646    i.UART5_IRQHandler  stm32f4xx_it.o
    0x0800305c   0x0800305c   0x00000010   Code   RO         3091    i.UART_DMAAbortOnError  stm32f4xx_hal_uart.o
    0x0800306c   0x0800306c   0x0000004e   Code   RO         3101    i.UART_EndRxTransfer  stm32f4xx_hal_uart.o
    0x080030ba   0x080030ba   0x000000c2   Code   RO         3103    i.UART_Receive_IT   stm32f4xx_hal_uart.o
    0x0800317c   0x0800317c   0x0000010c   Code   RO         3104    i.UART_SetConfig    stm32f4xx_hal_uart.o
    0x08003288   0x08003288   0x00000036   Code   RO         3106    i.UART_Start_Receive_IT  stm32f4xx_hal_uart.o
    0x080032be   0x080032be   0x00000072   Code   RO         3107    i.UART_WaitOnFlagUntilTimeout  stm32f4xx_hal_uart.o
    0x08003330   0x08003330   0x0000000c   Code   RO          647    i.USART1_IRQHandler  stm32f4xx_it.o
    0x0800333c   0x0800333c   0x0000000c   Code   RO          648    i.USART2_IRQHandler  stm32f4xx_it.o
    0x08003348   0x08003348   0x00000002   Code   RO          649    i.UsageFault_Handler  stm32f4xx_it.o
    0x0800334a   0x0800334a   0x00000002   PAD
    0x0800334c   0x0800334c   0x00000020   Code   RO         3746    i.__0printf         mc_w.l(printfa.o)
    0x0800336c   0x0800336c   0x00000028   Code   RO         3748    i.__0sprintf        mc_w.l(printfa.o)
    0x08003394   0x08003394   0x00000030   Code   RO         3839    i.__ARM_fpclassify  m_wm.l(fpclassify.o)
    0x080033c4   0x080033c4   0x00000020   Code   RO         2668    i.__NVIC_SetPriority  stm32f4xx_hal_cortex.o
    0x080033e4   0x080033e4   0x00000004   PAD
    0x080033e8   0x080033e8   0x00000358   Code   RO         3446    i.__hardfp_acos     m_wm.l(acos.o)
    0x08003740   0x08003740   0x000000c8   Code   RO         3460    i.__hardfp_cos      m_wm.l(cos.o)
    0x08003808   0x08003808   0x00000c50   Code   RO         3472    i.__hardfp_pow      m_wm.l(pow.o)
    0x08004458   0x08004458   0x0000007a   Code   RO         3486    i.__hardfp_sqrt     m_wm.l(sqrt.o)
    0x080044d2   0x080044d2   0x00000006   PAD
    0x080044d8   0x080044d8   0x00000438   Code   RO         3844    i.__ieee754_rem_pio2  m_wm.l(rred.o)
    0x08004910   0x08004910   0x00000170   Code   RO         3816    i.__kernel_cos      m_wm.l(cos_i.o)
    0x08004a80   0x08004a80   0x000000f8   Code   RO         3841    i.__kernel_poly     m_wm.l(poly.o)
    0x08004b78   0x08004b78   0x00000130   Code   RO         3849    i.__kernel_sin      m_wm.l(sin_i.o)
    0x08004ca8   0x08004ca8   0x00000030   Code   RO         3819    i.__mathlib_dbl_divzero  m_wm.l(dunder.o)
    0x08004cd8   0x08004cd8   0x00000014   Code   RO         3820    i.__mathlib_dbl_infnan  m_wm.l(dunder.o)
    0x08004cec   0x08004cec   0x00000014   Code   RO         3821    i.__mathlib_dbl_infnan2  m_wm.l(dunder.o)
    0x08004d00   0x08004d00   0x00000020   Code   RO         3822    i.__mathlib_dbl_invalid  m_wm.l(dunder.o)
    0x08004d20   0x08004d20   0x00000020   Code   RO         3823    i.__mathlib_dbl_overflow  m_wm.l(dunder.o)
    0x08004d40   0x08004d40   0x00000020   Code   RO         3825    i.__mathlib_dbl_underflow  m_wm.l(dunder.o)
    0x08004d60   0x08004d60   0x0000000e   Code   RO         3912    i.__scatterload_copy  mc_w.l(handlers.o)
    0x08004d6e   0x08004d6e   0x00000002   Code   RO         3913    i.__scatterload_null  mc_w.l(handlers.o)
    0x08004d70   0x08004d70   0x0000000e   Code   RO         3914    i.__scatterload_zeroinit  mc_w.l(handlers.o)
    0x08004d7e   0x08004d7e   0x00000002   PAD
    0x08004d80   0x08004d80   0x0000000c   Code   RO         3884    i.__set_errno       mc_w.l(errno.o)
    0x08004d8c   0x08004d8c   0x00000184   Code   RO         3753    i._fp_digits        mc_w.l(printfa.o)
    0x08004f10   0x08004f10   0x000006b4   Code   RO         3754    i._printf_core      mc_w.l(printfa.o)
    0x080055c4   0x080055c4   0x00000024   Code   RO         3755    i._printf_post_padding  mc_w.l(printfa.o)
    0x080055e8   0x080055e8   0x0000002e   Code   RO         3756    i._printf_pre_padding  mc_w.l(printfa.o)
    0x08005616   0x08005616   0x0000000a   Code   RO         3758    i._sputc            mc_w.l(printfa.o)
    0x08005620   0x08005620   0x00000030   Code   RO          377    i.avg_dis           main.o
    0x08005650   0x08005650   0x00000064   Code   RO          378    i.avoid_obstacle    main.o
    0x080056b4   0x080056b4   0x00000018   Code   RO         3835    i.fabs              m_wm.l(fabs.o)
    0x080056cc   0x080056cc   0x00000018   Code   RO          581    i.fputc             usart.o
    0x080056e4   0x080056e4   0x00000134   Code   RO          380    i.main              main.o
    0x08005818   0x08005818   0x00000388   Code   RO          381    i.run               main.o
    0x08005ba0   0x08005ba0   0x0000006e   Code   RO         3488    i.sqrt              m_wm.l(sqrt.o)
    0x08005c0e   0x08005c0e   0x00000102   Data   RO          159    .constdata          ms200.o
    0x08005d10   0x08005d10   0x00000a64   Data   RO          231    .constdata          oled.o
    0x08006774   0x08006774   0x00000010   Data   RO         3413    .constdata          system_stm32f4xx.o
    0x08006784   0x08006784   0x00000008   Data   RO         3414    .constdata          system_stm32f4xx.o
    0x0800678c   0x0800678c   0x00000004   PAD
    0x08006790   0x08006790   0x00000050   Data   RO         3449    .constdata          m_wm.l(acos.o)
    0x080067e0   0x080067e0   0x00000088   Data   RO         3475    .constdata          m_wm.l(pow.o)
    0x08006868   0x08006868   0x00000030   Data   RO         3817    .constdata          m_wm.l(cos_i.o)
    0x08006898   0x08006898   0x00000008   Data   RO         3843    .constdata          m_wm.l(qnan.o)
    0x080068a0   0x080068a0   0x000000c8   Data   RO         3846    .constdata          m_wm.l(rred.o)
    0x08006968   0x08006968   0x00000028   Data   RO         3850    .constdata          m_wm.l(sin_i.o)
    0x08006990   0x08006990   0x00000020   Data   RO         3910    Region$$Table       anon$$obj.o


    Execution Region RW_IRAM1 (Exec base: 0x20000000, Load base: 0x080069b0, Size: 0x00002120, Max: 0x0001c000, ABSOLUTE)

    Exec Addr    Load Addr    Size         Type   Attr      Idx    E Section Name        Object

    0x20000000   0x080069b0   0x00000008   Data   RW          160    .data               ms200.o
    0x20000008   0x080069b8   0x00000010   Data   RW          383    .data               main.o
    0x20000018   0x080069c8   0x0000000c   Data   RW         2817    .data               stm32f4xx_hal.o
    0x20000024   0x080069d4   0x00000004   Data   RW         3415    .data               system_stm32f4xx.o
    0x20000028   0x080069d8   0x00000004   Data   RW         3871    .data               mc_w.l(stdout.o)
    0x2000002c   0x080069dc   0x00000004   Data   RW         3885    .data               mc_w.l(errno.o)
    0x20000030        -       0x00000ba0   Zero   RW          158    .bss                ms200.o
    0x20000bd0        -       0x00000400   Zero   RW          230    .bss                oled.o
    0x20000fd0        -       0x00000014   Zero   RW          328    .bss                motor.o
    0x20000fe4        -       0x00000b40   Zero   RW          382    .bss                main.o
    0x20001b24        -       0x00000120   Zero   RW          507    .bss                tim.o
    0x20001c44        -       0x000000d8   Zero   RW          582    .bss                usart.o
    0x20001d1c   0x080069e0   0x00000004   PAD
    0x20001d20        -       0x00000400   Zero   RW            1    STACK               startup_stm32f407xx.o


    Execution Region RW_IRAM2 (Exec base: 0x2001c000, Load base: 0x080069e0, Size: 0x00000000, Max: 0x00004000, ABSOLUTE)

    **** No section assigned to this execution region ****


==============================================================================

Image component sizes


      Code (inc. data)   RO Data    RW Data    ZI Data      Debug   Object Name

       228         16          0          0          0       1079   gpio.o
      1588        138          0         16       2880       9310   main.o
       344         60          0          0         20       3007   motor.o
       496         50        258          8       2976       4426   ms200.o
       846         54       2660          0       1024       7510   oled.o
        64         10          0          0          0     691688   sg90.o
        36          8        392          0       1024        840   startup_stm32f407xx.o
       144         24          0         12          0       8825   stm32f4xx_hal.o
       198         14          0          0          0      33887   stm32f4xx_hal_cortex.o
       182          0          0          0          0       2127   stm32f4xx_hal_dma.o
       506         46          0          0          0       2220   stm32f4xx_hal_gpio.o
        48          6          0          0          0        874   stm32f4xx_hal_msp.o
      1344         72          0          0          0       5296   stm32f4xx_hal_rcc.o
      2288        138          0          0          0      19285   stm32f4xx_hal_tim.o
       450         56          0          0          0       4844   stm32f4xx_hal_tim_ex.o
      1642         16          0          0          0      11560   stm32f4xx_hal_uart.o
        80         30          0          0          0       6637   stm32f4xx_it.o
        16          4         24          4          0       1159   system_stm32f4xx.o
      1112         94          0          0        288       5721   tim.o
       524         56          0          0        216       3866   usart.o

    ----------------------------------------------------------------------
     12160        892       3370         40       8432     824161   Object Totals
         0          0         32          0          0          0   (incl. Generated)
        24          0          4          0          4          0   (incl. Padding)

    ----------------------------------------------------------------------

      Code (inc. data)   RO Data    RW Data    ZI Data      Debug   Library Member Name

       856        118         80          0          0        288   acos.o
       200         20          0          0          0        164   cos.o
       368         46         48          0          0        200   cos_i.o
       184         44          0          0          0        744   dunder.o
        24          0          0          0          0        124   fabs.o
        48          0          0          0          0        124   fpclassify.o
       248          0          0          0          0        152   poly.o
      3152        296        136          0          0        352   pow.o
         0          0          8          0          0          0   qnan.o
      1080        142        200          0          0        188   rred.o
       304         24         40          0          0        208   sin_i.o
       232          0          0          0          0        296   sqrt.o
         0          0          0          0          0          0   entry.o
         0          0          0          0          0          0   entry10a.o
         0          0          0          0          0          0   entry11a.o
         4          0          0          0          0          0   entry12b.o
         8          4          0          0          0          0   entry2.o
         4          0          0          0          0          0   entry5.o
         0          0          0          0          0          0   entry7b.o
         0          0          0          0          0          0   entry8b.o
         8          4          0          0          0          0   entry9a.o
        12          6          0          4          0         68   errno.o
        30          0          0          0          0          0   handlers.o
        36          8          0          0          0         68   init.o
         0          0          0          0          0          0   iusefp.o
        30          0          0          0          0         68   llshl.o
        36          0          0          0          0         68   llsshr.o
        32          0          0          0          0         68   llushr.o
        26          0          0          0          0         80   memcmp.o
        36          0          0          0          0         68   memcpya.o
        36          0          0          0          0        108   memseta.o
      2268         96          0          0          0        616   printfa.o
         0          0          0          4          0          0   stdout.o
        44          0          0          0          0         80   uidiv.o
        98          0          0          0          0         92   uldiv.o
        48          0          0          0          0         68   cdrcmple.o
        56          0          0          0          0         88   d2f.o
       334          0          0          0          0        148   dadd.o
       222          0          0          0          0        100   ddiv.o
       186          0          0          0          0        176   depilogue.o
        62          0          0          0          0         80   dfixi.o
        48          0          0          0          0         68   dfixul.o
        34          0          0          0          0         76   dflti.o
        26          0          0          0          0         76   dfltui.o
       228          0          0          0          0         96   dmul.o
        46          0          0          0          0         80   dscalb.o
       162          0          0          0          0        100   dsqrt.o
        38          0          0          0          0         68   f2d.o
       110          0          0          0          0        168   fepilogue.o

    ----------------------------------------------------------------------
     11014        808        512          8          0       5616   Library Totals
        10          0          0          0          0          0   (incl. Padding)

    ----------------------------------------------------------------------

      Code (inc. data)   RO Data    RW Data    ZI Data      Debug   Library Name

      6696        690        512          0          0       2840   m_wm.l
      2708        118          0          8          0       1384   mc_w.l
      1600          0          0          0          0       1392   mf_w.l

    ----------------------------------------------------------------------
     11014        808        512          8          0       5616   Library Totals

    ----------------------------------------------------------------------

==============================================================================


      Code (inc. data)   RO Data    RW Data    ZI Data      Debug   

     23174       1700       3882         48       8432     815825   Grand Totals
     23174       1700       3882         48       8432     815825   ELF Image Totals
     23174       1700       3882         48          0          0   ROM Totals

==============================================================================

    Total RO  Size (Code + RO Data)                27056 (  26.42kB)
    Total RW  Size (RW Data + ZI Data)              8480 (   8.28kB)
    Total ROM Size (Code + RO Data + RW Data)      27104 (  26.47kB)

==============================================================================

