Component: ARM Compiler 5.06 update 5 (build 528) Tool: armlink [4d35e2]

==============================================================================

Section Cross References

    startup_stm32f407xx.o(RESET) refers to startup_stm32f407xx.o(STACK) for __initial_sp
    startup_stm32f407xx.o(RESET) refers to startup_stm32f407xx.o(.text) for Reset_Handler
    startup_stm32f407xx.o(RESET) refers to stm32f4xx_it.o(i.NMI_Handler) for NMI_Handler
    startup_stm32f407xx.o(RESET) refers to stm32f4xx_it.o(i.HardFault_Handler) for HardFault_Handler
    startup_stm32f407xx.o(RESET) refers to stm32f4xx_it.o(i.MemManage_Handler) for MemManage_Handler
    startup_stm32f407xx.o(RESET) refers to stm32f4xx_it.o(i.BusFault_Handler) for BusFault_Handler
    startup_stm32f407xx.o(RESET) refers to stm32f4xx_it.o(i.UsageFault_Handler) for UsageFault_Handler
    startup_stm32f407xx.o(RESET) refers to stm32f4xx_it.o(i.SVC_Handler) for SVC_Handler
    startup_stm32f407xx.o(RESET) refers to stm32f4xx_it.o(i.DebugMon_Handler) for DebugMon_Handler
    startup_stm32f407xx.o(RESET) refers to stm32f4xx_it.o(i.PendSV_Handler) for PendSV_Handler
    startup_stm32f407xx.o(RESET) refers to stm32f4xx_it.o(i.SysTick_Handler) for SysTick_Handler
    startup_stm32f407xx.o(RESET) refers to stm32f4xx_it.o(i.TIM3_IRQHandler) for TIM3_IRQHandler
    startup_stm32f407xx.o(RESET) refers to stm32f4xx_it.o(i.USART1_IRQHandler) for USART1_IRQHandler
    startup_stm32f407xx.o(RESET) refers to stm32f4xx_it.o(i.USART2_IRQHandler) for USART2_IRQHandler
    startup_stm32f407xx.o(RESET) refers to stm32f4xx_it.o(i.TIM5_IRQHandler) for TIM5_IRQHandler
    startup_stm32f407xx.o(RESET) refers to stm32f4xx_it.o(i.UART5_IRQHandler) for UART5_IRQHandler
    startup_stm32f407xx.o(.text) refers to system_stm32f4xx.o(i.SystemInit) for SystemInit
    startup_stm32f407xx.o(.text) refers to entry.o(.ARM.Collect$$$$00000000) for __main
    sg90.o(i.SG90_Init) refers to stm32f4xx_hal_tim_ex.o(i.HAL_TIMEx_PWMN_Start) for HAL_TIMEx_PWMN_Start
    sg90.o(i.SG90_Init) refers to tim.o(.bss) for htim8
    sg90.o(i.SG90_SetAngle) refers to tim.o(.bss) for htim8
    ms200.o(i.ComputeCRC8) refers to ms200.o(.constdata) for .constdata
    ms200.o(i.MS200_GetPointsData) refers to ms200.o(.bss) for .bss
    ms200.o(i.MS200_Init) refers to stm32f4xx_hal_uart.o(i.HAL_UART_Receive_IT) for HAL_UART_Receive_IT
    ms200.o(i.MS200_Init) refers to ms200.o(.data) for .data
    ms200.o(i.MS200_Init) refers to usart.o(.bss) for huart5
    ms200.o(i.MS200_ReceiveProcess) refers to memseta.o(.text) for __aeabi_memclr4
    ms200.o(i.MS200_ReceiveProcess) refers to memcmp.o(.text) for memcmp
    ms200.o(i.MS200_ReceiveProcess) refers to ms200.o(i.ComputeCRC8) for ComputeCRC8
    ms200.o(i.MS200_ReceiveProcess) refers to stm32f4xx_hal_uart.o(i.HAL_UART_Receive_IT) for HAL_UART_Receive_IT
    ms200.o(i.MS200_ReceiveProcess) refers to ms200.o(.data) for .data
    ms200.o(i.MS200_ReceiveProcess) refers to ms200.o(.bss) for .bss
    ms200.o(i.MS200_ReceiveProcess) refers to ms200.o(.constdata) for .constdata
    ms200.o(i.MS200_ReceiveProcess) refers to usart.o(.bss) for huart5
    oled.o(i.OLED_Clear) refers to oled.o(i.OLED_Refresh_Gram) for OLED_Refresh_Gram
    oled.o(i.OLED_Clear) refers to oled.o(.bss) for .bss
    oled.o(i.OLED_Display) refers to oled.o(i.OLED_Display_On) for OLED_Display_On
    oled.o(i.OLED_Display) refers to oled.o(i.OLED_Refresh_Gram) for OLED_Refresh_Gram
    oled.o(i.OLED_Display_Off) refers to oled.o(i.OLED_WR_Byte) for OLED_WR_Byte
    oled.o(i.OLED_Display_On) refers to oled.o(i.OLED_WR_Byte) for OLED_WR_Byte
    oled.o(i.OLED_DrawPoint) refers to oled.o(.bss) for .bss
    oled.o(i.OLED_Init) refers to stm32f4xx_hal_gpio.o(i.HAL_GPIO_WritePin) for HAL_GPIO_WritePin
    oled.o(i.OLED_Init) refers to oled.o(i.OLED_WR_Byte) for OLED_WR_Byte
    oled.o(i.OLED_Init) refers to oled.o(i.OLED_Clear) for OLED_Clear
    oled.o(i.OLED_Refresh_Gram) refers to oled.o(i.OLED_WR_Byte) for OLED_WR_Byte
    oled.o(i.OLED_Refresh_Gram) refers to oled.o(.bss) for .bss
    oled.o(i.OLED_ShowChar) refers to oled.o(i.OLED_DrawPoint) for OLED_DrawPoint
    oled.o(i.OLED_ShowChar) refers to oled.o(.constdata) for .constdata
    oled.o(i.OLED_ShowFloat) refers to f2d.o(.text) for __aeabi_f2d
    oled.o(i.OLED_ShowFloat) refers to printfa.o(i.__0sprintf) for __2sprintf
    oled.o(i.OLED_ShowFloat) refers to printfa.o(i.__0printf) for __2printf
    oled.o(i.OLED_ShowFloat) refers to oled.o(i.OLED_ShowString) for OLED_ShowString
    oled.o(i.OLED_ShowNumber) refers to oled.o(i.oled_pow) for oled_pow
    oled.o(i.OLED_ShowNumber) refers to oled.o(i.OLED_ShowChar) for OLED_ShowChar
    oled.o(i.OLED_ShowString) refers to oled.o(i.OLED_Clear) for OLED_Clear
    oled.o(i.OLED_ShowString) refers to oled.o(i.OLED_ShowChar) for OLED_ShowChar
    oled.o(i.OLED_WR_Byte) refers to stm32f4xx_hal_gpio.o(i.HAL_GPIO_WritePin) for HAL_GPIO_WritePin
[...]
    i.DebugMon_Handler                       0x0800099c   Section        0  stm32f4xx_it.o(i.DebugMon_Handler)
    i.Error_Handler                          0x0800099e   Section        0  main.o(i.Error_Handler)
    i.HAL_DMA_Abort                          0x080009a2   Section        0  stm32f4xx_hal_dma.o(i.HAL_DMA_Abort)
    i.HAL_DMA_Abort_IT                       0x08000a34   Section        0  stm32f4xx_hal_dma.o(i.HAL_DMA_Abort_IT)
    i.HAL_GPIO_Init                          0x08000a58   Section        0  stm32f4xx_hal_gpio.o(i.HAL_GPIO_Init)
    i.HAL_GPIO_WritePin                      0x08000c48   Section        0  stm32f4xx_hal_gpio.o(i.HAL_GPIO_WritePin)
    i.HAL_GetTick                            0x08000c54   Section        0  stm32f4xx_hal.o(i.HAL_GetTick)
    i.HAL_IncTick                            0x08000c60   Section        0  stm32f4xx_hal.o(i.HAL_IncTick)
    i.HAL_Init                               0x08000c70   Section        0  stm32f4xx_hal.o(i.HAL_Init)
    i.HAL_InitTick                           0x08000ca4   Section        0  stm32f4xx_hal.o(i.HAL_InitTick)
    i.HAL_MspInit                            0x08000ce4   Section        0  stm32f4xx_hal_msp.o(i.HAL_MspInit)
    i.HAL_NVIC_EnableIRQ                     0x08000d14   Section        0  stm32f4xx_hal_cortex.o(i.HAL_NVIC_EnableIRQ)
    i.HAL_NVIC_SetPriority                   0x08000d30   Section        0  stm32f4xx_hal_cortex.o(i.HAL_NVIC_SetPriority)
    i.HAL_NVIC_SetPriorityGrouping           0x08000d70   Section        0  stm32f4xx_hal_cortex.o(i.HAL_NVIC_SetPriorityGrouping)
    i.HAL_RCC_ClockConfig                    0x08000d94   Section        0  stm32f4xx_hal_rcc.o(i.HAL_RCC_ClockConfig)
    i.HAL_RCC_GetPCLK1Freq                   0x08000ec8   Section        0  stm32f4xx_hal_rcc.o(i.HAL_RCC_GetPCLK1Freq)
    i.HAL_RCC_GetPCLK2Freq                   0x08000ee8   Section        0  stm32f4xx_hal_rcc.o(i.HAL_RCC_GetPCLK2Freq)
    i.HAL_RCC_GetSysClockFreq                0x08000f08   Section        0  stm32f4xx_hal_rcc.o(i.HAL_RCC_GetSysClockFreq)
    i.HAL_RCC_OscConfig                      0x08000f68   Section        0  stm32f4xx_hal_rcc.o(i.HAL_RCC_OscConfig)
    i.HAL_SYSTICK_Config                     0x080012d4   Section        0  stm32f4xx_hal_cortex.o(i.HAL_SYSTICK_Config)
    i.HAL_TIMEx_BreakCallback                0x080012fc   Section        0  stm32f4xx_hal_tim_ex.o(i.HAL_TIMEx_BreakCallback)
    i.HAL_TIMEx_CommutCallback               0x080012fe   Section        0  stm32f4xx_hal_tim_ex.o(i.HAL_TIMEx_CommutCallback)
    i.HAL_TIMEx_ConfigBreakDeadTime          0x08001300   Section        0  stm32f4xx_hal_tim_ex.o(i.HAL_TIMEx_ConfigBreakDeadTime)
    i.HAL_TIMEx_MasterConfigSynchronization  0x08001354   Section        0  stm32f4xx_hal_tim_ex.o(i.HAL_TIMEx_MasterConfigSynchronization)
    i.HAL_TIMEx_PWMN_Start                   0x080013e4   Section        0  stm32f4xx_hal_tim_ex.o(i.HAL_TIMEx_PWMN_Start)
    i.HAL_TIM_Base_Init                      0x080014a4   Section        0  stm32f4xx_hal_tim.o(i.HAL_TIM_Base_Init)
    i.HAL_TIM_Base_MspInit                   0x08001500   Section        0  tim.o(i.HAL_TIM_Base_MspInit)
    i.HAL_TIM_Base_Start_IT                  0x080015b4   Section        0  stm32f4xx_hal_tim.o(i.HAL_TIM_Base_Start_IT)
    i.HAL_TIM_ConfigClockSource              0x08001634   Section        0  stm32f4xx_hal_tim.o(i.HAL_TIM_ConfigClockSource)
    i.HAL_TIM_Encoder_Init                   0x08001710   Section        0  stm32f4xx_hal_tim.o(i.HAL_TIM_Encoder_Init)
    i.HAL_TIM_Encoder_MspInit                0x080017b4   Section        0  tim.o(i.HAL_TIM_Encoder_MspInit)
    i.HAL_TIM_Encoder_Start                  0x08001828   Section        0  stm32f4xx_hal_tim.o(i.HAL_TIM_Encoder_Start)
    i.HAL_TIM_IC_CaptureCallback             0x080018b6   Section        0  stm32f4xx_hal_tim.o(i.HAL_TIM_IC_CaptureCallback)
    i.HAL_TIM_IRQHandler                     0x080018b8   Section        0  stm32f4xx_hal_tim.o(i.HAL_TIM_IRQHandler)
    i.HAL_TIM_MspPostInit                    0x080019e8   Section        0  tim.o(i.HAL_TIM_MspPostInit)
    i.HAL_TIM_OC_DelayElapsedCallback        0x08001a90   Section        0  stm32f4xx_hal_tim.o(i.HAL_TIM_OC_DelayElapsedCallback)
    i.HAL_TIM_PWM_ConfigChannel              0x08001a92   Section        0  stm32f4xx_hal_tim.o(i.HAL_TIM_PWM_ConfigChannel)
    i.HAL_TIM_PWM_Init                       0x08001b5e   Section        0  stm32f4xx_hal_tim.o(i.HAL_TIM_PWM_Init)
    i.HAL_TIM_PWM_MspInit                    0x08001bb8   Section        0  stm32f4xx_hal_tim.o(i.HAL_TIM_PWM_MspInit)
    i.HAL_TIM_PWM_PulseFinishedCallback      0x08001bba   Section        0  stm32f4xx_hal_tim.o(i.HAL_TIM_PWM_PulseFinishedCallback)
    i.HAL_TIM_PWM_Start                      0x08001bbc   Section        0  stm32f4xx_hal_tim.o(i.HAL_TIM_PWM_Start)
    i.HAL_TIM_PeriodElapsedCallback          0x08001c84   Section        0  motor.o(i.HAL_TIM_PeriodElapsedCallback)
    i.HAL_TIM_TriggerCallback                0x08001d38   Section        0  stm32f4xx_hal_tim.o(i.HAL_TIM_TriggerCallback)
    i.HAL_UARTEx_RxEventCallback             0x08001d3a   Section        0  stm32f4xx_hal_uart.o(i.HAL_UARTEx_RxEventCallback)
    i.HAL_UART_ErrorCallback                 0x08001d3c   Section        0  stm32f4xx_hal_uart.o(i.HAL_UART_ErrorCallback)
    i.HAL_UART_IRQHandler                    0x08001d40   Section        0  stm32f4xx_hal_uart.o(i.HAL_UART_IRQHandler)
    i.HAL_UART_Init                          0x08001fb0   Section        0  stm32f4xx_hal_uart.o(i.HAL_UART_Init)
    i.HAL_UART_MspInit                       0x08002014   Section        0  usart.o(i.HAL_UART_MspInit)
    i.HAL_UART_Receive_IT                    0x08002160   Section        0  stm32f4xx_hal_uart.o(i.HAL_UART_Receive_IT)
    i.HAL_UART_RxCpltCallback                0x0800217c   Section        0  main.o(i.HAL_UART_RxCpltCallback)
    i.HAL_UART_Transmit                      0x08002190   Section        0  stm32f4xx_hal_uart.o(i.HAL_UART_Transmit)
    i.HAL_UART_TxCpltCallback                0x08002230   Section        0  stm32f4xx_hal_uart.o(i.HAL_UART_TxCpltCallback)
    i.HardFault_Handler                      0x08002232   Section        0  stm32f4xx_it.o(i.HardFault_Handler)
    i.MOTOR_Init                             0x08002234   Section        0  motor.o(i.MOTOR_Init)
    i.MOTOR_SetSpeed                         0x0800229c   Section        0  motor.o(i.MOTOR_SetSpeed)
    i.MS200_GetPointsData                    0x080022d8   Section        0  ms200.o(i.MS200_GetPointsData)
    i.MS200_Init                             0x080022e0   Section        0  ms200.o(i.MS200_Init)
    i.MS200_ReceiveProcess                   0x080022f4   Section        0  ms200.o(i.MS200_ReceiveProcess)
    i.MX_GPIO_Init                           0x080024a8   Section        0  gpio.o(i.MX_GPIO_Init)
    i.MX_TIM1_Init                           0x0800258c   Section        0  tim.o(i.MX_TIM1_Init)
    i.MX_TIM3_Init                           0x0800266c   Section        0  tim.o(i.MX_TIM3_Init)
    i.MX_TIM5_Init                           0x080026d8   Section        0  tim.o(i.MX_TIM5_Init)
    i.MX_TIM8_Init                           0x08002748   Section        0  tim.o(i.MX_TIM8_Init)
    i.MX_UART5_Init                          0x08002814   Section        0  usart.o(i.MX_UART5_Init)
    i.MX_USART1_UART_Init                    0x0800284c   Section        0  usart.o(i.MX_USART1_UART_Init)
    i.MX_USART2_UART_Init                    0x08002884   Section        0  usart.o(i.MX_USART2_UART_Init)
    i.MemManage_Handler                      0x080028bc   Section        0  stm32f4xx_it.o(i.MemManage_Handler)
    i.NMI_Handler                            0x080028be   Section        0  stm32f4xx_it.o(i.NMI_Handler)
    i.OLED_Clear                             0x080028c0   Section        0  oled.o(i.OLED_Clear)
    i.OLED_Display                           0x080028ec   Section        0  oled.o(i.OLED_Display)
    i.OLED_Display_On                        0x080028fa   Section        0  oled.o(i.OLED_Display_On)
    i.OLED_DrawPoint                         0x08002918   Section        0  oled.o(i.OLED_DrawPoint)
    i.OLED_Init                              0x08002954   Section        0  oled.o(i.OLED_Init)
    i.OLED_Refresh_Gram                      0x08002a44   Section        0  oled.o(i.OLED_Refresh_Gram)
    i.OLED_ShowChar                          0x08002a90   Section        0  oled.o(i.OLED_ShowChar)
    i.OLED_ShowFloat                         0x08002b20   Section        0  oled.o(i.OLED_ShowFloat)
    i.OLED_ShowString                        0x08002b64   Section        0  oled.o(i.OLED_ShowString)
    i.OLED_WR_Byte                           0x08002ba4   Section        0  oled.o(i.OLED_WR_Byte)
    i.PendSV_Handler                         0x08002c10   Section        0  stm32f4xx_it.o(i.PendSV_Handler)
    i.SG90_Init                              0x08002c14   Section        0  sg90.o(i.SG90_Init)
    i.SG90_SetAngle                          0x08002c20   Section        0  sg90.o(i.SG90_SetAngle)
    i.SVC_Handler                            0x08002c54   Section        0  stm32f4xx_it.o(i.SVC_Handler)
    i.Servo_Control                          0x08002c58   Section        0  main.o(i.Servo_Control)
    i.Speed_Control                          0x08002c84   Section        0  main.o(i.Speed_Control)
    i.SysTick_Handler                        0x08002c90   Section        0  stm32f4xx_it.o(i.SysTick_Handler)
    i.SystemClock_Config                     0x08002c94   Section        0  main.o(i.SystemClock_Config)
    i.SystemInit                             0x08002d28   Section        0  system_stm32f4xx.o(i.SystemInit)
    i.TIM3_IRQHandler                        0x08002d38   Section        0  stm32f4xx_it.o(i.TIM3_IRQHandler)
    i.TIM5_IRQHandler                        0x08002d44   Section        0  stm32f4xx_it.o(i.TIM5_IRQHandler)
    i.TIM_Base_SetConfig                     0x08002d50   Section        0  stm32f4xx_hal_tim.o(i.TIM_Base_SetConfig)
    i.TIM_CCxChannelCmd                      0x08002e28   Section        0  stm32f4xx_hal_tim.o(i.TIM_CCxChannelCmd)
    i.TIM_CCxNChannelCmd                     0x08002e42   Section        0  stm32f4xx_hal_tim_ex.o(i.TIM_CCxNChannelCmd)
    TIM_CCxNChannelCmd                       0x08002e43   Thumb Code    26  stm32f4xx_hal_tim_ex.o(i.TIM_CCxNChannelCmd)
    i.TIM_ETR_SetConfig                      0x08002e5c   Section        0  stm32f4xx_hal_tim.o(i.TIM_ETR_SetConfig)
    i.TIM_ITRx_SetConfig                     0x08002e70   Section        0  stm32f4xx_hal_tim.o(i.TIM_ITRx_SetConfig)
    TIM_ITRx_SetConfig                       0x08002e71   Thumb Code    16  stm32f4xx_hal_tim.o(i.TIM_ITRx_SetConfig)
    i.TIM_OC1_SetConfig                      0x08002e80   Section        0  stm32f4xx_hal_tim.o(i.TIM_OC1_SetConfig)
    TIM_OC1_SetConfig                        0x08002e81   Thumb Code    88  stm32f4xx_hal_tim.o(i.TIM_OC1_SetConfig)
    i.TIM_OC2_SetConfig                      0x08002ee0   Section        0  stm32f4xx_hal_tim.o(i.TIM_OC2_SetConfig)
    i.TIM_OC3_SetConfig                      0x08002f4c   Section        0  stm32f4xx_hal_tim.o(i.TIM_OC3_SetConfig)
    TIM_OC3_SetConfig                        0x08002f4d   Thumb Code    96  stm32f4xx_hal_tim.o(i.TIM_OC3_SetConfig)
    i.TIM_OC4_SetConfig                      0x08002fb4   Section        0  stm32f4xx_hal_tim.o(i.TIM_OC4_SetConfig)
    TIM_OC4_SetConfig                        0x08002fb5   Thumb Code    70  stm32f4xx_hal_tim.o(i.TIM_OC4_SetConfig)
    i.TIM_TI1_ConfigInputStage               0x08003004   Section        0  stm32f4xx_hal_tim.o(i.TIM_TI1_ConfigInputStage)
    TIM_TI1_ConfigInputStage                 0x08003005   Thumb Code    34  stm32f4xx_hal_tim.o(i.TIM_TI1_ConfigInputStage)
    i.TIM_TI2_ConfigInputStage               0x08003026   Section        0  stm32f4xx_hal_tim.o(i.TIM_TI2_ConfigInputStage)
    TIM_TI2_ConfigInputStage                 0x08003027   Thumb Code    36  stm32f4xx_hal_tim.o(i.TIM_TI2_ConfigInputStage)
    i.UART5_IRQHandler                       0x0800304c   Section        0  stm32f4xx_it.o(i.UART5_IRQHandler)
    i.UART_DMAAbortOnError                   0x08003058   Section        0  stm32f4xx_hal_uart.o(i.UART_DMAAbortOnError)
    UART_DMAAbortOnError                     0x08003059   Thumb Code    16  stm32f4xx_hal_uart.o(i.UART_DMAAbortOnError)
    i.UART_EndRxTransfer                     0x08003068   Section        0  stm32f4xx_hal_uart.o(i.UART_EndRxTransfer)
    UART_EndRxTransfer                       0x08003069   Thumb Code    78  stm32f4xx_hal_uart.o(i.UART_EndRxTransfer)
    i.UART_Receive_IT                        0x080030b6   Section        0  stm32f4xx_hal_uart.o(i.UART_Receive_IT)
    UART_Receive_IT                          0x080030b7   Thumb Code   194  stm32f4xx_hal_uart.o(i.UART_Receive_IT)
    i.UART_SetConfig                         0x08003178   Section        0  stm32f4xx_hal_uart.o(i.UART_SetConfig)
    UART_SetConfig                           0x08003179   Thumb Code   258  stm32f4xx_hal_uart.o(i.UART_SetConfig)
    i.UART_Start_Receive_IT                  0x08003284   Section        0  stm32f4xx_hal_uart.o(i.UART_Start_Receive_IT)
    i.UART_WaitOnFlagUntilTimeout            0x080032ba   Section        0  stm32f4xx_hal_uart.o(i.UART_WaitOnFlagUntilTimeout)
    UART_WaitOnFlagUntilTimeout              0x080032bb   Thumb Code   114  stm32f4xx_hal_uart.o(i.UART_WaitOnFlagUntilTimeout)
    i.USART1_IRQHandler                      0x0800332c   Section        0  stm32f4xx_it.o(i.USART1_IRQHandler)
    i.USART2_IRQHandler                      0x08003338   Section        0  stm32f4xx_it.o(i.USART2_IRQHandler)
    i.UsageFault_Handler                     0x08003344   Section        0  stm32f4xx_it.o(i.UsageFault_Handler)
    i.__0printf                              0x08003348   Section        0  printfa.o(i.__0printf)
    i.__0sprintf                             0x08003368   Section        0  printfa.o(i.__0sprintf)
    i.__ARM_fpclassify                       0x08003390   Section        0  fpclassify.o(i.__ARM_fpclassify)
    i.__ARM_fpclassifyf                      0x080033c0   Section        0  fpclassifyf.o(i.__ARM_fpclassifyf)
    i.__NVIC_SetPriority                     0x080033e6   Section        0  stm32f4xx_hal_cortex.o(i.__NVIC_SetPriority)
    __NVIC_SetPriority                       0x080033e7   Thumb Code    32  stm32f4xx_hal_cortex.o(i.__NVIC_SetPriority)
    i.__hardfp_acos                          0x08003408   Section        0  acos.o(i.__hardfp_acos)
    i.__hardfp_atan2f                        0x08003760   Section        0  atan2f.o(i.__hardfp_atan2f)
    i.__hardfp_cos                           0x080039b0   Section        0  cos.o(i.__hardfp_cos)
    i.__hardfp_fabs                          0x08003a78   Section        0  fabs.o(i.__hardfp_fabs)
    i.__hardfp_pow                           0x08003a90   Section        0  pow.o(i.__hardfp_pow)
    i.__hardfp_sqrt                          0x080046e0   Section        0  sqrt.o(i.__hardfp_sqrt)
    i.__hardfp_sqrtf                         0x0800475a   Section        0  sqrtf.o(i.__hardfp_sqrtf)
    i.__ieee754_rem_pio2                     0x08004798   Section        0  rred.o(i.__ieee754_rem_pio2)
    i.__kernel_cos                           0x08004bd0   Section        0  cos_i.o(i.__kernel_cos)
    i.__kernel_poly                          0x08004d40   Section        0  poly.o(i.__kernel_poly)
    i.__kernel_sin                           0x08004e38   Section        0  sin_i.o(i.__kernel_sin)
    i.__mathlib_dbl_divzero                  0x08004f68   Section        0  dunder.o(i.__mathlib_dbl_divzero)
    i.__mathlib_dbl_infnan                   0x08004f98   Section        0  dunder.o(i.__mathlib_dbl_infnan)
    i.__mathlib_dbl_infnan2                  0x08004fac   Section        0  dunder.o(i.__mathlib_dbl_infnan2)
    i.__mathlib_dbl_invalid                  0x08004fc0   Section        0  dunder.o(i.__mathlib_dbl_invalid)
    i.__mathlib_dbl_overflow                 0x08004fe0   Section        0  dunder.o(i.__mathlib_dbl_overflow)
    i.__mathlib_dbl_underflow                0x08005000   Section        0  dunder.o(i.__mathlib_dbl_underflow)
    i.__mathlib_flt_infnan2                  0x08005020   Section        0  funder.o(i.__mathlib_flt_infnan2)
    i.__mathlib_flt_underflow                0x08005028   Section        0  funder.o(i.__mathlib_flt_underflow)
    i.__scatterload_copy                     0x08005038   Section       14  handlers.o(i.__scatterload_copy)
    i.__scatterload_null                     0x08005046   Section        2  handlers.o(i.__scatterload_null)
    i.__scatterload_zeroinit                 0x08005048   Section       14  handlers.o(i.__scatterload_zeroinit)
    i.__set_errno                            0x08005058   Section        0  errno.o(i.__set_errno)
    i._fp_digits                             0x08005064   Section        0  printfa.o(i._fp_digits)
    _fp_digits                               0x08005065   Thumb Code   366  printfa.o(i._fp_digits)
    i._printf_core                           0x080051e8   Section        0  printfa.o(i._printf_core)
    _printf_core                             0x080051e9   Thumb Code  1744  printfa.o(i._printf_core)
    i._printf_post_padding                   0x080058c4   Section        0  printfa.o(i._printf_post_padding)
    _printf_post_padding                     0x080058c5   Thumb Code    36  printfa.o(i._printf_post_padding)
    i._printf_pre_padding                    0x080058e8   Section        0  printfa.o(i._printf_pre_padding)
    _printf_pre_padding                      0x080058e9   Thumb Code    46  printfa.o(i._printf_pre_padding)
    i._sputc                                 0x08005916   Section        0  printfa.o(i._sputc)
    _sputc                                   0x08005917   Thumb Code    10  printfa.o(i._sputc)
    i.avg_dis                                0x08005920   Section        0  main.o(i.avg_dis)
    i.avoid_obstacle                         0x08005950   Section        0  main.o(i.avoid_obstacle)
    i.calculateAngleCurvature                0x080059b4   Section        0  main.o(i.calculateAngleCurvature)
    i.calculateBasicCurvature                0x08005acc   Section        0  main.o(i.calculateBasicCurvature)
    i.calculateOptimalCurvature              0x08005c98   Section        0  main.o(i.calculateOptimalCurvature)
    i.fabs                                   0x08005d30   Section        0  fabs.o(i.fabs)
    i.fputc                                  0x08005d48   Section        0  usart.o(i.fputc)
    i.main                                   0x08005d60   Section        0  main.o(i.main)
    i.movingAverage                          0x08005e94   Section        0  main.o(i.movingAverage)
    i.qvlvpanduan                            0x08005ed8   Section        0  main.o(i.qvlvpanduan)
    i.run                                    0x08005fe4   Section        0  main.o(i.run)
    i.sqrt                                   0x08006378   Section        0  sqrt.o(i.sqrt)
    .constdata                               0x080063e6   Section      258  ms200.o(.constdata)
    .constdata                               0x080064e8   Section     2660  oled.o(.constdata)
    .constdata                               0x08006f4c   Section       16  system_stm32f4xx.o(.constdata)
    .constdata                               0x08006f5c   Section        8  system_stm32f4xx.o(.constdata)
    .constdata                               0x08006f68   Section       80  acos.o(.constdata)
    pS                                       0x08006f68   Data          48  acos.o(.constdata)
    qS                                       0x08006f98   Data          32  acos.o(.constdata)
    .constdata                               0x08006fb8   Section      136  pow.o(.constdata)
    bp                                       0x08006fb8   Data          16  pow.o(.constdata)
    dp_h                                     0x08006fc8   Data          16  pow.o(.constdata)
    dp_l                                     0x08006fd8   Data          16  pow.o(.constdata)
    L                                        0x08006fe8   Data          48  pow.o(.constdata)
    P                                        0x08007018   Data          40  pow.o(.constdata)
    .constdata                               0x08007040   Section       48  cos_i.o(.constdata)
    C                                        0x08007040   Data          48  cos_i.o(.constdata)
    .constdata                               0x08007070   Section        8  qnan.o(.constdata)
    .constdata                               0x08007078   Section      200  rred.o(.constdata)
    pio2s                                    0x08007078   Data          48  rred.o(.constdata)
    twooverpi                                0x080070a8   Data         152  rred.o(.constdata)
    .constdata                               0x08007140   Section       40  sin_i.o(.constdata)
    S                                        0x08007140   Data          40  sin_i.o(.constdata)
    .data                                    0x20000000   Section        8  ms200.o(.data)
    .data                                    0x20000008   Section      248  main.o(.data)
    historical_mean                          0x20000014   Data           4  main.o(.data)
    sin_values                               0x20000040   Data          72  main.o(.data)
    cos_values                               0x20000088   Data          72  main.o(.data)
    angle_pid_1                              0x200000d0   Data          12  main.o(.data)
    angle_pid_2                              0x200000dc   Data          12  main.o(.data)
    angle_pid_3                              0x200000e8   Data          12  main.o(.data)
    angle_pid_4                              0x200000f4   Data          12  main.o(.data)
    .data                                    0x20000100   Section       12  stm32f4xx_hal.o(.data)
    .data                                    0x2000010c   Section        4  system_stm32f4xx.o(.data)
    .data                                    0x20000110   Section        4  stdout.o(.data)
    .data                                    0x20000114   Section        4  errno.o(.data)
    _errno                                   0x20000114   Data           4  errno.o(.data)
    .bss                                     0x20000118   Section     2976  ms200.o(.bss)
    points                                   0x20000178   Data        2880  ms200.o(.bss)
    .bss                                     0x20000cb8   Section     1024  oled.o(.bss)
    .bss                                     0x200010b8   Section       20  motor.o(.bss)
    .bss                                     0x200010d0   Section     3532  main.o(.bss)
    remapped_diss                            0x200010f8   Data        1440  main.o(.bss)
    angle_pid                                0x200018d8   Data          36  main.o(.bss)
    .bss                                     0x20001e9c   Section      288  tim.o(.bss)
    .bss                                     0x20001fbc   Section      216  usart.o(.bss)
    STACK                                    0x20002098   Section     1024  startup_stm32f407xx.o(STACK)

    Global Symbols

    Symbol Name                              Value     Ov Type        Size  Object(Section)

    BuildAttributes$$THM_ISAv4$E$P$D$K$B$S$7EM$VFPi3$EXTD16$VFPS$VFMA$PE$A:L22UL41UL21$X:L11$S22US41US21$IEEE1$IW$USESV6$~STKCKD$USESV7$~SHL$OTIME$ROPI$IEEEX$EBA8$MICROLIB$REQ8$PRES8$EABIv2 0x00000000   Number         0  anon$$obj.o ABSOLUTE
    __ARM_use_no_argv                        0x00000000   Number         0  main.o ABSOLUTE
    _printf_a                                0x00000000   Number         0  stubs.o ABSOLUTE
    _printf_c                                0x00000000   Number         0  stubs.o ABSOLUTE
    _printf_charcount                        0x00000000   Number         0  stubs.o ABSOLUTE
    _printf_d                                0x00000000   Number         0  stubs.o ABSOLUTE
    _printf_e                                0x00000000   Number         0  stubs.o ABSOLUTE
    _printf_f                                0x00000000   Number         0  stubs.o ABSOLUTE
    _printf_flags                            0x00000000   Number         0  stubs.o ABSOLUTE
    _printf_fp_dec                           0x00000000   Number         0  stubs.o ABSOLUTE
    _printf_fp_hex                           0x00000000   Number         0  stubs.o ABSOLUTE
    _printf_g                                0x00000000   Number         0  stubs.o ABSOLUTE
    _printf_i                                0x00000000   Number         0  stubs.o ABSOLUTE
    _printf_int_dec                          0x00000000   Number         0  stubs.o ABSOLUTE
    _printf_l                                0x00000000   Number         0  stubs.o ABSOLUTE
    _printf_lc                               0x00000000   Number         0  stubs.o ABSOLUTE
    _printf_ll                               0x00000000   Number         0  stubs.o ABSOLUTE
    _printf_lld                              0x00000000   Number         0  stubs.o ABSOLUTE
    _printf_lli                              0x00000000   Number         0  stubs.o ABSOLUTE
    _printf_llo                              0x00000000   Number         0  stubs.o ABSOLUTE
    _printf_llu                              0x00000000   Number         0  stubs.o ABSOLUTE
    _printf_llx                              0x00000000   Number         0  stubs.o ABSOLUTE
    _printf_longlong_dec                     0x00000000   Number         0  stubs.o ABSOLUTE
    _printf_longlong_hex                     0x00000000   Number         0  stubs.o ABSOLUTE
    _printf_longlong_oct                     0x00000000   Number         0  stubs.o ABSOLUTE
    _printf_ls                               0x00000000   Number         0  stubs.o ABSOLUTE
    _printf_mbtowc                           0x00000000   Number         0  stubs.o ABSOLUTE
    _printf_n                                0x00000000   Number         0  stubs.o ABSOLUTE
    _printf_o                                0x00000000   Number         0  stubs.o ABSOLUTE
    _printf_p                                0x00000000   Number         0  stubs.o ABSOLUTE
    _printf_percent                          0x00000000   Number         0  stubs.o ABSOLUTE
    _printf_pre_padding                      0x00000000   Number         0  stubs.o ABSOLUTE
    _printf_return_value                     0x00000000   Number         0  stubs.o ABSOLUTE
    _printf_s                                0x00000000   Number         0  stubs.o ABSOLUTE
    _printf_sizespec                         0x00000000   Number         0  stubs.o ABSOLUTE
    _printf_str                              0x00000000   Number         0  stubs.o ABSOLUTE
    _printf_truncate_signed                  0x00000000   Number         0  stubs.o ABSOLUTE
    _printf_truncate_unsigned                0x00000000   Number         0  stubs.o ABSOLUTE
    _printf_u                                0x00000000   Number         0  stubs.o ABSOLUTE
    _printf_wc                               0x00000000   Number         0  stubs.o ABSOLUTE
    _printf_wctomb                           0x00000000   Number         0  stubs.o ABSOLUTE
    _printf_widthprec                        0x00000000   Number         0  stubs.o ABSOLUTE
    _printf_x                                0x00000000   Number         0  stubs.o ABSOLUTE
    __cpp_initialize__aeabi_                  - Undefined Weak Reference
    __cxa_finalize                            - Undefined Weak Reference
    __decompress                              - Undefined Weak Reference
    _clock_init                               - Undefined Weak Reference
    _microlib_exit                            - Undefined Weak Reference
    __Vectors_Size                           0x00000188   Number         0  startup_stm32f407xx.o ABSOLUTE
    __Vectors                                0x08000000   Data           4  startup_stm32f407xx.o(RESET)
    __Vectors_End                            0x08000188   Data           0  startup_stm32f407xx.o(RESET)
    __main                                   0x08000189   Thumb Code     0  entry.o(.ARM.Collect$$$$00000000)
    _main_stk                                0x08000189   Thumb Code     0  entry2.o(.ARM.Collect$$$$00000001)
    _main_scatterload                        0x0800018d   Thumb Code     0  entry5.o(.ARM.Collect$$$$00000004)
    __main_after_scatterload                 0x08000191   Thumb Code     0  entry5.o(.ARM.Collect$$$$00000004)
    _main_clock                              0x08000191   Thumb Code     0  entry7b.o(.ARM.Collect$$$$00000008)
    _main_cpp_init                           0x08000191   Thumb Code     0  entry8b.o(.ARM.Collect$$$$0000000A)
    _main_init                               0x08000191   Thumb Code     0  entry9a.o(.ARM.Collect$$$$0000000B)
    __rt_final_cpp                           0x08000199   Thumb Code     0  entry10a.o(.ARM.Collect$$$$0000000D)
    __rt_final_exit                          0x08000199   Thumb Code     0  entry11a.o(.ARM.Collect$$$$0000000F)
    Reset_Handler                            0x0800019d   Thumb Code     8  startup_stm32f407xx.o(.text)
    ADC_IRQHandler                           0x080001b7   Thumb Code     0  startup_stm32f407xx.o(.text)
    CAN1_RX0_IRQHandler                      0x080001b7   Thumb Code     0  startup_stm32f407xx.o(.text)
    CAN1_RX1_IRQHandler                      0x080001b7   Thumb Code     0  startup_stm32f407xx.o(.text)
    CAN1_SCE_IRQHandler                      0x080001b7   Thumb Code     0  startup_stm32f407xx.o(.text)
    CAN1_TX_IRQHandler                       0x080001b7   Thumb Code     0  startup_stm32f407xx.o(.text)
    CAN2_RX0_IRQHandler                      0x080001b7   Thumb Code     0  startup_stm32f407xx.o(.text)
    CAN2_RX1_IRQHandler                      0x080001b7   Thumb Code     0  startup_stm32f407xx.o(.text)
    CAN2_SCE_IRQHandler                      0x080001b7   Thumb Code     0  startup_stm32f407xx.o(.text)
    CAN2_TX_IRQHandler                       0x080001b7   Thumb Code     0  startup_stm32f407xx.o(.text)
    DCMI_IRQHandler                          0x080001b7   Thumb Code     0  startup_stm32f407xx.o(.text)
    DMA1_Stream0_IRQHandler                  0x080001b7   Thumb Code     0  startup_stm32f407xx.o(.text)
    DMA1_Stream1_IRQHandler                  0x080001b7   Thumb Code     0  startup_stm32f407xx.o(.text)
    DMA1_Stream2_IRQHandler                  0x080001b7   Thumb Code     0  startup_stm32f407xx.o(.text)
    DMA1_Stream3_IRQHandler                  0x080001b7   Thumb Code     0  startup_stm32f407xx.o(.text)
    DMA1_Stream4_IRQHandler                  0x080001b7   Thumb Code     0  startup_stm32f407xx.o(.text)
    DMA1_Stream5_IRQHandler                  0x080001b7   Thumb Code     0  startup_stm32f407xx.o(.text)
    DMA1_Stream6_IRQHandler                  0x080001b7   Thumb Code     0  startup_stm32f407xx.o(.text)
    DMA1_Stream7_IRQHandler                  0x080001b7   Thumb Code     0  startup_stm32f407xx.o(.text)
    DMA2_Stream0_IRQHandler                  0x080001b7   Thumb Code     0  startup_stm32f407xx.o(.text)
    DMA2_Stream1_IRQHandler                  0x080001b7   Thumb Code     0  startup_stm32f407xx.o(.text)
    DMA2_Stream2_IRQHandler                  0x080001b7   Thumb Code     0  startup_stm32f407xx.o(.text)
    DMA2_Stream3_IRQHandler                  0x080001b7   Thumb Code     0  startup_stm32f407xx.o(.text)
    DMA2_Stream4_IRQHandler                  0x080001b7   Thumb Code     0  startup_stm32f407xx.o(.text)
    DMA2_Stream5_IRQHandler                  0x080001b7   Thumb Code     0  startup_stm32f407xx.o(.text)
    DMA2_Stream6_IRQHandler                  0x080001b7   Thumb Code     0  startup_stm32f407xx.o(.text)
    DMA2_Stream7_IRQHandler                  0x080001b7   Thumb Code     0  startup_stm32f407xx.o(.text)
    ETH_IRQHandler                           0x080001b7   Thumb Code     0  startup_stm32f407xx.o(.text)
    ETH_WKUP_IRQHandler                      0x080001b7   Thumb Code     0  startup_stm32f407xx.o(.text)
    EXTI0_IRQHandler                         0x080001b7   Thumb Code     0  startup_stm32f407xx.o(.text)
    EXTI15_10_IRQHandler                     0x080001b7   Thumb Code     0  startup_stm32f407xx.o(.text)
    EXTI1_IRQHandler                         0x080001b7   Thumb Code     0  startup_stm32f407xx.o(.text)
    EXTI2_IRQHandler                         0x080001b7   Thumb Code     0  startup_stm32f407xx.o(.text)
    EXTI3_IRQHandler                         0x080001b7   Thumb Code     0  startup_stm32f407xx.o(.text)
    EXTI4_IRQHandler                         0x080001b7   Thumb Code     0  startup_stm32f407xx.o(.text)
    EXTI9_5_IRQHandler                       0x080001b7   Thumb Code     0  startup_stm32f407xx.o(.text)
    FLASH_IRQHandler                         0x080001b7   Thumb Code     0  startup_stm32f407xx.o(.text)
    FMC_IRQHandler                           0x080001b7   Thumb Code     0  startup_stm32f407xx.o(.text)
    FPU_IRQHandler                           0x080001b7   Thumb Code     0  startup_stm32f407xx.o(.text)
    HASH_RNG_IRQHandler                      0x080001b7   Thumb Code     0  startup_stm32f407xx.o(.text)
    I2C1_ER_IRQHandler                       0x080001b7   Thumb Code     0  startup_stm32f407xx.o(.text)
    I2C1_EV_IRQHandler                       0x080001b7   Thumb Code     0  startup_stm32f407xx.o(.text)
    I2C2_ER_IRQHandler                       0x080001b7   Thumb Code     0  startup_stm32f407xx.o(.text)
    I2C2_EV_IRQHandler                       0x080001b7   Thumb Code     0  startup_stm32f407xx.o(.text)
    I2C3_ER_IRQHandler                       0x080001b7   Thumb Code     0  startup_stm32f407xx.o(.text)
    I2C3_EV_IRQHandler                       0x080001b7   Thumb Code     0  startup_stm32f407xx.o(.text)
    OTG_FS_IRQHandler                        0x080001b7   Thumb Code     0  startup_stm32f407xx.o(.text)
    OTG_FS_WKUP_IRQHandler                   0x080001b7   Thumb Code     0  startup_stm32f407xx.o(.text)
    OTG_HS_EP1_IN_IRQHandler                 0x080001b7   Thumb Code     0  startup_stm32f407xx.o(.text)
    OTG_HS_EP1_OUT_IRQHandler                0x080001b7   Thumb Code     0  startup_stm32f407xx.o(.text)
    OTG_HS_IRQHandler                        0x080001b7   Thumb Code     0  startup_stm32f407xx.o(.text)
    OTG_HS_WKUP_IRQHandler                   0x080001b7   Thumb Code     0  startup_stm32f407xx.o(.text)
    PVD_IRQHandler                           0x080001b7   Thumb Code     0  startup_stm32f407xx.o(.text)
    RCC_IRQHandler                           0x080001b7   Thumb Code     0  startup_stm32f407xx.o(.text)
    RTC_Alarm_IRQHandler                     0x080001b7   Thumb Code     0  startup_stm32f407xx.o(.text)
    RTC_WKUP_IRQHandler                      0x080001b7   Thumb Code     0  startup_stm32f407xx.o(.text)
    SDIO_IRQHandler                          0x080001b7   Thumb Code     0  startup_stm32f407xx.o(.text)
    SPI1_IRQHandler                          0x080001b7   Thumb Code     0  startup_stm32f407xx.o(.text)
    SPI2_IRQHandler                          0x080001b7   Thumb Code     0  startup_stm32f407xx.o(.text)
    SPI3_IRQHandler                          0x080001b7   Thumb Code     0  startup_stm32f407xx.o(.text)
    TAMP_STAMP_IRQHandler                    0x080001b7   Thumb Code     0  startup_stm32f407xx.o(.text)
    TIM1_BRK_TIM9_IRQHandler                 0x080001b7   Thumb Code     0  startup_stm32f407xx.o(.text)
    TIM1_CC_IRQHandler                       0x080001b7   Thumb Code     0  startup_stm32f407xx.o(.text)
    TIM1_TRG_COM_TIM11_IRQHandler            0x080001b7   Thumb Code     0  startup_stm32f407xx.o(.text)
    TIM1_UP_TIM10_IRQHandler                 0x080001b7   Thumb Code     0  startup_stm32f407xx.o(.text)
    TIM2_IRQHandler                          0x080001b7   Thumb Code     0  startup_stm32f407xx.o(.text)
    TIM4_IRQHandler                          0x080001b7   Thumb Code     0  startup_stm32f407xx.o(.text)
    TIM6_DAC_IRQHandler                      0x080001b7   Thumb Code     0  startup_stm32f407xx.o(.text)
    TIM7_IRQHandler                          0x080001b7   Thumb Code     0  startup_stm32f407xx.o(.text)
    TIM8_BRK_TIM12_IRQHandler                0x080001b7   Thumb Code     0  startup_stm32f407xx.o(.text)
    TIM8_CC_IRQHandler                       0x080001b7   Thumb Code     0  startup_stm32f407xx.o(.text)
    TIM8_TRG_COM_TIM14_IRQHandler            0x080001b7   Thumb Code     0  startup_stm32f407xx.o(.text)
    TIM8_UP_TIM13_IRQHandler                 0x080001b7   Thumb Code     0  startup_stm32f407xx.o(.text)
    UART4_IRQHandler                         0x080001b7   Thumb Code     0  startup_stm32f407xx.o(.text)
    USART3_IRQHandler                        0x080001b7   Thumb Code     0  startup_stm32f407xx.o(.text)
    USART6_IRQHandler                        0x080001b7   Thumb Code     0  startup_stm32f407xx.o(.text)
    WWDG_IRQHandler                          0x080001b7   Thumb Code     0  startup_stm32f407xx.o(.text)
    __aeabi_uldivmod                         0x080001c1   Thumb Code    98  uldiv.o(.text)
    __aeabi_memcpy                           0x08000223   Thumb Code    36  memcpya.o(.text)
    __aeabi_memcpy4                          0x08000223   Thumb Code     0  memcpya.o(.text)
    __aeabi_memcpy8                          0x08000223   Thumb Code     0  memcpya.o(.text)
    __aeabi_memset                           0x08000247   Thumb Code    14  memseta.o(.text)
    __aeabi_memset4                          0x08000247   Thumb Code     0  memseta.o(.text)
    __aeabi_memset8                          0x08000247   Thumb Code     0  memseta.o(.text)
    __aeabi_memclr                           0x08000255   Thumb Code     4  memseta.o(.text)
    __aeabi_memclr4                          0x08000255   Thumb Code     0  memseta.o(.text)
    __aeabi_memclr8                          0x08000255   Thumb Code     0  memseta.o(.text)
    _memset$wrapper                          0x08000259   Thumb Code    18  memseta.o(.text)
    memcmp                                   0x0800026b   Thumb Code    26  memcmp.o(.text)
    __aeabi_dadd                             0x08000285   Thumb Code   322  dadd.o(.text)
    __aeabi_dsub                             0x080003c7   Thumb Code     6  dadd.o(.text)
    __aeabi_drsub                            0x080003cd   Thumb Code     6  dadd.o(.text)
    __aeabi_dmul                             0x080003d3   Thumb Code   228  dmul.o(.text)
    __aeabi_ddiv                             0x080004b7   Thumb Code   222  ddiv.o(.text)
    __aeabi_i2d                              0x08000595   Thumb Code    34  dflti.o(.text)
    __aeabi_f2d                              0x080005b7   Thumb Code    38  f2d.o(.text)
    __aeabi_cdrcmple                         0x080005dd   Thumb Code    48  cdrcmple.o(.text)
    __aeabi_d2f                              0x0800060d   Thumb Code    56  d2f.o(.text)
    __aeabi_uidiv                            0x08000645   Thumb Code     0  uidiv.o(.text)
    __aeabi_uidivmod                         0x08000645   Thumb Code    44  uidiv.o(.text)
    __aeabi_llsl                             0x08000671   Thumb Code    30  llshl.o(.text)
    _ll_shift_l                              0x08000671   Thumb Code     0  llshl.o(.text)
    __aeabi_llsr                             0x0800068f   Thumb Code    32  llushr.o(.text)
    _ll_ushift_r                             0x0800068f   Thumb Code     0  llushr.o(.text)
    __aeabi_lasr                             0x080006af   Thumb Code    36  llsshr.o(.text)
    _ll_sshift_r                             0x080006af   Thumb Code     0  llsshr.o(.text)
    __I$use$fp                               0x080006d3   Thumb Code     0  iusefp.o(.text)
    _float_round                             0x080006d3   Thumb Code    18  fepilogue.o(.text)
    _float_epilogue                          0x080006e5   Thumb Code    92  fepilogue.o(.text)
    _double_round                            0x08000741   Thumb Code    30  depilogue.o(.text)
    _double_epilogue                         0x0800075f   Thumb Code   156  depilogue.o(.text)
    __ARM_scalbn                             0x080007fb   Thumb Code    46  dscalb.o(.text)
    scalbn                                   0x080007fb   Thumb Code     0  dscalb.o(.text)
    _dsqrt                                   0x08000829   Thumb Code   162  dsqrt.o(.text)
    __aeabi_d2ulz                            0x080008cb   Thumb Code    48  dfixul.o(.text)
    __scatterload                            0x080008fd   Thumb Code    28  init.o(.text)
    __scatterload_rt2                        0x080008fd   Thumb Code     0  init.o(.text)
    __aeabi_ui2d                             0x08000921   Thumb Code    26  dfltui.o(.text)
    __aeabi_d2iz                             0x0800093b   Thumb Code    62  dfixi.o(.text)
    BusFault_Handler                         0x08000979   Thumb Code     2  stm32f4xx_it.o(i.BusFault_Handler)
    ComputeCRC8                              0x0800097d   Thumb Code    28  ms200.o(i.ComputeCRC8)
    DebugMon_Handler                         0x0800099d   Thumb Code     2  stm32f4xx_it.o(i.DebugMon_Handler)
    Error_Handler                            0x0800099f   Thumb Code     4  main.o(i.Error_Handler)
    HAL_DMA_Abort                            0x080009a3   Thumb Code   146  stm32f4xx_hal_dma.o(i.HAL_DMA_Abort)
    HAL_DMA_Abort_IT                         0x08000a35   Thumb Code    36  stm32f4xx_hal_dma.o(i.HAL_DMA_Abort_IT)
    HAL_GPIO_Init                            0x08000a59   Thumb Code   450  stm32f4xx_hal_gpio.o(i.HAL_GPIO_Init)
    HAL_GPIO_WritePin                        0x08000c49   Thumb Code    10  stm32f4xx_hal_gpio.o(i.HAL_GPIO_WritePin)
    HAL_GetTick                              0x08000c55   Thumb Code     6  stm32f4xx_hal.o(i.HAL_GetTick)
    HAL_IncTick                              0x08000c61   Thumb Code    12  stm32f4xx_hal.o(i.HAL_IncTick)
    HAL_Init                                 0x08000c71   Thumb Code    48  stm32f4xx_hal.o(i.HAL_Init)
    HAL_InitTick                             0x08000ca5   Thumb Code    54  stm32f4xx_hal.o(i.HAL_InitTick)
    HAL_MspInit                              0x08000ce5   Thumb Code    42  stm32f4xx_hal_msp.o(i.HAL_MspInit)
    HAL_NVIC_EnableIRQ                       0x08000d15   Thumb Code    26  stm32f4xx_hal_cortex.o(i.HAL_NVIC_EnableIRQ)
    HAL_NVIC_SetPriority                     0x08000d31   Thumb Code    60  stm32f4xx_hal_cortex.o(i.HAL_NVIC_SetPriority)
    HAL_NVIC_SetPriorityGrouping             0x08000d71   Thumb Code    26  stm32f4xx_hal_cortex.o(i.HAL_NVIC_SetPriorityGrouping)
    HAL_RCC_ClockConfig                      0x08000d95   Thumb Code   288  stm32f4xx_hal_rcc.o(i.HAL_RCC_ClockConfig)
    HAL_RCC_GetPCLK1Freq                     0x08000ec9   Thumb Code    20  stm32f4xx_hal_rcc.o(i.HAL_RCC_GetPCLK1Freq)
    HAL_RCC_GetPCLK2Freq                     0x08000ee9   Thumb Code    20  stm32f4xx_hal_rcc.o(i.HAL_RCC_GetPCLK2Freq)
    HAL_RCC_GetSysClockFreq                  0x08000f09   Thumb Code    88  stm32f4xx_hal_rcc.o(i.HAL_RCC_GetSysClockFreq)
    HAL_RCC_OscConfig                        0x08000f69   Thumb Code   856  stm32f4xx_hal_rcc.o(i.HAL_RCC_OscConfig)
    HAL_SYSTICK_Config                       0x080012d5   Thumb Code    40  stm32f4xx_hal_cortex.o(i.HAL_SYSTICK_Config)
    HAL_TIMEx_BreakCallback                  0x080012fd   Thumb Code     2  stm32f4xx_hal_tim_ex.o(i.HAL_TIMEx_BreakCallback)
    HAL_TIMEx_CommutCallback                 0x080012ff   Thumb Code     2  stm32f4xx_hal_tim_ex.o(i.HAL_TIMEx_CommutCallback)
    HAL_TIMEx_ConfigBreakDeadTime            0x08001301   Thumb Code    84  stm32f4xx_hal_tim_ex.o(i.HAL_TIMEx_ConfigBreakDeadTime)
    HAL_TIMEx_MasterConfigSynchronization    0x08001355   Thumb Code   116  stm32f4xx_hal_tim_ex.o(i.HAL_TIMEx_MasterConfigSynchronization)
    HAL_TIMEx_PWMN_Start                     0x080013e5   Thumb Code   164  stm32f4xx_hal_tim_ex.o(i.HAL_TIMEx_PWMN_Start)
    HAL_TIM_Base_Init                        0x080014a5   Thumb Code    90  stm32f4xx_hal_tim.o(i.HAL_TIM_Base_Init)
    HAL_TIM_Base_MspInit                     0x08001501   Thumb Code   158  tim.o(i.HAL_TIM_Base_MspInit)
    HAL_TIM_Base_Start_IT                    0x080015b5   Thumb Code   100  stm32f4xx_hal_tim.o(i.HAL_TIM_Base_Start_IT)
    HAL_TIM_ConfigClockSource                0x08001635   Thumb Code   220  stm32f4xx_hal_tim.o(i.HAL_TIM_ConfigClockSource)
    HAL_TIM_Encoder_Init                     0x08001711   Thumb Code   164  stm32f4xx_hal_tim.o(i.HAL_TIM_Encoder_Init)
    HAL_TIM_Encoder_MspInit                  0x080017b5   Thumb Code   104  tim.o(i.HAL_TIM_Encoder_MspInit)
    HAL_TIM_Encoder_Start                    0x08001829   Thumb Code   142  stm32f4xx_hal_tim.o(i.HAL_TIM_Encoder_Start)
    HAL_TIM_IC_CaptureCallback               0x080018b7   Thumb Code     2  stm32f4xx_hal_tim.o(i.HAL_TIM_IC_CaptureCallback)
    HAL_TIM_IRQHandler                       0x080018b9   Thumb Code   304  stm32f4xx_hal_tim.o(i.HAL_TIM_IRQHandler)
    HAL_TIM_MspPostInit                      0x080019e9   Thumb Code   146  tim.o(i.HAL_TIM_MspPostInit)
    HAL_TIM_OC_DelayElapsedCallback          0x08001a91   Thumb Code     2  stm32f4xx_hal_tim.o(i.HAL_TIM_OC_DelayElapsedCallback)
    HAL_TIM_PWM_ConfigChannel                0x08001a93   Thumb Code   204  stm32f4xx_hal_tim.o(i.HAL_TIM_PWM_ConfigChannel)
    HAL_TIM_PWM_Init                         0x08001b5f   Thumb Code    90  stm32f4xx_hal_tim.o(i.HAL_TIM_PWM_Init)
    HAL_TIM_PWM_MspInit                      0x08001bb9   Thumb Code     2  stm32f4xx_hal_tim.o(i.HAL_TIM_PWM_MspInit)
    HAL_TIM_PWM_PulseFinishedCallback        0x08001bbb   Thumb Code     2  stm32f4xx_hal_tim.o(i.HAL_TIM_PWM_PulseFinishedCallback)
    HAL_TIM_PWM_Start                        0x08001bbd   Thumb Code   172  stm32f4xx_hal_tim.o(i.HAL_TIM_PWM_Start)
    HAL_TIM_PeriodElapsedCallback            0x08001c85   Thumb Code   146  motor.o(i.HAL_TIM_PeriodElapsedCallback)
    HAL_TIM_TriggerCallback                  0x08001d39   Thumb Code     2  stm32f4xx_hal_tim.o(i.HAL_TIM_TriggerCallback)
    HAL_UARTEx_RxEventCallback               0x08001d3b   Thumb Code     2  stm32f4xx_hal_uart.o(i.HAL_UARTEx_RxEventCallback)
    HAL_UART_ErrorCallback                   0x08001d3d   Thumb Code     2  stm32f4xx_hal_uart.o(i.HAL_UART_ErrorCallback)
    HAL_UART_IRQHandler                      0x08001d41   Thumb Code   618  stm32f4xx_hal_uart.o(i.HAL_UART_IRQHandler)
    HAL_UART_Init                            0x08001fb1   Thumb Code   100  stm32f4xx_hal_uart.o(i.HAL_UART_Init)
    HAL_UART_MspInit                         0x08002015   Thumb Code   304  usart.o(i.HAL_UART_MspInit)
    HAL_UART_Receive_IT                      0x08002161   Thumb Code    28  stm32f4xx_hal_uart.o(i.HAL_UART_Receive_IT)
    HAL_UART_RxCpltCallback                  0x0800217d   Thumb Code    14  main.o(i.HAL_UART_RxCpltCallback)
    HAL_UART_Transmit                        0x08002191   Thumb Code   160  stm32f4xx_hal_uart.o(i.HAL_UART_Transmit)
    HAL_UART_TxCpltCallback                  0x08002231   Thumb Code     2  stm32f4xx_hal_uart.o(i.HAL_UART_TxCpltCallback)
    HardFault_Handler                        0x08002233   Thumb Code     2  stm32f4xx_it.o(i.HardFault_Handler)
    MOTOR_Init                               0x08002235   Thumb Code    82  motor.o(i.MOTOR_Init)
    MOTOR_SetSpeed                           0x0800229d   Thumb Code    56  motor.o(i.MOTOR_SetSpeed)
    MS200_GetPointsData                      0x080022d9   Thumb Code     4  ms200.o(i.MS200_GetPointsData)
    MS200_Init                               0x080022e1   Thumb Code    10  ms200.o(i.MS200_Init)
    MS200_ReceiveProcess                     0x080022f5   Thumb Code   404  ms200.o(i.MS200_ReceiveProcess)
    MX_GPIO_Init                             0x080024a9   Thumb Code   212  gpio.o(i.MX_GPIO_Init)
    MX_TIM1_Init                             0x0800258d   Thumb Code   216  tim.o(i.MX_TIM1_Init)
    MX_TIM3_Init                             0x0800266d   Thumb Code    98  tim.o(i.MX_TIM3_Init)
    MX_TIM5_Init                             0x080026d9   Thumb Code   102  tim.o(i.MX_TIM5_Init)
    MX_TIM8_Init                             0x08002749   Thumb Code   194  tim.o(i.MX_TIM8_Init)
    MX_UART5_Init                            0x08002815   Thumb Code    48  usart.o(i.MX_UART5_Init)
    MX_USART1_UART_Init                      0x0800284d   Thumb Code    48  usart.o(i.MX_USART1_UART_Init)
    MX_USART2_UART_Init                      0x08002885   Thumb Code    48  usart.o(i.MX_USART2_UART_Init)
    MemManage_Handler                        0x080028bd   Thumb Code     2  stm32f4xx_it.o(i.MemManage_Handler)
    NMI_Handler                              0x080028bf   Thumb Code     2  stm32f4xx_it.o(i.NMI_Handler)
    OLED_Clear                               0x080028c1   Thumb Code    40  oled.o(i.OLED_Clear)
    OLED_Display                             0x080028ed   Thumb Code    14  oled.o(i.OLED_Display)
    OLED_Display_On                          0x080028fb   Thumb Code    30  oled.o(i.OLED_Display_On)
    OLED_DrawPoint                           0x08002919   Thumb Code    54  oled.o(i.OLED_DrawPoint)
    OLED_Init                                0x08002955   Thumb Code   236  oled.o(i.OLED_Init)
    OLED_Refresh_Gram                        0x08002a45   Thumb Code    70  oled.o(i.OLED_Refresh_Gram)
    OLED_ShowChar                            0x08002a91   Thumb Code   134  oled.o(i.OLED_ShowChar)
    OLED_ShowFloat                           0x08002b21   Thumb Code    50  oled.o(i.OLED_ShowFloat)
    OLED_ShowString                          0x08002b65   Thumb Code    62  oled.o(i.OLED_ShowString)
    OLED_WR_Byte                             0x08002ba5   Thumb Code   102  oled.o(i.OLED_WR_Byte)
    PendSV_Handler                           0x08002c11   Thumb Code     2  stm32f4xx_it.o(i.PendSV_Handler)
    SG90_Init                                0x08002c15   Thumb Code     8  sg90.o(i.SG90_Init)
    SG90_SetAngle                            0x08002c21   Thumb Code    46  sg90.o(i.SG90_SetAngle)
    SVC_Handler                              0x08002c55   Thumb Code     2  stm32f4xx_it.o(i.SVC_Handler)
    Servo_Control                            0x08002c59   Thumb Code    38  main.o(i.Servo_Control)
    Speed_Control                            0x08002c85   Thumb Code    12  main.o(i.Speed_Control)
    SysTick_Handler                          0x08002c91   Thumb Code     4  stm32f4xx_it.o(i.SysTick_Handler)
    SystemClock_Config                       0x08002c95   Thumb Code   140  main.o(i.SystemClock_Config)
    SystemInit                               0x08002d29   Thumb Code    12  system_stm32f4xx.o(i.SystemInit)
    TIM3_IRQHandler                          0x08002d39   Thumb Code     6  stm32f4xx_it.o(i.TIM3_IRQHandler)
    TIM5_IRQHandler                          0x08002d45   Thumb Code     6  stm32f4xx_it.o(i.TIM5_IRQHandler)
    TIM_Base_SetConfig                       0x08002d51   Thumb Code   170  stm32f4xx_hal_tim.o(i.TIM_Base_SetConfig)
    TIM_CCxChannelCmd                        0x08002e29   Thumb Code    26  stm32f4xx_hal_tim.o(i.TIM_CCxChannelCmd)
    TIM_ETR_SetConfig                        0x08002e5d   Thumb Code    20  stm32f4xx_hal_tim.o(i.TIM_ETR_SetConfig)
    TIM_OC2_SetConfig                        0x08002ee1   Thumb Code    98  stm32f4xx_hal_tim.o(i.TIM_OC2_SetConfig)
    UART5_IRQHandler                         0x0800304d   Thumb Code     6  stm32f4xx_it.o(i.UART5_IRQHandler)
    UART_Start_Receive_IT                    0x08003285   Thumb Code    54  stm32f4xx_hal_uart.o(i.UART_Start_Receive_IT)
    USART1_IRQHandler                        0x0800332d   Thumb Code     6  stm32f4xx_it.o(i.USART1_IRQHandler)
    USART2_IRQHandler                        0x08003339   Thumb Code     6  stm32f4xx_it.o(i.USART2_IRQHandler)
    UsageFault_Handler                       0x08003345   Thumb Code     2  stm32f4xx_it.o(i.UsageFault_Handler)
    __0printf                                0x08003349   Thumb Code    22  printfa.o(i.__0printf)
    __1printf                                0x08003349   Thumb Code     0  printfa.o(i.__0printf)
    __2printf                                0x08003349   Thumb Code     0  printfa.o(i.__0printf)
    __c89printf                              0x08003349   Thumb Code     0  printfa.o(i.__0printf)
    printf                                   0x08003349   Thumb Code     0  printfa.o(i.__0printf)
    __0sprintf                               0x08003369   Thumb Code    34  printfa.o(i.__0sprintf)
    __1sprintf                               0x08003369   Thumb Code     0  printfa.o(i.__0sprintf)
    __2sprintf                               0x08003369   Thumb Code     0  printfa.o(i.__0sprintf)
    __c89sprintf                             0x08003369   Thumb Code     0  printfa.o(i.__0sprintf)
    sprintf                                  0x08003369   Thumb Code     0  printfa.o(i.__0sprintf)
    __ARM_fpclassify                         0x08003391   Thumb Code    48  fpclassify.o(i.__ARM_fpclassify)
    __ARM_fpclassifyf                        0x080033c1   Thumb Code    38  fpclassifyf.o(i.__ARM_fpclassifyf)
    __hardfp_acos                            0x08003409   Thumb Code   738  acos.o(i.__hardfp_acos)
    __hardfp_atan2f                          0x08003761   Thumb Code   502  atan2f.o(i.__hardfp_atan2f)
    __hardfp_cos                             0x080039b1   Thumb Code   180  cos.o(i.__hardfp_cos)
    __hardfp_fabs                            0x08003a79   Thumb Code    20  fabs.o(i.__hardfp_fabs)
    __hardfp_pow                             0x08003a91   Thumb Code  3072  pow.o(i.__hardfp_pow)
    __hardfp_sqrt                            0x080046e1   Thumb Code   122  sqrt.o(i.__hardfp_sqrt)
    __hardfp_sqrtf                           0x0800475b   Thumb Code    58  sqrtf.o(i.__hardfp_sqrtf)
    __ieee754_rem_pio2                       0x08004799   Thumb Code   938  rred.o(i.__ieee754_rem_pio2)
    __kernel_cos                             0x08004bd1   Thumb Code   322  cos_i.o(i.__kernel_cos)
    __kernel_poly                            0x08004d41   Thumb Code   248  poly.o(i.__kernel_poly)
    __kernel_sin                             0x08004e39   Thumb Code   280  sin_i.o(i.__kernel_sin)
    __mathlib_dbl_divzero                    0x08004f69   Thumb Code    28  dunder.o(i.__mathlib_dbl_divzero)
    __mathlib_dbl_infnan                     0x08004f99   Thumb Code    20  dunder.o(i.__mathlib_dbl_infnan)
    __mathlib_dbl_infnan2                    0x08004fad   Thumb Code    20  dunder.o(i.__mathlib_dbl_infnan2)
    __mathlib_dbl_invalid                    0x08004fc1   Thumb Code    24  dunder.o(i.__mathlib_dbl_invalid)
    __mathlib_dbl_overflow                   0x08004fe1   Thumb Code    24  dunder.o(i.__mathlib_dbl_overflow)
    __mathlib_dbl_underflow                  0x08005001   Thumb Code    24  dunder.o(i.__mathlib_dbl_underflow)
    __mathlib_flt_infnan2                    0x08005021   Thumb Code     6  funder.o(i.__mathlib_flt_infnan2)
    __mathlib_flt_underflow                  0x08005029   Thumb Code    10  funder.o(i.__mathlib_flt_underflow)
    __scatterload_copy                       0x08005039   Thumb Code    14  handlers.o(i.__scatterload_copy)
    __scatterload_null                       0x08005047   Thumb Code     2  handlers.o(i.__scatterload_null)
    __scatterload_zeroinit                   0x08005049   Thumb Code    14  handlers.o(i.__scatterload_zeroinit)
    __set_errno                              0x08005059   Thumb Code     6  errno.o(i.__set_errno)
    avg_dis                                  0x08005921   Thumb Code    48  main.o(i.avg_dis)
    avoid_obstacle                           0x08005951   Thumb Code    82  main.o(i.avoid_obstacle)
    calculateAngleCurvature                  0x080059b5   Thumb Code   266  main.o(i.calculateAngleCurvature)
    calculateBasicCurvature                  0x08005acd   Thumb Code   444  main.o(i.calculateBasicCurvature)
    calculateOptimalCurvature                0x08005c99   Thumb Code   138  main.o(i.calculateOptimalCurvature)
    fabs                                     0x08005d31   Thumb Code    24  fabs.o(i.fabs)
    fputc                                    0x08005d49   Thumb Code    20  usart.o(i.fputc)
    main                                     0x08005d61   Thumb Code   280  main.o(i.main)
    movingAverage                            0x08005e95   Thumb Code    64  main.o(i.movingAverage)
    qvlvpanduan                              0x08005ed9   Thumb Code   214  main.o(i.qvlvpanduan)
    run                                      0x08005fe5   Thumb Code   844  main.o(i.run)
    sqrt                                     0x08006379   Thumb Code   110  sqrt.o(i.sqrt)
    _tof_data_header                         0x080063e6   Data           2  ms200.o(.constdata)
    crc8_table                               0x080063e8   Data         256  ms200.o(.constdata)
    oled_asc2_1206                           0x080064e8   Data        1140  oled.o(.constdata)
    oled_asc2_1608                           0x0800695c   Data        1520  oled.o(.constdata)
    AHBPrescTable                            0x08006f4c   Data          16  system_stm32f4xx.o(.constdata)
    APBPrescTable                            0x08006f5c   Data           8  system_stm32f4xx.o(.constdata)
    __mathlib_zero                           0x08007070   Data           8  qnan.o(.constdata)
    Region$$Table$$Base                      0x08007168   Number         0  anon$$obj.o(Region$$Table)
    Region$$Table$$Limit                     0x08007188   Number         0  anon$$obj.o(Region$$Table)
    tof_recv_byte                            0x20000000   Data           1  ms200.o(.data)
    tof_uart_recv_buffer_end                 0x20000004   Data           4  ms200.o(.data)
    history_index                            0x20000008   Data           4  main.o(.data)
    speed                                    0x2000000c   Data           4  main.o(.data)
    angle_0                                  0x20000010   Data           4  main.o(.data)
    Right_a                                  0x20000018   Data           8  main.o(.data)
    Right_b                                  0x20000020   Data           8  main.o(.data)
    Left_a                                   0x20000028   Data           8  main.o(.data)
    Left_b                                   0x20000030   Data           8  main.o(.data)
    error_last                               0x20000038   Data           8  main.o(.data)
    uwTickFreq                               0x20000100   Data           1  stm32f4xx_hal.o(.data)
    uwTickPrio                               0x20000104   Data           4  stm32f4xx_hal.o(.data)
    uwTick                                   0x20000108   Data           4  stm32f4xx_hal.o(.data)
    SystemCoreClock                          0x2000010c   Data           4  system_stm32f4xx.o(.data)
    __stdout                                 0x20000110   Data           4  stdout.o(.data)
    tof_uart_recv_buffer                     0x20000118   Data          94  ms200.o(.bss)
    OLED_GRAM                                0x20000cb8   Data        1024  oled.o(.bss)
    motor1                                   0x200010b8   Data          20  motor.o(.bss)
    curvature_history_right                  0x200010d0   Data          20  main.o(.bss)
    curvature_history_left                   0x200010e4   Data          20  main.o(.bss)
    LidarRightpoints                         0x20001698   Data         144  main.o(.bss)
    LidarLeftpoints                          0x20001728   Data         144  main.o(.bss)
    Last_LidarRightpoints                    0x200017b8   Data         144  main.o(.bss)
    Last_LidarLeftpoints                     0x20001848   Data         144  main.o(.bss)
    diss                                     0x200018fc   Data        1440  main.o(.bss)
    htim1                                    0x20001e9c   Data          72  tim.o(.bss)
    htim3                                    0x20001ee4   Data          72  tim.o(.bss)
    htim5                                    0x20001f2c   Data          72  tim.o(.bss)
    htim8                                    0x20001f74   Data          72  tim.o(.bss)
    huart5                                   0x20001fbc   Data          72  usart.o(.bss)
    huart1                                   0x20002004   Data          72  usart.o(.bss)
    huart2                                   0x2000204c   Data          72  usart.o(.bss)
    __initial_sp                             0x20002498   Data           0  startup_stm32f407xx.o(STACK)



==============================================================================

Memory Map of the image

  Image Entry point : 0x08000189

  Load Region LR_IROM1 (Base: 0x08000000, Size: 0x000072a0, Max: 0x00080000, ABSOLUTE)

    Execution Region ER_IROM1 (Exec base: 0x08000000, Load base: 0x08000000, Size: 0x00007188, Max: 0x00080000, ABSOLUTE)

    Exec Addr    Load Addr    Size         Type   Attr      Idx    E Section Name        Object

    0x08000000   0x08000000   0x00000188   Data   RO            3    RESET               startup_stm32f407xx.o
    0x08000188   0x08000188   0x00000000   Code   RO         3585  * .ARM.Collect$$$$00000000  mc_w.l(entry.o)
    0x08000188   0x08000188   0x00000004   Code   RO         3954    .ARM.Collect$$$$00000001  mc_w.l(entry2.o)
    0x0800018c   0x0800018c   0x00000004   Code   RO         3957    .ARM.Collect$$$$00000004  mc_w.l(entry5.o)
    0x08000190   0x08000190   0x00000000   Code   RO         3959    .ARM.Collect$$$$00000008  mc_w.l(entry7b.o)
    0x08000190   0x08000190   0x00000000   Code   RO         3961    .ARM.Collect$$$$0000000A  mc_w.l(entry8b.o)
    0x08000190   0x08000190   0x00000008   Code   RO         3962    .ARM.Collect$$$$0000000B  mc_w.l(entry9a.o)
    0x08000198   0x08000198   0x00000000   Code   RO         3964    .ARM.Collect$$$$0000000D  mc_w.l(entry10a.o)
    0x08000198   0x08000198   0x00000000   Code   RO         3966    .ARM.Collect$$$$0000000F  mc_w.l(entry11a.o)
    0x08000198   0x08000198   0x00000004   Code   RO         3955    .ARM.Collect$$$$00002712  mc_w.l(entry2.o)
    0x0800019c   0x0800019c   0x00000024   Code   RO            4    .text               startup_stm32f407xx.o
    0x080001c0   0x080001c0   0x00000062   Code   RO         3588    .text               mc_w.l(uldiv.o)
    0x08000222   0x08000222   0x00000024   Code   RO         3590    .text               mc_w.l(memcpya.o)
    0x08000246   0x08000246   0x00000024   Code   RO         3592    .text               mc_w.l(memseta.o)
    0x0800026a   0x0800026a   0x0000001a   Code   RO         3596    .text               mc_w.l(memcmp.o)
    0x08000284   0x08000284   0x0000014e   Code   RO         3889    .text               mf_w.l(dadd.o)
    0x080003d2   0x080003d2   0x000000e4   Code   RO         3891    .text               mf_w.l(dmul.o)
    0x080004b6   0x080004b6   0x000000de   Code   RO         3893    .text               mf_w.l(ddiv.o)
    0x08000594   0x08000594   0x00000022   Code   RO         3895    .text               mf_w.l(dflti.o)
    0x080005b6   0x080005b6   0x00000026   Code   RO         3897    .text               mf_w.l(f2d.o)
    0x080005dc   0x080005dc   0x00000030   Code   RO         3901    .text               mf_w.l(cdrcmple.o)
    0x0800060c   0x0800060c   0x00000038   Code   RO         3903    .text               mf_w.l(d2f.o)
    0x08000644   0x08000644   0x0000002c   Code   RO         3969    .text               mc_w.l(uidiv.o)
    0x08000670   0x08000670   0x0000001e   Code   RO         3971    .text               mc_w.l(llshl.o)
    0x0800068e   0x0800068e   0x00000020   Code   RO         3973    .text               mc_w.l(llushr.o)
    0x080006ae   0x080006ae   0x00000024   Code   RO         3975    .text               mc_w.l(llsshr.o)
    0x080006d2   0x080006d2   0x00000000   Code   RO         3986    .text               mc_w.l(iusefp.o)
    0x080006d2   0x080006d2   0x0000006e   Code   RO         3987    .text               mf_w.l(fepilogue.o)
    0x08000740   0x08000740   0x000000ba   Code   RO         3989    .text               mf_w.l(depilogue.o)
    0x080007fa   0x080007fa   0x0000002e   Code   RO         3993    .text               mf_w.l(dscalb.o)
    0x08000828   0x08000828   0x000000a2   Code   RO         3995    .text               mf_w.l(dsqrt.o)
    0x080008ca   0x080008ca   0x00000030   Code   RO         3997    .text               mf_w.l(dfixul.o)
    0x080008fa   0x080008fa   0x00000002   PAD
    0x080008fc   0x080008fc   0x00000024   Code   RO         3999    .text               mc_w.l(init.o)
    0x08000920   0x08000920   0x0000001a   Code   RO         4001    .text               mf_w.l(dfltui.o)
    0x0800093a   0x0800093a   0x0000003e   Code   RO         4003    .text               mf_w.l(dfixi.o)
    0x08000978   0x08000978   0x00000002   Code   RO          689    i.BusFault_Handler  stm32f4xx_it.o
    0x0800097a   0x0800097a   0x00000002   PAD
    0x0800097c   0x0800097c   0x00000020   Code   RO          154    i.ComputeCRC8       ms200.o
    0x0800099c   0x0800099c   0x00000002   Code   RO          690    i.DebugMon_Handler  stm32f4xx_it.o
    0x0800099e   0x0800099e   0x00000004   Code   RO          372    i.Error_Handler     main.o
    0x080009a2   0x080009a2   0x00000092   Code   RO         2429    i.HAL_DMA_Abort     stm32f4xx_hal_dma.o
    0x08000a34   0x08000a34   0x00000024   Code   RO         2430    i.HAL_DMA_Abort_IT  stm32f4xx_hal_dma.o
    0x08000a58   0x08000a58   0x000001f0   Code   RO         2322    i.HAL_GPIO_Init     stm32f4xx_hal_gpio.o
    0x08000c48   0x08000c48   0x0000000a   Code   RO         2326    i.HAL_GPIO_WritePin  stm32f4xx_hal_gpio.o
    0x08000c52   0x08000c52   0x00000002   PAD
    0x08000c54   0x08000c54   0x0000000c   Code   RO         2860    i.HAL_GetTick       stm32f4xx_hal.o
    0x08000c60   0x08000c60   0x00000010   Code   RO         2866    i.HAL_IncTick       stm32f4xx_hal.o
    0x08000c70   0x08000c70   0x00000034   Code   RO         2867    i.HAL_Init          stm32f4xx_hal.o
    0x08000ca4   0x08000ca4   0x00000040   Code   RO         2868    i.HAL_InitTick      stm32f4xx_hal.o
    0x08000ce4   0x08000ce4   0x00000030   Code   RO          795    i.HAL_MspInit       stm32f4xx_hal_msp.o
    0x08000d14   0x08000d14   0x0000001a   Code   RO         2712    i.HAL_NVIC_EnableIRQ  stm32f4xx_hal_cortex.o
    0x08000d2e   0x08000d2e   0x00000002   PAD
    0x08000d30   0x08000d30   0x00000040   Code   RO         2718    i.HAL_NVIC_SetPriority  stm32f4xx_hal_cortex.o
    0x08000d70   0x08000d70   0x00000024   Code   RO         2719    i.HAL_NVIC_SetPriorityGrouping  stm32f4xx_hal_cortex.o
    0x08000d94   0x08000d94   0x00000134   Code   RO         1968    i.HAL_RCC_ClockConfig  stm32f4xx_hal_rcc.o
    0x08000ec8   0x08000ec8   0x00000020   Code   RO         1975    i.HAL_RCC_GetPCLK1Freq  stm32f4xx_hal_rcc.o
    0x08000ee8   0x08000ee8   0x00000020   Code   RO         1976    i.HAL_RCC_GetPCLK2Freq  stm32f4xx_hal_rcc.o
    0x08000f08   0x08000f08   0x00000060   Code   RO         1977    i.HAL_RCC_GetSysClockFreq  stm32f4xx_hal_rcc.o
    0x08000f68   0x08000f68   0x0000036c   Code   RO         1980    i.HAL_RCC_OscConfig  stm32f4xx_hal_rcc.o
    0x080012d4   0x080012d4   0x00000028   Code   RO         2723    i.HAL_SYSTICK_Config  stm32f4xx_hal_cortex.o
    0x080012fc   0x080012fc   0x00000002   Code   RO         1700    i.HAL_TIMEx_BreakCallback  stm32f4xx_hal_tim_ex.o
    0x080012fe   0x080012fe   0x00000002   Code   RO         1701    i.HAL_TIMEx_CommutCallback  stm32f4xx_hal_tim_ex.o
    0x08001300   0x08001300   0x00000054   Code   RO         1703    i.HAL_TIMEx_ConfigBreakDeadTime  stm32f4xx_hal_tim_ex.o
    0x08001354   0x08001354   0x00000090   Code   RO         1719    i.HAL_TIMEx_MasterConfigSynchronization  stm32f4xx_hal_tim_ex.o
    0x080013e4   0x080013e4   0x000000c0   Code   RO         1730    i.HAL_TIMEx_PWMN_Start  stm32f4xx_hal_tim_ex.o
    0x080014a4   0x080014a4   0x0000005a   Code   RO          996    i.HAL_TIM_Base_Init  stm32f4xx_hal_tim.o
    0x080014fe   0x080014fe   0x00000002   PAD
    0x08001500   0x08001500   0x000000b4   Code   RO          552    i.HAL_TIM_Base_MspInit  tim.o
    0x080015b4   0x080015b4   0x00000080   Code   RO         1001    i.HAL_TIM_Base_Start_IT  stm32f4xx_hal_tim.o
    0x08001634   0x08001634   0x000000dc   Code   RO         1005    i.HAL_TIM_ConfigClockSource  stm32f4xx_hal_tim.o
    0x08001710   0x08001710   0x000000a4   Code   RO         1017    i.HAL_TIM_Encoder_Init  stm32f4xx_hal_tim.o
    0x080017b4   0x080017b4   0x00000074   Code   RO          554    i.HAL_TIM_Encoder_MspInit  tim.o
    0x08001828   0x08001828   0x0000008e   Code   RO         1020    i.HAL_TIM_Encoder_Start  stm32f4xx_hal_tim.o
    0x080018b6   0x080018b6   0x00000002   Code   RO         1030    i.HAL_TIM_IC_CaptureCallback  stm32f4xx_hal_tim.o
    0x080018b8   0x080018b8   0x00000130   Code   RO         1044    i.HAL_TIM_IRQHandler  stm32f4xx_hal_tim.o
    0x080019e8   0x080019e8   0x000000a8   Code   RO          555    i.HAL_TIM_MspPostInit  tim.o
    0x08001a90   0x08001a90   0x00000002   Code   RO         1047    i.HAL_TIM_OC_DelayElapsedCallback  stm32f4xx_hal_tim.o
    0x08001a92   0x08001a92   0x000000cc   Code   RO         1068    i.HAL_TIM_PWM_ConfigChannel  stm32f4xx_hal_tim.o
    0x08001b5e   0x08001b5e   0x0000005a   Code   RO         1071    i.HAL_TIM_PWM_Init  stm32f4xx_hal_tim.o
    0x08001bb8   0x08001bb8   0x00000002   Code   RO         1073    i.HAL_TIM_PWM_MspInit  stm32f4xx_hal_tim.o
    0x08001bba   0x08001bba   0x00000002   Code   RO         1074    i.HAL_TIM_PWM_PulseFinishedCallback  stm32f4xx_hal_tim.o
    0x08001bbc   0x08001bbc   0x000000c8   Code   RO         1076    i.HAL_TIM_PWM_Start  stm32f4xx_hal_tim.o
    0x08001c84   0x08001c84   0x000000b4   Code   RO          324    i.HAL_TIM_PeriodElapsedCallback  motor.o
    0x08001d38   0x08001d38   0x00000002   Code   RO         1087    i.HAL_TIM_TriggerCallback  stm32f4xx_hal_tim.o
    0x08001d3a   0x08001d3a   0x00000002   Code   RO         3117    i.HAL_UARTEx_RxEventCallback  stm32f4xx_hal_uart.o
    0x08001d3c   0x08001d3c   0x00000002   Code   RO         3131    i.HAL_UART_ErrorCallback  stm32f4xx_hal_uart.o
    0x08001d3e   0x08001d3e   0x00000002   PAD
    0x08001d40   0x08001d40   0x00000270   Code   RO         3134    i.HAL_UART_IRQHandler  stm32f4xx_hal_uart.o
    0x08001fb0   0x08001fb0   0x00000064   Code   RO         3135    i.HAL_UART_Init     stm32f4xx_hal_uart.o
    0x08002014   0x08002014   0x0000014c   Code   RO          630    i.HAL_UART_MspInit  usart.o
    0x08002160   0x08002160   0x0000001c   Code   RO         3140    i.HAL_UART_Receive_IT  stm32f4xx_hal_uart.o
    0x0800217c   0x0800217c   0x00000014   Code   RO          373    i.HAL_UART_RxCpltCallback  main.o
    0x08002190   0x08002190   0x000000a0   Code   RO         3143    i.HAL_UART_Transmit  stm32f4xx_hal_uart.o
    0x08002230   0x08002230   0x00000002   Code   RO         3146    i.HAL_UART_TxCpltCallback  stm32f4xx_hal_uart.o
    0x08002232   0x08002232   0x00000002   Code   RO          691    i.HardFault_Handler  stm32f4xx_it.o
    0x08002234   0x08002234   0x00000068   Code   RO          326    i.MOTOR_Init        motor.o
    0x0800229c   0x0800229c   0x0000003c   Code   RO          327    i.MOTOR_SetSpeed    motor.o
    0x080022d8   0x080022d8   0x00000008   Code   RO          155    i.MS200_GetPointsData  ms200.o
    0x080022e0   0x080022e0   0x00000014   Code   RO          156    i.MS200_Init        ms200.o
    0x080022f4   0x080022f4   0x000001b4   Code   RO          157    i.MS200_ReceiveProcess  ms200.o
    0x080024a8   0x080024a8   0x000000e4   Code   RO          527    i.MX_GPIO_Init      gpio.o
    0x0800258c   0x0800258c   0x000000e0   Code   RO          556    i.MX_TIM1_Init      tim.o
    0x0800266c   0x0800266c   0x0000006c   Code   RO          557    i.MX_TIM3_Init      tim.o
    0x080026d8   0x080026d8   0x00000070   Code   RO          558    i.MX_TIM5_Init      tim.o
    0x08002748   0x08002748   0x000000cc   Code   RO          559    i.MX_TIM8_Init      tim.o
    0x08002814   0x08002814   0x00000038   Code   RO          631    i.MX_UART5_Init     usart.o
    0x0800284c   0x0800284c   0x00000038   Code   RO          632    i.MX_USART1_UART_Init  usart.o
    0x08002884   0x08002884   0x00000038   Code   RO          633    i.MX_USART2_UART_Init  usart.o
    0x080028bc   0x080028bc   0x00000002   Code   RO          692    i.MemManage_Handler  stm32f4xx_it.o
    0x080028be   0x080028be   0x00000002   Code   RO          693    i.NMI_Handler       stm32f4xx_it.o
    0x080028c0   0x080028c0   0x0000002c   Code   RO          217    i.OLED_Clear        oled.o
    0x080028ec   0x080028ec   0x0000000e   Code   RO          218    i.OLED_Display      oled.o
    0x080028fa   0x080028fa   0x0000001e   Code   RO          220    i.OLED_Display_On   oled.o
    0x08002918   0x08002918   0x0000003c   Code   RO          221    i.OLED_DrawPoint    oled.o
    0x08002954   0x08002954   0x000000f0   Code   RO          222    i.OLED_Init         oled.o
    0x08002a44   0x08002a44   0x0000004c   Code   RO          223    i.OLED_Refresh_Gram  oled.o
    0x08002a90   0x08002a90   0x00000090   Code   RO          224    i.OLED_ShowChar     oled.o
    0x08002b20   0x08002b20   0x00000044   Code   RO          225    i.OLED_ShowFloat    oled.o
    0x08002b64   0x08002b64   0x0000003e   Code   RO          227    i.OLED_ShowString   oled.o
    0x08002ba2   0x08002ba2   0x00000002   PAD
    0x08002ba4   0x08002ba4   0x0000006c   Code   RO          228    i.OLED_WR_Byte      oled.o
    0x08002c10   0x08002c10   0x00000002   Code   RO          694    i.PendSV_Handler    stm32f4xx_it.o
    0x08002c12   0x08002c12   0x00000002   PAD
    0x08002c14   0x08002c14   0x0000000c   Code   RO           13    i.SG90_Init         sg90.o
    0x08002c20   0x08002c20   0x00000034   Code   RO           14    i.SG90_SetAngle     sg90.o
    0x08002c54   0x08002c54   0x00000002   Code   RO          695    i.SVC_Handler       stm32f4xx_it.o
    0x08002c56   0x08002c56   0x00000002   PAD
    0x08002c58   0x08002c58   0x0000002c   Code   RO          374    i.Servo_Control     main.o
    0x08002c84   0x08002c84   0x0000000c   Code   RO          375    i.Speed_Control     main.o
    0x08002c90   0x08002c90   0x00000004   Code   RO          696    i.SysTick_Handler   stm32f4xx_it.o
    0x08002c94   0x08002c94   0x00000094   Code   RO          376    i.SystemClock_Config  main.o
    0x08002d28   0x08002d28   0x00000010   Code   RO         3469    i.SystemInit        system_stm32f4xx.o
    0x08002d38   0x08002d38   0x0000000c   Code   RO          697    i.TIM3_IRQHandler   stm32f4xx_it.o
    0x08002d44   0x08002d44   0x0000000c   Code   RO          698    i.TIM5_IRQHandler   stm32f4xx_it.o
    0x08002d50   0x08002d50   0x000000d8   Code   RO         1089    i.TIM_Base_SetConfig  stm32f4xx_hal_tim.o
    0x08002e28   0x08002e28   0x0000001a   Code   RO         1090    i.TIM_CCxChannelCmd  stm32f4xx_hal_tim.o
    0x08002e42   0x08002e42   0x0000001a   Code   RO         1739    i.TIM_CCxNChannelCmd  stm32f4xx_hal_tim_ex.o
    0x08002e5c   0x08002e5c   0x00000014   Code   RO         1100    i.TIM_ETR_SetConfig  stm32f4xx_hal_tim.o
    0x08002e70   0x08002e70   0x00000010   Code   RO         1101    i.TIM_ITRx_SetConfig  stm32f4xx_hal_tim.o
    0x08002e80   0x08002e80   0x00000060   Code   RO         1102    i.TIM_OC1_SetConfig  stm32f4xx_hal_tim.o
    0x08002ee0   0x08002ee0   0x0000006c   Code   RO         1103    i.TIM_OC2_SetConfig  stm32f4xx_hal_tim.o
    0x08002f4c   0x08002f4c   0x00000068   Code   RO         1104    i.TIM_OC3_SetConfig  stm32f4xx_hal_tim.o
    0x08002fb4   0x08002fb4   0x00000050   Code   RO         1105    i.TIM_OC4_SetConfig  stm32f4xx_hal_tim.o
    0x08003004   0x08003004   0x00000022   Code   RO         1107    i.TIM_TI1_ConfigInputStage  stm32f4xx_hal_tim.o
    0x08003026   0x08003026   0x00000024   Code   RO         1109    i.TIM_TI2_ConfigInputStage  stm32f4xx_hal_tim.o
    0x0800304a   0x0800304a   0x00000002   PAD
    0x0800304c   0x0800304c   0x0000000c   Code   RO          699    i.UART5_IRQHandler  stm32f4xx_it.o
    0x08003058   0x08003058   0x00000010   Code   RO         3148    i.UART_DMAAbortOnError  stm32f4xx_hal_uart.o
    0x08003068   0x08003068   0x0000004e   Code   RO         3158    i.UART_EndRxTransfer  stm32f4xx_hal_uart.o
    0x080030b6   0x080030b6   0x000000c2   Code   RO         3160    i.UART_Receive_IT   stm32f4xx_hal_uart.o
    0x08003178   0x08003178   0x0000010c   Code   RO         3161    i.UART_SetConfig    stm32f4xx_hal_uart.o
    0x08003284   0x08003284   0x00000036   Code   RO         3163    i.UART_Start_Receive_IT  stm32f4xx_hal_uart.o
    0x080032ba   0x080032ba   0x00000072   Code   RO         3164    i.UART_WaitOnFlagUntilTimeout  stm32f4xx_hal_uart.o
    0x0800332c   0x0800332c   0x0000000c   Code   RO          700    i.USART1_IRQHandler  stm32f4xx_it.o
    0x08003338   0x08003338   0x0000000c   Code   RO          701    i.USART2_IRQHandler  stm32f4xx_it.o
    0x08003344   0x08003344   0x00000002   Code   RO          702    i.UsageFault_Handler  stm32f4xx_it.o
    0x08003346   0x08003346   0x00000002   PAD
    0x08003348   0x08003348   0x00000020   Code   RO         3833    i.__0printf         mc_w.l(printfa.o)
    0x08003368   0x08003368   0x00000028   Code   RO         3835    i.__0sprintf        mc_w.l(printfa.o)
    0x08003390   0x08003390   0x00000030   Code   RO         3922    i.__ARM_fpclassify  m_wm.l(fpclassify.o)
    0x080033c0   0x080033c0   0x00000026   Code   RO         3924    i.__ARM_fpclassifyf  m_wm.l(fpclassifyf.o)
    0x080033e6   0x080033e6   0x00000020   Code   RO         2725    i.__NVIC_SetPriority  stm32f4xx_hal_cortex.o
    0x08003406   0x08003406   0x00000002   PAD
    0x08003408   0x08003408   0x00000358   Code   RO         3503    i.__hardfp_acos     m_wm.l(acos.o)
    0x08003760   0x08003760   0x00000250   Code   RO         3517    i.__hardfp_atan2f   m_wm.l(atan2f.o)
    0x080039b0   0x080039b0   0x000000c8   Code   RO         3529    i.__hardfp_cos      m_wm.l(cos.o)
    0x08003a78   0x08003a78   0x00000014   Code   RO         3541    i.__hardfp_fabs     m_wm.l(fabs.o)
    0x08003a8c   0x08003a8c   0x00000004   PAD
    0x08003a90   0x08003a90   0x00000c50   Code   RO         3547    i.__hardfp_pow      m_wm.l(pow.o)
    0x080046e0   0x080046e0   0x0000007a   Code   RO         3561    i.__hardfp_sqrt     m_wm.l(sqrt.o)
    0x0800475a   0x0800475a   0x0000003a   Code   RO         3573    i.__hardfp_sqrtf    m_wm.l(sqrtf.o)
    0x08004794   0x08004794   0x00000004   PAD
    0x08004798   0x08004798   0x00000438   Code   RO         3943    i.__ieee754_rem_pio2  m_wm.l(rred.o)
    0x08004bd0   0x08004bd0   0x00000170   Code   RO         3905    i.__kernel_cos      m_wm.l(cos_i.o)
    0x08004d40   0x08004d40   0x000000f8   Code   RO         3940    i.__kernel_poly     m_wm.l(poly.o)
    0x08004e38   0x08004e38   0x00000130   Code   RO         3948    i.__kernel_sin      m_wm.l(sin_i.o)
    0x08004f68   0x08004f68   0x00000030   Code   RO         3908    i.__mathlib_dbl_divzero  m_wm.l(dunder.o)
    0x08004f98   0x08004f98   0x00000014   Code   RO         3909    i.__mathlib_dbl_infnan  m_wm.l(dunder.o)
    0x08004fac   0x08004fac   0x00000014   Code   RO         3910    i.__mathlib_dbl_infnan2  m_wm.l(dunder.o)
    0x08004fc0   0x08004fc0   0x00000020   Code   RO         3911    i.__mathlib_dbl_invalid  m_wm.l(dunder.o)
    0x08004fe0   0x08004fe0   0x00000020   Code   RO         3912    i.__mathlib_dbl_overflow  m_wm.l(dunder.o)
    0x08005000   0x08005000   0x00000020   Code   RO         3914    i.__mathlib_dbl_underflow  m_wm.l(dunder.o)
    0x08005020   0x08005020   0x00000006   Code   RO         3928    i.__mathlib_flt_infnan2  m_wm.l(funder.o)
    0x08005026   0x08005026   0x00000002   PAD
    0x08005028   0x08005028   0x00000010   Code   RO         3932    i.__mathlib_flt_underflow  m_wm.l(funder.o)
    0x08005038   0x08005038   0x0000000e   Code   RO         4007    i.__scatterload_copy  mc_w.l(handlers.o)
    0x08005046   0x08005046   0x00000002   Code   RO         4008    i.__scatterload_null  mc_w.l(handlers.o)
    0x08005048   0x08005048   0x0000000e   Code   RO         4009    i.__scatterload_zeroinit  mc_w.l(handlers.o)
    0x08005056   0x08005056   0x00000002   PAD
    0x08005058   0x08005058   0x0000000c   Code   RO         3981    i.__set_errno       mc_w.l(errno.o)
    0x08005064   0x08005064   0x00000184   Code   RO         3840    i._fp_digits        mc_w.l(printfa.o)
    0x080051e8   0x080051e8   0x000006dc   Code   RO         3841    i._printf_core      mc_w.l(printfa.o)
    0x080058c4   0x080058c4   0x00000024   Code   RO         3842    i._printf_post_padding  mc_w.l(printfa.o)
    0x080058e8   0x080058e8   0x0000002e   Code   RO         3843    i._printf_pre_padding  mc_w.l(printfa.o)
    0x08005916   0x08005916   0x0000000a   Code   RO         3845    i._sputc            mc_w.l(printfa.o)
    0x08005920   0x08005920   0x00000030   Code   RO          378    i.avg_dis           main.o
    0x08005950   0x08005950   0x00000064   Code   RO          379    i.avoid_obstacle    main.o
    0x080059b4   0x080059b4   0x00000118   Code   RO          380    i.calculateAngleCurvature  main.o
    0x08005acc   0x08005acc   0x000001cc   Code   RO          381    i.calculateBasicCurvature  main.o
    0x08005c98   0x08005c98   0x00000098   Code   RO          382    i.calculateOptimalCurvature  main.o
    0x08005d30   0x08005d30   0x00000018   Code   RO         3543    i.fabs              m_wm.l(fabs.o)
    0x08005d48   0x08005d48   0x00000018   Code   RO          634    i.fputc             usart.o
    0x08005d60   0x08005d60   0x00000134   Code   RO          387    i.main              main.o
    0x08005e94   0x08005e94   0x00000044   Code   RO          388    i.movingAverage     main.o
    0x08005ed8   0x08005ed8   0x0000010c   Code   RO          389    i.qvlvpanduan       main.o
    0x08005fe4   0x08005fe4   0x00000394   Code   RO          390    i.run               main.o
    0x08006378   0x08006378   0x0000006e   Code   RO         3563    i.sqrt              m_wm.l(sqrt.o)
    0x080063e6   0x080063e6   0x00000102   Data   RO          159    .constdata          ms200.o
    0x080064e8   0x080064e8   0x00000a64   Data   RO          231    .constdata          oled.o
    0x08006f4c   0x08006f4c   0x00000010   Data   RO         3470    .constdata          system_stm32f4xx.o
    0x08006f5c   0x08006f5c   0x00000008   Data   RO         3471    .constdata          system_stm32f4xx.o
    0x08006f64   0x08006f64   0x00000004   PAD
    0x08006f68   0x08006f68   0x00000050   Data   RO         3506    .constdata          m_wm.l(acos.o)
    0x08006fb8   0x08006fb8   0x00000088   Data   RO         3550    .constdata          m_wm.l(pow.o)
    0x08007040   0x08007040   0x00000030   Data   RO         3906    .constdata          m_wm.l(cos_i.o)
    0x08007070   0x08007070   0x00000008   Data   RO         3942    .constdata          m_wm.l(qnan.o)
    0x08007078   0x08007078   0x000000c8   Data   RO         3945    .constdata          m_wm.l(rred.o)
    0x08007140   0x08007140   0x00000028   Data   RO         3949    .constdata          m_wm.l(sin_i.o)
    0x08007168   0x08007168   0x00000020   Data   RO         4005    Region$$Table       anon$$obj.o


    Execution Region RW_IRAM1 (Exec base: 0x20000000, Load base: 0x08007188, Size: 0x00002498, Max: 0x0001c000, ABSOLUTE)

    Exec Addr    Load Addr    Size         Type   Attr      Idx    E Section Name        Object

    0x20000000   0x08007188   0x00000008   Data   RW          160    .data               ms200.o
    0x20000008   0x08007190   0x000000f8   Data   RW          392    .data               main.o
    0x20000100   0x08007288   0x0000000c   Data   RW         2874    .data               stm32f4xx_hal.o
    0x2000010c   0x08007294   0x00000004   Data   RW         3472    .data               system_stm32f4xx.o
    0x20000110   0x08007298   0x00000004   Data   RW         3968    .data               mc_w.l(stdout.o)
    0x20000114   0x0800729c   0x00000004   Data   RW         3982    .data               mc_w.l(errno.o)
    0x20000118        -       0x00000ba0   Zero   RW          158    .bss                ms200.o
    0x20000cb8        -       0x00000400   Zero   RW          230    .bss                oled.o
    0x200010b8        -       0x00000014   Zero   RW          328    .bss                motor.o
    0x200010cc   0x080072a0   0x00000004   PAD
    0x200010d0        -       0x00000dcc   Zero   RW          391    .bss                main.o
    0x20001e9c        -       0x00000120   Zero   RW          560    .bss                tim.o
    0x20001fbc        -       0x000000d8   Zero   RW          635    .bss                usart.o
    0x20002094   0x080072a0   0x00000004   PAD
    0x20002098        -       0x00000400   Zero   RW            1    STACK               startup_stm32f407xx.o


    Execution Region RW_IRAM2 (Exec base: 0x2001c000, Load base: 0x080072a0, Size: 0x00000000, Max: 0x00004000, ABSOLUTE)

    **** No section assigned to this execution region ****


==============================================================================

Image component sizes


      Code (inc. data)   RO Data    RW Data    ZI Data      Debug   Object Name

       228         16          0          0          0       1031   gpio.o
      2828        240          0        248       3532      15369   main.o
       344         60          0          0         20       2867   motor.o
       496         50        258          8       2976       4266   ms200.o
       846         54       2660          0       1024       7206   oled.o
        64         10          0          0          0     691408   sg90.o
        36          8        392          0       1024        816   startup_stm32f407xx.o
       144         24          0         12          0       8669   stm32f4xx_hal.o
       198         14          0          0          0      33743   stm32f4xx_hal_cortex.o
       182          0          0          0          0       2063   stm32f4xx_hal_dma.o
       506         46          0          0          0       2152   stm32f4xx_hal_gpio.o
        48          6          0          0          0        830   stm32f4xx_hal_msp.o
      1344         72          0          0          0       5156   stm32f4xx_hal_rcc.o
      2288        138          0          0          0      18701   stm32f4xx_hal_tim.o
       450         56          0          0          0       4680   stm32f4xx_hal_tim_ex.o
      1642         16          0          0          0      11252   stm32f4xx_hal_uart.o
        80         30          0          0          0       6309   stm32f4xx_it.o
        16          4         24          4          0       1091   system_stm32f4xx.o
      1112         94          0          0        288       5521   tim.o
       524         56          0          0        216       3702   usart.o

    ----------------------------------------------------------------------
     13398        994       3370        272       9088     826832   Object Totals
         0          0         32          0          0          0   (incl. Generated)
        22          0          4          0          8          0   (incl. Padding)

    ----------------------------------------------------------------------

      Code (inc. data)   RO Data    RW Data    ZI Data      Debug   Library Member Name

       856        118         80          0          0        288   acos.o
       592         90          0          0          0        184   atan2f.o
       200         20          0          0          0        164   cos.o
       368         46         48          0          0        200   cos_i.o
       184         44          0          0          0        744   dunder.o
        44          0          0          0          0        248   fabs.o
        48          0          0          0          0        124   fpclassify.o
        38          0          0          0          0        116   fpclassifyf.o
        22          6          0          0          0        232   funder.o
       248          0          0          0          0        152   poly.o
      3152        296        136          0          0        352   pow.o
         0          0          8          0          0          0   qnan.o
      1080        142        200          0          0        188   rred.o
       304         24         40          0          0        208   sin_i.o
       232          0          0          0          0        296   sqrt.o
        58          0          0          0          0        136   sqrtf.o
         0          0          0          0          0          0   entry.o
         0          0          0          0          0          0   entry10a.o
         0          0          0          0          0          0   entry11a.o
         8          4          0          0          0          0   entry2.o
         4          0          0          0          0          0   entry5.o
         0          0          0          0          0          0   entry7b.o
         0          0          0          0          0          0   entry8b.o
         8          4          0          0          0          0   entry9a.o
        12          6          0          4          0         68   errno.o
        30          0          0          0          0          0   handlers.o
        36          8          0          0          0         68   init.o
         0          0          0          0          0          0   iusefp.o
        30          0          0          0          0         68   llshl.o
        36          0          0          0          0         68   llsshr.o
        32          0          0          0          0         68   llushr.o
        26          0          0          0          0         80   memcmp.o
        36          0          0          0          0         68   memcpya.o
        36          0          0          0          0        108   memseta.o
      2308         96          0          0          0        604   printfa.o
         0          0          0          4          0          0   stdout.o
        44          0          0          0          0         80   uidiv.o
        98          0          0          0          0         92   uldiv.o
        48          0          0          0          0         68   cdrcmple.o
        56          0          0          0          0         88   d2f.o
       334          0          0          0          0        148   dadd.o
       222          0          0          0          0        100   ddiv.o
       186          0          0          0          0        176   depilogue.o
        62          0          0          0          0         80   dfixi.o
        48          0          0          0          0         68   dfixul.o
        34          0          0          0          0         76   dflti.o
        26          0          0          0          0         76   dfltui.o
       228          0          0          0          0         96   dmul.o
        46          0          0          0          0         80   dscalb.o
       162          0          0          0          0        100   dsqrt.o
        38          0          0          0          0         68   f2d.o
       110          0          0          0          0        168   fepilogue.o

    ----------------------------------------------------------------------
     11784        904        512          8          0       6396   Library Totals
        14          0          0          0          0          0   (incl. Padding)

    ----------------------------------------------------------------------

      Code (inc. data)   RO Data    RW Data    ZI Data      Debug   Library Name

      7426        786        512          0          0       3632   m_wm.l
      2744        118          0          8          0       1372   mc_w.l
      1600          0          0          0          0       1392   mf_w.l

    ----------------------------------------------------------------------
     11784        904        512          8          0       6396   Library Totals

    ----------------------------------------------------------------------

==============================================================================


      Code (inc. data)   RO Data    RW Data    ZI Data      Debug   

     25182       1898       3882        280       9088     818276   Grand Totals
     25182       1898       3882        280       9088     818276   ELF Image Totals
     25182       1898       3882        280          0          0   ROM Totals

==============================================================================

    Total RO  Size (Code + RO Data)                29064 (  28.38kB)
    Total RW  Size (RW Data + ZI Data)              9368 (   9.15kB)
    Total ROM Size (Code + RO Data + RW Data)      29344 (  28.66kB)

==============================================================================

