<html>
<body>
<pre>
<h1>�Vision Build Log</h1>
<h2>Tool Versions:</h2>
IDE-Version: �Vision V5.36.0.0
Copyright (C) 2021 ARM Ltd and ARM Germany GmbH. All rights reserved.
License Information: o o, o, LIC=03C6R-KWBLP-MMI9I-T7WV2-9RM77-J4XRB
 
Tool Versions:
Toolchain:       MDK-ARM Plus  Version: 5.36.0.0
Toolchain Path:  C:\Keil_v5\ARM\ARMCC\Bin
C Compiler:      Armcc.exe V5.06 update 7 (build 960)
Assembler:       Armasm.exe V5.06 update 7 (build 960)
Linker/Locator:  ArmLink.exe V5.06 update 7 (build 960)
Library Manager: ArmAr.exe V5.06 update 7 (build 960)
Hex Converter:   FromElf.exe V5.06 update 7 (build 960)
CPU DLL:         SARMCM3.DLL V5.36.0.0
Dialog DLL:      DCM.DLL V1.17.3.0
Target DLL:      STLink\ST-LINKIII-KEIL_SWO.dll V3.0.9.0
Dialog DLL:      TCM.DLL V1.53.0.0
 
<h2>Project:</h2>
Z:\home\osilvfe\Documents\car_demo\cube\MDK-ARM\smartcat-stm32f4.uvprojx
Project File Date:  10/02/2025

<h2>Output:</h2>
*** Using Compiler 'V5.06 update 7 (build 960)', folder: 'C:\Keil_v5\ARM\ARMCC\Bin'
Rebuild target 'smartcat-stm32f4'
assembling startup_stm32f407xx.s...
compiling pid.c...
compiling tern.c...
System\tern.c(42): warning:  #1035-D: single-precision operand implicitly converted to double-precision
  	float radian_angle = ((180 - side_angle * 2) * PI) / 180.0;
System\tern.c(50): warning:  #1035-D: single-precision operand implicitly converted to double-precision
  		cos_goal_angle = (right_side * right_side + _side * _side - left_side * left_side) * 1.0/ (2 * right_side * _side);
System\tern.c: 2 warnings, 0 errors
compiling spcp.c...
..\..\Core\Src\spcp.c(326): warning:  #188-D: enumerated type mixed with another type
      (*param)->type = response_buffer[response_offset++];
..\..\Core\Src\spcp.c: 1 warning, 0 errors
compiling stm32f4xx_hal_rcc_ex.c...
compiling stm32f4xx_hal_tim_ex.c...
compiling stm32f4xx_hal_rcc.c...
compiling stm32f4xx_hal_flash_ramfunc.c...
compiling stm32f4xx_hal_dma_ex.c...
compiling stm32f4xx_hal_dma.c...
compiling stm32f4xx_hal_flash.c...
compiling stm32f4xx_hal_tim.c...
compiling linearRegression.c...
compiling stm32f4xx_hal_msp.c...
compiling usart.c...
compiling stm32f4xx_hal_flash_ex.c...
compiling stm32f4xx_hal_pwr_ex.c...
compiling stm32f4xx_it.c...
compiling stm32f4xx_hal_gpio.c...
compiling tim.c...
compiling oled.c...
..\..\Core\Src\oled.c(143): warning:  #223-D: function "sprintf" declared implicitly
  	sprintf((char*)buffer,"%.2f",num);
..\..\Core\Src\oled.c(144): warning:  #223-D: function "printf" declared implicitly
  	printf("%.2f\n",buffer);
..\..\Core\Src\oled.c: 2 warnings, 0 errors
compiling ms200.c...
..\..\Core\Src\ms200.c(89): warning:  #1035-D: single-precision operand implicitly converted to double-precision
  						if(current_angle > 36000.0) current_angle -= 36000.0;
..\..\Core\Src\ms200.c(89): warning:  #1035-D: single-precision operand implicitly converted to double-precision
  						if(current_angle > 36000.0) current_angle -= 36000.0;
..\..\Core\Src\ms200.c(98): warning:  #1035-D: single-precision operand implicitly converted to double-precision
  						if(current_angle > 36000.0) current_angle -= 36000.0;
..\..\Core\Src\ms200.c(98): warning:  #1035-D: single-precision operand implicitly converted to double-precision
  						if(current_angle > 36000.0) current_angle -= 36000.0;
..\..\Core\Src\ms200.c: 4 warnings, 0 errors
compiling gpio.c...
compiling stm32f4xx_hal_pwr.c...
compiling motor.c...
..\..\Core\Src\motor.c(20): warning:  #1035-D: single-precision operand implicitly converted to double-precision
          motor1.speed = -(float)(motor1.totalCount - motor1.lastCount) / (4 * MOTOR_SPEED_RERATIO * PULSE_PRE_ROUND) * 10 * LINE_SPEED_C;//算得车轮线速度每秒多少毫米
..\..\Core\Src\motor.c: 1 warning, 0 errors
compiling sg90.c...
compiling main.c...
compiling stm32f4xx_hal.c...
compiling stm32f4xx_hal_exti.c...
compiling stm32f4xx_hal_cortex.c...
compiling system_stm32f4xx.c...
compiling stm32f4xx_hal_uart.c...
linking...
Program Size: Code=23174 RO-data=3882 RW-data=48 ZI-data=8432  
FromELF: creating hex file...
"smartcat-stm32f4\smartcat-stm32f4.axf" - 0 Error(s), 10 Warning(s).

<h2>Software Packages used:</h2>

Package Vendor: ARM
                http://www.keil.com/pack/ARM.CMSIS.5.8.0.pack
                ARM.CMSIS.5.8.0
                CMSIS (Common Microcontroller Software Interface Standard)
   * Component: CORE Version: 5.5.0

Package Vendor: Keil
                https://www.keil.com/pack/Keil.STM32F4xx_DFP.3.1.1.pack
                Keil.STM32F4xx_DFP.3.1.1
                STMicroelectronics STM32F4 Series Device Support

<h2>Collection of Component include folders:</h2>
  .\RTE\_smartcat-stm32f4
  C:\users\osilvfe\AppData\Local\Arm\Packs\ARM\CMSIS\5.8.0\CMSIS\Core\Include

<h2>Collection of Component Files used:</h2>

   * Component: ARM::CMSIS:CORE:5.5.0
      Include file:  CMSIS\Core\Include\tz_context.h
Build Time Elapsed:  00:00:07
</pre>
</body>
</html>
